******************************************************************************
                  TI ARM Linker PC v18.12.3                    
******************************************************************************
>> Linked Thu May 26 14:39:26 2022

OUTPUT FILE NAME:   <L02_Polling_switch1.out>
ENTRY POINT SYMBOL: "_c_int00_noinit_noargs"  address: 000005e1


MEMORY CONFIGURATION

         name            origin    length      used     unused   attr    fill
----------------------  --------  ---------  --------  --------  ----  --------
  FLASH                 00000000   00040000  00000763  0003f89d  R  X
  SRAM                  20000000   00008000  00000200  00007e00  RW X


SEGMENT ALLOCATION MAP

run origin  load origin   length   init length attrs members
----------  ----------- ---------- ----------- ----- -------
00000000    00000000    00000763   00000763    r-x
  00000000    00000000    0000026c   0000026c    r-- .intvecs
  0000026c    0000026c    000003f6   000003f6    r-x .text
  00000662    00000662    00000101   00000101    r-- .const
20000000    20000000    00000200   00000000    rw-
  20000000    20000000    00000200   00000000    rw- .stack


SECTION ALLOCATION MAP

 output                                  attributes/
section   page    origin      length       input sections
--------  ----  ----------  ----------   ----------------
.intvecs   0    00000000    0000026c     
                  00000000    0000026c     tm4c123gh6pm_startup_ccs.obj (.intvecs)

.text      0    0000026c    000003f6     
                  0000026c    0000016c     driverlib.lib : gpio.obj (.text:GPIOPadConfigSet)
                  000003d8    000000f4                   : sysctl.obj (.text:SysCtlClockSet)
                  000004cc    00000068     main.obj (.text)
                  00000534    0000004c     rtsv7M4_T_le_v4SPD16_eabi.lib : atoi.c.obj (.text:atoi)
                  00000580    00000034     driverlib.lib : sysctl.obj (.text:SysCtlPeripheralEnable)
                  000005b4    0000002c                   : gpio.obj (.text:GPIODirModeSet)
                  000005e0    0000002c     rtsv7M4_T_le_v4SPD16_eabi.lib : boot_cortex_m.c.obj (.text:_c_int00_noinit_noargs:_c_int00_noinit_noargs)
                  0000060c    0000001a     driverlib.lib : gpio.obj (.text:GPIOPinTypeGPIOOutput)
                  00000626    00000016                   : gpio.obj (.text:GPIOPinTypeGPIOInput)
                  0000063c    0000000c     tm4c123gh6pm_startup_ccs.obj (.text)
                  00000648    00000006     driverlib.lib : gpio.obj (.text:GPIOPinRead)
                  0000064e    00000006                   : gpio.obj (.text:GPIOPinWrite)
                  00000654    00000006                   : sysctl.obj (.text:SysCtlDelay)
                  0000065a    00000004     rtsv7M4_T_le_v4SPD16_eabi.lib : pre_init.c.obj (.text:_system_pre_init)
                  0000065e    00000004                                   : exit.c.obj (.text:abort:abort)

.const     0    00000662    00000101     
                  00000662    00000101     rtsv7M4_T_le_v4SPD16_eabi.lib : ctype.c.obj (.const:.string:_ctypes_)

.cinit     0    00000000    00000000     UNINITIALIZED

.init_array 
*          0    00000000    00000000     UNINITIALIZED

.stack     0    20000000    00000200     UNINITIALIZED
                  20000000    00000004     rtsv7M4_T_le_v4SPD16_eabi.lib : boot_cortex_m.c.obj (.stack)
                  20000004    000001fc     --HOLE--

MODULE SUMMARY

       Module                         code   ro data   rw data
       ------                         ----   -------   -------
    .\
       tm4c123gh6pm_startup_ccs.obj   12     620       0      
       main.obj                       104    0         0      
    +--+------------------------------+------+---------+---------+
       Total:                         116    620       0      
                                                              
    ../driverlib.lib
       gpio.obj                       468    0         0      
       sysctl.obj                     302    0         0      
    +--+------------------------------+------+---------+---------+
       Total:                         770    0         0      
                                                              
    C:\ti\ccs920\ccs\tools\compiler\ti-cgt-arm_18.12.3.LTS\lib\rtsv7M4_T_le_v4SPD16_eabi.lib
       ctype.c.obj                    0      257       0      
       atoi.c.obj                     76     0         0      
       boot_cortex_m.c.obj            44     0         0      
       exit.c.obj                     4      0         0      
       pre_init.c.obj                 4      0         0      
    +--+------------------------------+------+---------+---------+
       Total:                         128    257       0      
                                                              
       Stack:                         0      0         512    
    +--+------------------------------+------+---------+---------+
       Grand Total:                   1014   877       512    


GLOBAL SYMBOLS: SORTED ALPHABETICALLY BY Name 

address   name                  
-------   ----                  
0000065f  C$$EXIT               
000005b5  GPIODirModeSet        
0000026d  GPIOPadConfigSet      
00000649  GPIOPinRead           
00000627  GPIOPinTypeGPIOInput  
0000060d  GPIOPinTypeGPIOOutput 
0000064f  GPIOPinWrite          
0000063d  ResetISR              
000003d9  SysCtlClockSet        
00000655  SysCtlDelay           
00000581  SysCtlPeripheralEnable
20000200  __STACK_END           
00000200  __STACK_SIZE          
20000200  __STACK_TOP           
ffffffff  __TI_pprof_out_hndl   
ffffffff  __TI_prof_data_size   
ffffffff  __TI_prof_data_start  
00000000  __TI_static_base__    
ffffffff  __binit__             
ffffffff  __c_args__            
UNDEFED   __mpu_init            
20000000  __stack               
000005e1  _c_int00_noinit_noargs
00000662  _ctypes_              
0000065b  _system_pre_init      
0000065f  abort                 
00000535  atoi                  
ffffffff  binit                 
00000000  g_pfnVectors          
000004cd  main                  


GLOBAL SYMBOLS: SORTED BY Symbol Address 

address   name                  
-------   ----                  
00000000  __TI_static_base__    
00000000  g_pfnVectors          
00000200  __STACK_SIZE          
0000026d  GPIOPadConfigSet      
000003d9  SysCtlClockSet        
000004cd  main                  
00000535  atoi                  
00000581  SysCtlPeripheralEnable
000005b5  GPIODirModeSet        
000005e1  _c_int00_noinit_noargs
0000060d  GPIOPinTypeGPIOOutput 
00000627  GPIOPinTypeGPIOInput  
0000063d  ResetISR              
00000649  GPIOPinRead           
0000064f  GPIOPinWrite          
00000655  SysCtlDelay           
0000065b  _system_pre_init      
0000065f  C$$EXIT               
0000065f  abort                 
00000662  _ctypes_              
20000000  __stack               
20000200  __STACK_END           
20000200  __STACK_TOP           
ffffffff  __TI_pprof_out_hndl   
ffffffff  __TI_prof_data_size   
ffffffff  __TI_prof_data_start  
ffffffff  __binit__             
ffffffff  __c_args__            
ffffffff  binit                 
UNDEFED   __mpu_init            

[30 symbols]
