******************************************************************************
                  TI ARM Linker PC v18.12.3                    
******************************************************************************
>> Linked Tue Oct 12 12:40:24 2021

OUTPUT FILE NAME:   <L06_Timer_Interrupt_without_setting_in_startupcc_c_file.out>
ENTRY POINT SYMBOL: "_c_int00_noargs"  address: 00000955


MEMORY CONFIGURATION

         name            origin    length      used     unused   attr    fill
----------------------  --------  ---------  --------  --------  ----  --------
  FLASH                 00000000   00040000  00000bb2  0003f44e  R  X
  SRAM                  20000000   00008000  00000470  00007b90  RW X


SEGMENT ALLOCATION MAP

run origin  load origin   length   init length attrs members
----------  ----------- ---------- ----------- ----- -------
00000000    00000000    00000bb8   00000bb8    r-x
  00000000    00000000    0000026c   0000026c    r-- .intvecs
  0000026c    0000026c    000007f6   000007f6    r-x .text
  00000a64    00000a64    00000120   00000120    r-- .const
  00000b88    00000b88    00000030   00000030    r-- .cinit
20000000    20000000    00000470   00000000    rw-
  20000000    20000000    0000026c   00000000    rw- .vtable
  2000026c    2000026c    00000004   00000000    rw- .data
  20000270    20000270    00000200   00000000    rw- .stack


SECTION ALLOCATION MAP

 output                                  attributes/
section   page    origin      length       input sections
--------  ----  ----------  ----------   ----------------
.intvecs   0    00000000    0000026c     
                  00000000    0000026c     tm4c123gh6pm_startup_ccs.obj (.intvecs)

.text      0    0000026c    000007f6     
                  0000026c    0000016c     driverlib.lib : gpio.obj (.text:GPIOPadConfigSet)
                  000003d8    00000118                   : sysctl.obj (.text:SysCtlClockGet)
                  000004f0    000000f4                   : sysctl.obj (.text:SysCtlClockSet)
                  000005e4    000000ac     main.obj (.text)
                  00000690    0000009c     rtsv7M4_T_le_v4SPD16_eabi.lib : memcpy_t2.asm.obj (.text)
                  0000072c    00000068     driverlib.lib : interrupt.obj (.text:IntEnable)
                  00000794    00000068     rtsv7M4_T_le_v4SPD16_eabi.lib : copy_decompress_lzss.c.obj (.text:decompress:lzss:__TI_decompress_lzss)
                  000007fc    00000060     driverlib.lib : timer.obj (.text:TimerConfigure)
                  0000085c    0000004c                   : timer.obj (.text:_TimerIntNumberGet)
                  000008a8    00000044     rtsv7M4_T_le_v4SPD16_eabi.lib : autoinit.c.obj (.text:__TI_auto_init_nobinit_nopinit:__TI_auto_init_nobinit_nopinit)
                  000008ec    00000034     driverlib.lib : interrupt.obj (.text:IntRegister)
                  00000920    00000034                   : sysctl.obj (.text:SysCtlPeripheralEnable)
                  00000954    00000034     rtsv7M4_T_le_v4SPD16_eabi.lib : boot_cortex_m.c.obj (.text:_c_int00_noargs:_c_int00_noargs)
                  00000988    0000002c     driverlib.lib : gpio.obj (.text:GPIODirModeSet)
                  000009b4    0000001c     rtsv7M4_T_le_v4SPD16_eabi.lib : copy_zero_init.c.obj (.text:decompress:ZI:__TI_zero_init_nomemset:__TI_zero_init_nomemset)
                  000009d0    0000001a     driverlib.lib : gpio.obj (.text:GPIOPinTypeGPIOOutput)
                  000009ea    00000018                   : timer.obj (.text:TimerIntRegister)
                  00000a02    00000012                   : timer.obj (.text:TimerLoadSet)
                  00000a14    0000000e                   : timer.obj (.text:TimerEnable)
                  00000a22    0000000e     rtsv7M4_T_le_v4SPD16_eabi.lib : copy_decompress_none.c.obj (.text:decompress:none:__TI_decompress_none)
                  00000a30    0000000c     tm4c123gh6pm_startup_ccs.obj (.text)
                  00000a3c    00000008     driverlib.lib : timer.obj (.text:TimerIntEnable)
                  00000a44    00000006                   : gpio.obj (.text:GPIOPinRead)
                  00000a4a    00000006                   : gpio.obj (.text:GPIOPinWrite)
                  00000a50    00000006                   : sysctl.obj (.text:SysCtlDelay)
                  00000a56    00000004                   : timer.obj (.text:TimerIntClear)
                  00000a5a    00000004     rtsv7M4_T_le_v4SPD16_eabi.lib : pre_init.c.obj (.text:_system_pre_init)
                  00000a5e    00000004                                   : exit.c.obj (.text:abort:abort)

.const     0    00000a64    00000120     
                  00000a64    0000006c     driverlib.lib : sysctl.obj (.const:g_pui32Xtals)
                  00000ad0    00000060                   : timer.obj (.const:g_ppui32TimerIntMap)
                  00000b30    00000040                   : timer.obj (.const:g_ppui32TimerIntMapSnowflake)
                  00000b70    00000014                   : interrupt.obj (.const:g_pui32EnRegs)

.cinit     0    00000b88    00000030     
                  00000b88    0000000c     (__TI_handler_table)
                  00000b94    00000004     --HOLE-- [fill = 0]
                  00000b98    00000008     (.cinit..vtable.load) [load image, compression = zero_init]
                  00000ba0    00000007     (.cinit..data.load) [load image, compression = lzss]
                  00000ba7    00000001     --HOLE-- [fill = 0]
                  00000ba8    00000010     (__TI_cinit_table)

.init_array 
*          0    00000000    00000000     UNINITIALIZED

.vtable    0    20000000    0000026c     UNINITIALIZED
                  20000000    0000026c     driverlib.lib : interrupt.obj (.vtable)

.data      0    2000026c    00000004     UNINITIALIZED
                  2000026c    00000004     main.obj (.data)

.stack     0    20000270    00000200     UNINITIALIZED
                  20000270    00000004     rtsv7M4_T_le_v4SPD16_eabi.lib : boot_cortex_m.c.obj (.stack)
                  20000274    000001fc     --HOLE--

MODULE SUMMARY

       Module                         code   ro data   rw data
       ------                         ----   -------   -------
    .\
       tm4c123gh6pm_startup_ccs.obj   12     620       0      
       main.obj                       172    0         4      
    +--+------------------------------+------+---------+---------+
       Total:                         184    620       4      
                                                              
    ../driverlib.lib
       interrupt.obj                  156    20        620    
       sysctl.obj                     582    108       0      
       gpio.obj                       446    0         0      
       timer.obj                      240    160       0      
    +--+------------------------------+------+---------+---------+
       Total:                         1424   288       620    
                                                              
    C:\ti\ccs920\ccs\tools\compiler\ti-cgt-arm_18.12.3.LTS\lib\rtsv7M4_T_le_v4SPD16_eabi.lib
       memcpy_t2.asm.obj              156    0         0      
       copy_decompress_lzss.c.obj     104    0         0      
       autoinit.c.obj                 68     0         0      
       boot_cortex_m.c.obj            52     0         0      
       copy_zero_init.c.obj           28     0         0      
       copy_decompress_none.c.obj     14     0         0      
       exit.c.obj                     4      0         0      
       pre_init.c.obj                 4      0         0      
    +--+------------------------------+------+---------+---------+
       Total:                         430    0         0      
                                                              
       Stack:                         0      0         512    
       Linker Generated:              0      43        0      
    +--+------------------------------+------+---------+---------+
       Grand Total:                   2038   951       1136   


LINKER GENERATED COPY TABLES

__TI_cinit_table @ 00000ba8 records: 2, size/record: 8, table size: 16
	.vtable: load addr=00000b98, load size=00000008 bytes, run addr=20000000, run size=0000026c bytes, compression=zero_init
	.data: load addr=00000ba0, load size=00000007 bytes, run addr=2000026c, run size=00000004 bytes, compression=lzss


LINKER GENERATED HANDLER TABLE

__TI_handler_table @ 00000b88 records: 3, size/record: 4, table size: 12
	index: 0, handler: __TI_zero_init
	index: 1, handler: __TI_decompress_lzss
	index: 2, handler: __TI_decompress_none


GLOBAL SYMBOLS: SORTED ALPHABETICALLY BY Name 

address   name                          
-------   ----                          
00000a5f  C$$EXIT                       
00000989  GPIODirModeSet                
0000026d  GPIOPadConfigSet              
00000a45  GPIOPinRead                   
000009d1  GPIOPinTypeGPIOOutput         
00000a4b  GPIOPinWrite                  
0000072d  IntEnable                     
000008ed  IntRegister                   
00000a31  ResetISR                      
000003d9  SysCtlClockGet                
000004f1  SysCtlClockSet                
00000a51  SysCtlDelay                   
00000921  SysCtlPeripheralEnable        
0000063d  Timer0IntHandler              
000007fd  TimerConfigure                
00000a15  TimerEnable                   
00000a57  TimerIntClear                 
00000a3d  TimerIntEnable                
000009eb  TimerIntRegister              
00000a03  TimerLoadSet                  
20000470  __STACK_END                   
00000200  __STACK_SIZE                  
20000470  __STACK_TOP                   
00000ba8  __TI_CINIT_Base               
00000bb8  __TI_CINIT_Limit              
00000b88  __TI_Handler_Table_Base       
00000b94  __TI_Handler_Table_Limit      
000008a9  __TI_auto_init_nobinit_nopinit
00000795  __TI_decompress_lzss          
00000a23  __TI_decompress_none          
ffffffff  __TI_pprof_out_hndl           
ffffffff  __TI_prof_data_size           
ffffffff  __TI_prof_data_start          
00000000  __TI_static_base__            
000009b5  __TI_zero_init_nomemset       
00000691  __aeabi_memcpy                
00000691  __aeabi_memcpy4               
00000691  __aeabi_memcpy8               
ffffffff  __binit__                     
ffffffff  __c_args__                    
UNDEFED   __mpu_init                    
20000270  __stack                       
00000955  _c_int00_noargs               
UNDEFED   _system_post_cinit            
00000a5b  _system_pre_init              
00000a5f  abort                         
ffffffff  binit                         
20000000  g_pfnRAMVectors               
00000000  g_pfnVectors                  
2000026c  i                             
000005e5  main                          
00000691  memcpy                        


GLOBAL SYMBOLS: SORTED BY Symbol Address 

address   name                          
-------   ----                          
00000000  __TI_static_base__            
00000000  g_pfnVectors                  
00000200  __STACK_SIZE                  
0000026d  GPIOPadConfigSet              
000003d9  SysCtlClockGet                
000004f1  SysCtlClockSet                
000005e5  main                          
0000063d  Timer0IntHandler              
00000691  __aeabi_memcpy                
00000691  __aeabi_memcpy4               
00000691  __aeabi_memcpy8               
00000691  memcpy                        
0000072d  IntEnable                     
00000795  __TI_decompress_lzss          
000007fd  TimerConfigure                
000008a9  __TI_auto_init_nobinit_nopinit
000008ed  IntRegister                   
00000921  SysCtlPeripheralEnable        
00000955  _c_int00_noargs               
00000989  GPIODirModeSet                
000009b5  __TI_zero_init_nomemset       
000009d1  GPIOPinTypeGPIOOutput         
000009eb  TimerIntRegister              
00000a03  TimerLoadSet                  
00000a15  TimerEnable                   
00000a23  __TI_decompress_none          
00000a31  ResetISR                      
00000a3d  TimerIntEnable                
00000a45  GPIOPinRead                   
00000a4b  GPIOPinWrite                  
00000a51  SysCtlDelay                   
00000a57  TimerIntClear                 
00000a5b  _system_pre_init              
00000a5f  C$$EXIT                       
00000a5f  abort                         
00000b88  __TI_Handler_Table_Base       
00000b94  __TI_Handler_Table_Limit      
00000ba8  __TI_CINIT_Base               
00000bb8  __TI_CINIT_Limit              
20000000  g_pfnRAMVectors               
2000026c  i                             
20000270  __stack                       
20000470  __STACK_END                   
20000470  __STACK_TOP                   
ffffffff  __TI_pprof_out_hndl           
ffffffff  __TI_prof_data_size           
ffffffff  __TI_prof_data_start          
ffffffff  __binit__                     
ffffffff  __c_args__                    
ffffffff  binit                         
UNDEFED   __mpu_init                    
UNDEFED   _system_post_cinit            

[52 symbols]
