******************************************************************************
                  TI ARM Linker PC v18.12.3                    
******************************************************************************
>> Linked Sun Jun 12 16:07:00 2022

OUTPUT FILE NAME:   <Z_Digital_clock.out>
ENTRY POINT SYMBOL: "_c_int00_noargs"  address: 000023a9


MEMORY CONFIGURATION

         name            origin    length      used     unused   attr    fill
----------------------  --------  ---------  --------  --------  ----  --------
  FLASH                 00000000   00040000  00002686  0003d97a  R  X
  SRAM                  20000000   00008000  000004e4  00007b1c  RW X


SEGMENT ALLOCATION MAP

run origin  load origin   length   init length attrs members
----------  ----------- ---------- ----------- ----- -------
00000000    00000000    00002690   00002690    r-x
  00000000    00000000    0000026c   0000026c    r-- .intvecs
  0000026c    0000026c    000022d6   000022d6    r-x .text
  00002548    00002548    000000f4   000000f4    r-- .const
  00002640    00002640    00000050   00000050    r-- .cinit
20000000    20000000    000004f0   00000000    rw-
  20000000    20000000    0000026c   00000000    rw- .vtable
  20000270    20000270    00000200   00000000    rw- .stack
  20000470    20000470    00000034   00000000    rw- .bss
  200004a8    200004a8    00000034   00000000    rw- .data
  200004e0    200004e0    00000010   00000000    rw- .sysmem


SECTION ALLOCATION MAP

 output                                  attributes/
section   page    origin      length       input sections
--------  ----  ----------  ----------   ----------------
.intvecs   0    00000000    0000026c     
                  00000000    0000026c     tm4c123gh6pm_startup_ccs.obj (.intvecs)

.text      0    0000026c    000022d6     
                  0000026c    000009c0     rtsv7M4_T_le_v4SPD16_eabi.lib : e_pow.c.obj (.text:pow)
                  00000c2c    000004bc     LCD.obj (.text)
                  000010e8    000001d8     main.obj (.text)
                  000012c0    000001b6     rtsv7M4_T_le_v4SPD16_eabi.lib : fd_add_t2.asm.obj (.text)
                  00001476    00000002                                   : _lock.c.obj (.text:_nop)
                  00001478    0000016c     driverlib.lib : gpio.obj (.text:GPIOPadConfigSet)
                  000015e4    00000164     float.obj (.text)
                  00001748    00000158     rtsv7M4_T_le_v4SPD16_eabi.lib : e_sqrt.c.obj (.text:sqrt)
                  000018a0    00000136                                   : fd_div_t2.asm.obj (.text)
                  000019d6    00000002     --HOLE-- [fill = 0]
                  000019d8    00000110                                   : s_scalbn.c.obj (.text:scalbn)
                  00001ae8    000000fc                                   : fd_mul_t2.asm.obj (.text)
                  00001be4    000000f4     driverlib.lib : sysctl.obj (.text:SysCtlClockSet)
                  00001cd8    000000f4     rtsv7M4_T_le_v4SPD16_eabi.lib : memory.c.obj (.text:aligned_alloc)
                  00001dcc    000000e8                                   : memory.c.obj (.text:free)
                  00001eb4    0000009c                                   : memcpy_t2.asm.obj (.text)
                  00001f50    00000086                                   : fd_cmp_t2.asm.obj (.text:__aeabi_cdcmple)
                  00001fd6    00000086                                   : fd_cmp_t2.asm.obj (.text:__aeabi_cdrcmple)
                  0000205c    0000007c                                   : memory.c.obj (.text:split)
                  000020d8    0000006e                                   : fd_tos_t2.asm.obj (.text)
                  00002146    00000002     --HOLE-- [fill = 0]
                  00002148    00000068     driverlib.lib : interrupt.obj (.text:IntEnable)
                  000021b0    00000068     rtsv7M4_T_le_v4SPD16_eabi.lib : copy_decompress_lzss.c.obj (.text:decompress:lzss:__TI_decompress_lzss)
                  00002218    00000060     driverlib.lib : timer.obj (.text:TimerConfigure)
                  00002278    0000004c                   : timer.obj (.text:_TimerIntNumberGet)
                  000022c4    00000044     rtsv7M4_T_le_v4SPD16_eabi.lib : autoinit.c.obj (.text:__TI_auto_init_nobinit_nopinit:__TI_auto_init_nobinit_nopinit)
                  00002308    00000038                                   : fs_tod_t2.asm.obj (.text)
                  00002340    00000034     driverlib.lib : interrupt.obj (.text:IntRegister)
                  00002374    00000034                   : sysctl.obj (.text:SysCtlPeripheralEnable)
                  000023a8    00000034     rtsv7M4_T_le_v4SPD16_eabi.lib : boot_cortex_m.c.obj (.text:_c_int00_noargs:_c_int00_noargs)
                  000023dc    0000002e                                   : i_tofd_t2.asm.obj (.text)
                  0000240a    0000002c     driverlib.lib : gpio.obj (.text:GPIODirModeSet)
                  00002436    00000002     --HOLE-- [fill = 0]
                  00002438    00000028     rtsv7M4_T_le_v4SPD16_eabi.lib : memory.c.obj (.text:free_list_insert)
                  00002460    0000001c                                   : copy_zero_init.c.obj (.text:decompress:ZI:__TI_zero_init_nomemset:__TI_zero_init_nomemset)
                  0000247c    0000001c                                   : memory.c.obj (.text:free_list_remove)
                  00002498    0000001a     driverlib.lib : gpio.obj (.text:GPIOPinTypeGPIOOutput)
                  000024b2    0000001a     rtsv7M4_T_le_v4SPD16_eabi.lib : s_copysign.c.obj (.text:copysign)
                  000024cc    00000018     driverlib.lib : timer.obj (.text:TimerIntRegister)
                  000024e4    0000000e                   : timer.obj (.text:TimerEnable)
                  000024f2    0000000e     rtsv7M4_T_le_v4SPD16_eabi.lib : copy_decompress_none.c.obj (.text:decompress:none:__TI_decompress_none)
                  00002500    0000000c     tm4c123gh6pm_startup_ccs.obj (.text)
                  0000250c    00000008     driverlib.lib : timer.obj (.text:TimerIntEnable)
                  00002514    00000008     rtsv7M4_T_le_v4SPD16_eabi.lib : errno.c.obj (.text:__aeabi_errno_addr)
                  0000251c    00000008                                   : memory.c.obj (.text:malloc)
                  00002524    00000006     driverlib.lib : gpio.obj (.text:GPIOPinWrite)
                  0000252a    00000006                   : sysctl.obj (.text:SysCtlDelay)
                  00002530    00000006                   : timer.obj (.text:TimerLoadSet64)
                  00002536    00000004                   : timer.obj (.text:TimerIntClear)
                  0000253a    00000004     rtsv7M4_T_le_v4SPD16_eabi.lib : pre_init.c.obj (.text:_system_pre_init)
                  0000253e    00000004                                   : exit.c.obj (.text:abort:abort)

.const     0    00002548    000000f4     
                  00002548    00000060     driverlib.lib : timer.obj (.const:g_ppui32TimerIntMap)
                  000025a8    00000040                   : timer.obj (.const:g_ppui32TimerIntMapSnowflake)
                  000025e8    00000030     rtsv7M4_T_le_v4SPD16_eabi.lib : e_pow.c.obj (.const:$O1$$)
                  00002618    00000014     driverlib.lib : interrupt.obj (.const:g_pui32EnRegs)
                  0000262c    00000010     main.obj (.const:.string:$P$T0$1)

.cinit     0    00002640    00000050     
                  00002640    00000018     (.cinit..data.load) [load image, compression = lzss]
                  00002658    0000000c     (__TI_handler_table)
                  00002664    00000004     --HOLE-- [fill = 0]
                  00002668    00000008     (.cinit..bss.load) [load image, compression = zero_init]
                  00002670    00000008     (.cinit..vtable.load) [load image, compression = zero_init]
                  00002678    00000018     (__TI_cinit_table)

.init_array 
*          0    00000000    00000000     UNINITIALIZED

.vtable    0    20000000    0000026c     UNINITIALIZED
                  20000000    0000026c     driverlib.lib : interrupt.obj (.vtable)

.stack     0    20000270    00000200     UNINITIALIZED
                  20000270    00000004     rtsv7M4_T_le_v4SPD16_eabi.lib : boot_cortex_m.c.obj (.stack)
                  20000274    000001fc     --HOLE--

.bss       0    20000470    00000034     UNINITIALIZED
                  20000470    00000028     (.common:sflt)
                  20000498    0000000c     (.common:res1)

.data      0    200004a8    00000034     UNINITIALIZED
                  200004a8    00000020     main.obj (.data)
                  200004c8    00000008     rtsv7M4_T_le_v4SPD16_eabi.lib : _lock.c.obj (.data:$O1$$)
                  200004d0    00000008                                   : memory.c.obj (.data:$O1$$)
                  200004d8    00000004                                   : errno.c.obj (.data)

.sysmem    0    200004e0    00000010     UNINITIALIZED
                  200004e0    00000010     rtsv7M4_T_le_v4SPD16_eabi.lib : memory.c.obj (.sysmem)

MODULE SUMMARY

       Module                         code   ro data   rw data
       ------                         ----   -------   -------
    .\
       LCD.obj                        1212   0         52     
       tm4c123gh6pm_startup_ccs.obj   12     620       0      
       main.obj                       472    16        32     
       float.obj                      356    0         0      
    +--+------------------------------+------+---------+---------+
       Total:                         2052   636       84     
                                                              
    ../driverlib.lib
       interrupt.obj                  156    20        620    
       gpio.obj                       440    0         0      
       timer.obj                      228    160       0      
       sysctl.obj                     302    0         0      
    +--+------------------------------+------+---------+---------+
       Total:                         1126   180       620    
                                                              
    C:\ti\ccs920\ccs\tools\compiler\ti-cgt-arm_18.12.3.LTS\lib\rtsv7M4_T_le_v4SPD16_eabi.lib
       e_pow.c.obj                    2496   48        0      
       memory.c.obj                   676    0         8      
       fd_add_t2.asm.obj              438    0         0      
       e_sqrt.c.obj                   344    0         0      
       fd_div_t2.asm.obj              310    0         0      
       s_scalbn.c.obj                 272    0         0      
       fd_cmp_t2.asm.obj              268    0         0      
       fd_mul_t2.asm.obj              252    0         0      
       memcpy_t2.asm.obj              156    0         0      
       fd_tos_t2.asm.obj              110    0         0      
       copy_decompress_lzss.c.obj     104    0         0      
       autoinit.c.obj                 68     0         0      
       fs_tod_t2.asm.obj              56     0         0      
       boot_cortex_m.c.obj            52     0         0      
       i_tofd_t2.asm.obj              46     0         0      
       copy_zero_init.c.obj           28     0         0      
       s_copysign.c.obj               26     0         0      
       copy_decompress_none.c.obj     14     0         0      
       errno.c.obj                    8      0         4      
       _lock.c.obj                    2      0         8      
       exit.c.obj                     4      0         0      
       pre_init.c.obj                 4      0         0      
    +--+------------------------------+------+---------+---------+
       Total:                         5734   48        20     
                                                              
       Heap:                          0      0         16     
       Stack:                         0      0         512    
       Linker Generated:              0      76        0      
    +--+------------------------------+------+---------+---------+
       Grand Total:                   8912   940       1252   


LINKER GENERATED COPY TABLES

__TI_cinit_table @ 00002678 records: 3, size/record: 8, table size: 24
	.data: load addr=00002640, load size=00000018 bytes, run addr=200004a8, run size=00000034 bytes, compression=lzss
	.bss: load addr=00002668, load size=00000008 bytes, run addr=20000470, run size=00000034 bytes, compression=zero_init
	.vtable: load addr=00002670, load size=00000008 bytes, run addr=20000000, run size=0000026c bytes, compression=zero_init


LINKER GENERATED HANDLER TABLE

__TI_handler_table @ 00002658 records: 3, size/record: 4, table size: 12
	index: 0, handler: __TI_zero_init
	index: 1, handler: __TI_decompress_lzss
	index: 2, handler: __TI_decompress_none


GLOBAL SYMBOLS: SORTED ALPHABETICALLY BY Name 

address   name                          
-------   ----                          
0000253f  C$$EXIT                       
00000f81  Display_Digits                
00001095  Display_FloatValue            
00000e09  Display_character             
00000ea5  Display_string                
0000240b  GPIODirModeSet                
00001479  GPIOPadConfigSet              
00002499  GPIOPinTypeGPIOOutput         
00002525  GPIOPinWrite                  
00002149  IntEnable                     
00002341  IntRegister                   
00000f91  LCD_Clear                     
00000d6d  LCD_Command                   
00000fad  LCD_cursorPosition            
00000c2d  LCD_init                      
00002501  ResetISR                      
00001be5  SysCtlClockSet                
0000252b  SysCtlDelay                   
00002375  SysCtlPeripheralEnable        
0000119b  Timer0IntHandler              
00002219  TimerConfigure                
000024e5  TimerEnable                   
00002537  TimerIntClear                 
0000250d  TimerIntEnable                
000024cd  TimerIntRegister              
00002531  TimerLoadSet64                
20000470  __STACK_END                   
00000200  __STACK_SIZE                  
20000470  __STACK_TOP                   
00000010  __SYSMEM_SIZE                 
00002678  __TI_CINIT_Base               
00002690  __TI_CINIT_Limit              
00002658  __TI_Handler_Table_Base       
00002664  __TI_Handler_Table_Limit      
000022c5  __TI_auto_init_nobinit_nopinit
000021b1  __TI_decompress_lzss          
000024f3  __TI_decompress_none          
ffffffff  __TI_pprof_out_hndl           
ffffffff  __TI_prof_data_size           
ffffffff  __TI_prof_data_start          
00000000  __TI_static_base__            
00002461  __TI_zero_init_nomemset       
00001f51  __aeabi_cdcmpeq               
00001f51  __aeabi_cdcmple               
00001fd7  __aeabi_cdrcmple              
000020d9  __aeabi_d2f                   
000012cb  __aeabi_dadd                  
000018a1  __aeabi_ddiv                  
00001ae9  __aeabi_dmul                  
000012c1  __aeabi_dsub                  
00002515  __aeabi_errno_addr            
00002309  __aeabi_f2d                   
000023dd  __aeabi_i2d                   
00001eb5  __aeabi_memcpy                
00001eb5  __aeabi_memcpy4               
00001eb5  __aeabi_memcpy8               
ffffffff  __binit__                     
ffffffff  __c_args__                    
UNDEFED   __mpu_init                    
20000270  __stack                       
000023a9  _c_int00_noargs               
200004c8  _lock                         
00001477  _nop                          
200004e0  _sys_memory                   
UNDEFED   _system_post_cinit            
0000253b  _system_pre_init              
200004cc  _unlock                       
0000253f  abort                         
00001cd9  aligned_alloc                 
200004ac  avg                           
ffffffff  binit                         
000024b3  copysign                      
000024b3  copysignl                     
200004d8  errno                         
00001dcd  free                          
0000169f  ftoa                          
20000000  g_pfnRAMVectors               
00000000  g_pfnVectors                  
200004c4  hour                          
200004a8  i                             
00001019  i_to_a                        
00001635  intToStr                      
000019d9  ldexp                         
000019d9  ldexpl                        
000010e9  main                          
0000251d  malloc                        
00001cd9  memalign                      
00001eb5  memcpy                        
200004c0  mins                          
00000fed  no_of_digits                  
200004b0  oneflag                       
200004b8  onesec                        
0000026d  pow                           
0000026d  powl                          
20000498  res1                          
000015e5  reverse                       
000019d9  scalbn                        
000019d9  scalbnl                       
20000470  sflt                          
00001749  sqrt                          
00001749  sqrtl                         


GLOBAL SYMBOLS: SORTED BY Symbol Address 

address   name                          
-------   ----                          
00000000  __TI_static_base__            
00000000  g_pfnVectors                  
00000010  __SYSMEM_SIZE                 
00000200  __STACK_SIZE                  
0000026d  pow                           
0000026d  powl                          
00000c2d  LCD_init                      
00000d6d  LCD_Command                   
00000e09  Display_character             
00000ea5  Display_string                
00000f81  Display_Digits                
00000f91  LCD_Clear                     
00000fad  LCD_cursorPosition            
00000fed  no_of_digits                  
00001019  i_to_a                        
00001095  Display_FloatValue            
000010e9  main                          
0000119b  Timer0IntHandler              
000012c1  __aeabi_dsub                  
000012cb  __aeabi_dadd                  
00001477  _nop                          
00001479  GPIOPadConfigSet              
000015e5  reverse                       
00001635  intToStr                      
0000169f  ftoa                          
00001749  sqrt                          
00001749  sqrtl                         
000018a1  __aeabi_ddiv                  
000019d9  ldexp                         
000019d9  ldexpl                        
000019d9  scalbn                        
000019d9  scalbnl                       
00001ae9  __aeabi_dmul                  
00001be5  SysCtlClockSet                
00001cd9  aligned_alloc                 
00001cd9  memalign                      
00001dcd  free                          
00001eb5  __aeabi_memcpy                
00001eb5  __aeabi_memcpy4               
00001eb5  __aeabi_memcpy8               
00001eb5  memcpy                        
00001f51  __aeabi_cdcmpeq               
00001f51  __aeabi_cdcmple               
00001fd7  __aeabi_cdrcmple              
000020d9  __aeabi_d2f                   
00002149  IntEnable                     
000021b1  __TI_decompress_lzss          
00002219  TimerConfigure                
000022c5  __TI_auto_init_nobinit_nopinit
00002309  __aeabi_f2d                   
00002341  IntRegister                   
00002375  SysCtlPeripheralEnable        
000023a9  _c_int00_noargs               
000023dd  __aeabi_i2d                   
0000240b  GPIODirModeSet                
00002461  __TI_zero_init_nomemset       
00002499  GPIOPinTypeGPIOOutput         
000024b3  copysign                      
000024b3  copysignl                     
000024cd  TimerIntRegister              
000024e5  TimerEnable                   
000024f3  __TI_decompress_none          
00002501  ResetISR                      
0000250d  TimerIntEnable                
00002515  __aeabi_errno_addr            
0000251d  malloc                        
00002525  GPIOPinWrite                  
0000252b  SysCtlDelay                   
00002531  TimerLoadSet64                
00002537  TimerIntClear                 
0000253b  _system_pre_init              
0000253f  C$$EXIT                       
0000253f  abort                         
00002658  __TI_Handler_Table_Base       
00002664  __TI_Handler_Table_Limit      
00002678  __TI_CINIT_Base               
00002690  __TI_CINIT_Limit              
20000000  g_pfnRAMVectors               
20000270  __stack                       
20000470  __STACK_END                   
20000470  __STACK_TOP                   
20000470  sflt                          
20000498  res1                          
200004a8  i                             
200004ac  avg                           
200004b0  oneflag                       
200004b8  onesec                        
200004c0  mins                          
200004c4  hour                          
200004c8  _lock                         
200004cc  _unlock                       
200004d8  errno                         
200004e0  _sys_memory                   
ffffffff  __TI_pprof_out_hndl           
ffffffff  __TI_prof_data_size           
ffffffff  __TI_prof_data_start          
ffffffff  __binit__                     
ffffffff  __c_args__                    
ffffffff  binit                         
UNDEFED   __mpu_init                    
UNDEFED   _system_post_cinit            

[101 symbols]
