******************************************************************************
                  TI ARM Linker PC v18.12.3                    
******************************************************************************
>> Linked Thu May 26 22:32:43 2022

OUTPUT FILE NAME:   <Intr_07_Timer_5min.out>
ENTRY POINT SYMBOL: "_c_int00_noargs"  address: 00000919


MEMORY CONFIGURATION

         name            origin    length      used     unused   attr    fill
----------------------  --------  ---------  --------  --------  ----  --------
  FLASH                 00000000   00040000  00000b00  0003f500  R  X
  SRAM                  20000000   00008000  00000484  00007b7c  RW X


SEGMENT ALLOCATION MAP

run origin  load origin   length   init length attrs members
----------  ----------- ---------- ----------- ----- -------
00000000    00000000    00000b00   00000b00    r-x
  00000000    00000000    0000026c   0000026c    r-- .intvecs
  0000026c    0000026c    000007a8   000007a8    r-x .text
  00000a14    00000a14    000000b4   000000b4    r-- .const
  00000ac8    00000ac8    00000038   00000038    r-- .cinit
20000000    20000000    00000488   00000000    rw-
  20000000    20000000    0000026c   00000000    rw- .vtable
  20000270    20000270    00000200   00000000    rw- .stack
  20000470    20000470    00000018   00000000    rw- .data


SECTION ALLOCATION MAP

 output                                  attributes/
section   page    origin      length       input sections
--------  ----  ----------  ----------   ----------------
.intvecs   0    00000000    0000026c     
                  00000000    0000026c     tm4c123gh6pm_startup_ccs.obj (.intvecs)

.text      0    0000026c    000007a8     
                  0000026c    0000016c     driverlib.lib : gpio.obj (.text:GPIOPadConfigSet)
                  000003d8    000000f4                   : sysctl.obj (.text:SysCtlClockSet)
                  000004cc    000000f0     main.obj (.text)
                  000005bc    0000009c     rtsv7M4_T_le_v4SPD16_eabi.lib : memcpy_t2.asm.obj (.text)
                  00000658    00000096                                   : ull_div_t2.asm.obj (.text)
                  000006ee    00000002                                   : div0.asm.obj (.text)
                  000006f0    00000068     driverlib.lib : interrupt.obj (.text:IntEnable)
                  00000758    00000068     rtsv7M4_T_le_v4SPD16_eabi.lib : copy_decompress_lzss.c.obj (.text:decompress:lzss:__TI_decompress_lzss)
                  000007c0    00000060     driverlib.lib : timer.obj (.text:TimerConfigure)
                  00000820    0000004c                   : timer.obj (.text:_TimerIntNumberGet)
                  0000086c    00000044     rtsv7M4_T_le_v4SPD16_eabi.lib : autoinit.c.obj (.text:__TI_auto_init_nobinit_nopinit:__TI_auto_init_nobinit_nopinit)
                  000008b0    00000034     driverlib.lib : interrupt.obj (.text:IntRegister)
                  000008e4    00000034                   : sysctl.obj (.text:SysCtlPeripheralEnable)
                  00000918    00000034     rtsv7M4_T_le_v4SPD16_eabi.lib : boot_cortex_m.c.obj (.text:_c_int00_noargs:_c_int00_noargs)
                  0000094c    0000002c     driverlib.lib : gpio.obj (.text:GPIODirModeSet)
                  00000978    0000001c     rtsv7M4_T_le_v4SPD16_eabi.lib : copy_zero_init.c.obj (.text:decompress:ZI:__TI_zero_init_nomemset:__TI_zero_init_nomemset)
                  00000994    0000001a     driverlib.lib : gpio.obj (.text:GPIOPinTypeGPIOOutput)
                  000009ae    00000018                   : timer.obj (.text:TimerIntRegister)
                  000009c6    0000000e                   : timer.obj (.text:TimerEnable)
                  000009d4    0000000e     rtsv7M4_T_le_v4SPD16_eabi.lib : copy_decompress_none.c.obj (.text:decompress:none:__TI_decompress_none)
                  000009e2    0000000c     tm4c123gh6pm_startup_ccs.obj (.text)
                  000009ee    00000008     driverlib.lib : timer.obj (.text:TimerIntEnable)
                  000009f6    00000006                   : gpio.obj (.text:GPIOPinWrite)
                  000009fc    00000006                   : sysctl.obj (.text:SysCtlDelay)
                  00000a02    00000006                   : timer.obj (.text:TimerLoadSet64)
                  00000a08    00000004                   : timer.obj (.text:TimerIntClear)
                  00000a0c    00000004     rtsv7M4_T_le_v4SPD16_eabi.lib : pre_init.c.obj (.text:_system_pre_init)
                  00000a10    00000004                                   : exit.c.obj (.text:abort:abort)

.const     0    00000a14    000000b4     
                  00000a14    00000060     driverlib.lib : timer.obj (.const:g_ppui32TimerIntMap)
                  00000a74    00000040                   : timer.obj (.const:g_ppui32TimerIntMapSnowflake)
                  00000ab4    00000014                   : interrupt.obj (.const:g_pui32EnRegs)

.cinit     0    00000ac8    00000038     
                  00000ac8    0000000e     (.cinit..data.load) [load image, compression = lzss]
                  00000ad6    00000002     --HOLE-- [fill = 0]
                  00000ad8    0000000c     (__TI_handler_table)
                  00000ae4    00000004     --HOLE-- [fill = 0]
                  00000ae8    00000008     (.cinit..vtable.load) [load image, compression = zero_init]
                  00000af0    00000010     (__TI_cinit_table)

.init_array 
*          0    00000000    00000000     UNINITIALIZED

.vtable    0    20000000    0000026c     UNINITIALIZED
                  20000000    0000026c     driverlib.lib : interrupt.obj (.vtable)

.data      0    20000470    00000018     UNINITIALIZED
                  20000470    00000018     main.obj (.data)

.stack     0    20000270    00000200     UNINITIALIZED
                  20000270    00000004     rtsv7M4_T_le_v4SPD16_eabi.lib : boot_cortex_m.c.obj (.stack)
                  20000274    000001fc     --HOLE--

MODULE SUMMARY

       Module                         code   ro data   rw data
       ------                         ----   -------   -------
    .\
       tm4c123gh6pm_startup_ccs.obj   12     620       0      
       main.obj                       240    0         24     
    +--+------------------------------+------+---------+---------+
       Total:                         252    620       24     
                                                              
    ../driverlib.lib
       interrupt.obj                  156    20        620    
       gpio.obj                       440    0         0      
       timer.obj                      228    160       0      
       sysctl.obj                     302    0         0      
    +--+------------------------------+------+---------+---------+
       Total:                         1126   180       620    
                                                              
    C:\ti\ccs920\ccs\tools\compiler\ti-cgt-arm_18.12.3.LTS\lib\rtsv7M4_T_le_v4SPD16_eabi.lib
       memcpy_t2.asm.obj              156    0         0      
       ull_div_t2.asm.obj             150    0         0      
       copy_decompress_lzss.c.obj     104    0         0      
       autoinit.c.obj                 68     0         0      
       boot_cortex_m.c.obj            52     0         0      
       copy_zero_init.c.obj           28     0         0      
       copy_decompress_none.c.obj     14     0         0      
       exit.c.obj                     4      0         0      
       pre_init.c.obj                 4      0         0      
       div0.asm.obj                   2      0         0      
    +--+------------------------------+------+---------+---------+
       Total:                         582    0         0      
                                                              
       Stack:                         0      0         512    
       Linker Generated:              0      50        0      
    +--+------------------------------+------+---------+---------+
       Grand Total:                   1960   850       1156   


LINKER GENERATED COPY TABLES

__TI_cinit_table @ 00000af0 records: 2, size/record: 8, table size: 16
	.data: load addr=00000ac8, load size=0000000e bytes, run addr=20000470, run size=00000018 bytes, compression=lzss
	.vtable: load addr=00000ae8, load size=00000008 bytes, run addr=20000000, run size=0000026c bytes, compression=zero_init


LINKER GENERATED HANDLER TABLE

__TI_handler_table @ 00000ad8 records: 3, size/record: 4, table size: 12
	index: 0, handler: __TI_zero_init
	index: 1, handler: __TI_decompress_lzss
	index: 2, handler: __TI_decompress_none


GLOBAL SYMBOLS: SORTED ALPHABETICALLY BY Name 

address   name                          
-------   ----                          
00000a11  C$$EXIT                       
0000094d  GPIODirModeSet                
0000026d  GPIOPadConfigSet              
00000995  GPIOPinTypeGPIOOutput         
000009f7  GPIOPinWrite                  
000006f1  IntEnable                     
000008b1  IntRegister                   
000009e3  ResetISR                      
000003d9  SysCtlClockSet                
000009fd  SysCtlDelay                   
000008e5  SysCtlPeripheralEnable        
00000541  Timer0IntHandler              
000007c1  TimerConfigure                
000009c7  TimerEnable                   
00000a09  TimerIntClear                 
000009ef  TimerIntEnable                
000009af  TimerIntRegister              
00000a03  TimerLoadSet64                
20000470  __STACK_END                   
00000200  __STACK_SIZE                  
20000470  __STACK_TOP                   
00000af0  __TI_CINIT_Base               
00000b00  __TI_CINIT_Limit              
00000ad8  __TI_Handler_Table_Base       
00000ae4  __TI_Handler_Table_Limit      
0000086d  __TI_auto_init_nobinit_nopinit
00000759  __TI_decompress_lzss          
000009d5  __TI_decompress_none          
ffffffff  __TI_pprof_out_hndl           
ffffffff  __TI_prof_data_size           
ffffffff  __TI_prof_data_start          
00000000  __TI_static_base__            
00000979  __TI_zero_init_nomemset       
000006ef  __aeabi_idiv0                 
000006ef  __aeabi_ldiv0                 
000005bd  __aeabi_memcpy                
000005bd  __aeabi_memcpy4               
000005bd  __aeabi_memcpy8               
00000659  __aeabi_uldivmod              
ffffffff  __binit__                     
ffffffff  __c_args__                    
UNDEFED   __mpu_init                    
20000270  __stack                       
00000919  _c_int00_noargs               
UNDEFED   _system_post_cinit            
00000a0d  _system_pre_init              
00000a11  abort                         
20000474  avg                           
ffffffff  binit                         
20000000  g_pfnRAMVectors               
00000000  g_pfnVectors                  
20000470  i                             
000004cd  main                          
000005bd  memcpy                        
20000478  one_min                       
20000480  oneflag                       


GLOBAL SYMBOLS: SORTED BY Symbol Address 

address   name                          
-------   ----                          
00000000  __TI_static_base__            
00000000  g_pfnVectors                  
00000200  __STACK_SIZE                  
0000026d  GPIOPadConfigSet              
000003d9  SysCtlClockSet                
000004cd  main                          
00000541  Timer0IntHandler              
000005bd  __aeabi_memcpy                
000005bd  __aeabi_memcpy4               
000005bd  __aeabi_memcpy8               
000005bd  memcpy                        
00000659  __aeabi_uldivmod              
000006ef  __aeabi_idiv0                 
000006ef  __aeabi_ldiv0                 
000006f1  IntEnable                     
00000759  __TI_decompress_lzss          
000007c1  TimerConfigure                
0000086d  __TI_auto_init_nobinit_nopinit
000008b1  IntRegister                   
000008e5  SysCtlPeripheralEnable        
00000919  _c_int00_noargs               
0000094d  GPIODirModeSet                
00000979  __TI_zero_init_nomemset       
00000995  GPIOPinTypeGPIOOutput         
000009af  TimerIntRegister              
000009c7  TimerEnable                   
000009d5  __TI_decompress_none          
000009e3  ResetISR                      
000009ef  TimerIntEnable                
000009f7  GPIOPinWrite                  
000009fd  SysCtlDelay                   
00000a03  TimerLoadSet64                
00000a09  TimerIntClear                 
00000a0d  _system_pre_init              
00000a11  C$$EXIT                       
00000a11  abort                         
00000ad8  __TI_Handler_Table_Base       
00000ae4  __TI_Handler_Table_Limit      
00000af0  __TI_CINIT_Base               
00000b00  __TI_CINIT_Limit              
20000000  g_pfnRAMVectors               
20000270  __stack                       
20000470  __STACK_END                   
20000470  __STACK_TOP                   
20000470  i                             
20000474  avg                           
20000478  one_min                       
20000480  oneflag                       
ffffffff  __TI_pprof_out_hndl           
ffffffff  __TI_prof_data_size           
ffffffff  __TI_prof_data_start          
ffffffff  __binit__                     
ffffffff  __c_args__                    
ffffffff  binit                         
UNDEFED   __mpu_init                    
UNDEFED   _system_post_cinit            

[56 symbols]
