******************************************************************************
                  TI ARM Linker PC v18.12.3                    
******************************************************************************
>> Linked Wed Feb  9 15:10:33 2022

OUTPUT FILE NAME:   <New1.out>
ENTRY POINT SYMBOL: "_c_int00_noargs"  address: 00000f81


MEMORY CONFIGURATION

         name            origin    length      used     unused   attr    fill
----------------------  --------  ---------  --------  --------  ----  --------
  FLASH                 00000000   00040000  00001196  0003ee6a  R  X
  SRAM                  20000000   00008000  00000225  00007ddb  RW X


SEGMENT ALLOCATION MAP

run origin  load origin   length   init length attrs members
----------  ----------- ---------- ----------- ----- -------
00000000    00000000    0000119c   0000119c    r-x
  00000000    00000000    0000026c   0000026c    r-- .intvecs
  0000026c    0000026c    00000e4e   00000e4e    r-x .text
  000010bc    000010bc    000000c0   000000c0    r-- .const
  00001180    00001180    0000001c   0000001c    r-- .cinit
20000000    20000000    00000228   00000000    rw-
  20000000    20000000    00000200   00000000    rw- .stack
  20000200    20000200    00000015   00000000    rw- .data
  20000218    20000218    00000010   00000000    rw- .sysmem


SECTION ALLOCATION MAP

 output                                  attributes/
section   page    origin      length       input sections
--------  ----  ----------  ----------   ----------------
.intvecs   0    00000000    0000026c     
                  00000000    0000026c     tm4c123gh6pm_startup_ccs.obj (.intvecs)

.text      0    0000026c    00000e4e     
                  0000026c    000004d4     main.obj (.text)
                  00000740    0000016c     driverlib.lib : gpio.obj (.text:GPIOPadConfigSet)
                  000008ac    00000100     print.obj (.text)
                  000009ac    000000f4     driverlib.lib : sysctl.obj (.text:SysCtlClockSet)
                  00000aa0    000000f4     rtsv7M4_T_le_v4SPD16_eabi.lib : memory.c.obj (.text:aligned_alloc)
                  00000b94    000000e8                                   : memory.c.obj (.text:free)
                  00000c7c    0000009c                                   : memcpy_t2.asm.obj (.text)
                  00000d18    0000007c                                   : memory.c.obj (.text:split)
                  00000d94    00000068                                   : copy_decompress_lzss.c.obj (.text:decompress:lzss:__TI_decompress_lzss)
                  00000dfc    0000004c     driverlib.lib : gpio.obj (.text:GPIOPinConfigure)
                  00000e48    00000046                   : uart.obj (.text:UARTConfigSetExpClk)
                  00000e8e    00000002     rtsv7M4_T_le_v4SPD16_eabi.lib : _lock.c.obj (.text:_nop)
                  00000e90    00000044                                   : autoinit.c.obj (.text:__TI_auto_init_nobinit_nopinit:__TI_auto_init_nobinit_nopinit)
                  00000ed4    00000040                                   : u_divt2.asm.obj (.text)
                  00000f14    00000038     driverlib.lib : sysctl.obj (.text:SysCtlPeripheralPresent)
                  00000f4c    00000034                   : sysctl.obj (.text:SysCtlPeripheralEnable)
                  00000f80    00000034     rtsv7M4_T_le_v4SPD16_eabi.lib : boot_cortex_m.c.obj (.text:_c_int00_noargs:_c_int00_noargs)
                  00000fb4    0000002c     driverlib.lib : gpio.obj (.text:GPIODirModeSet)
                  00000fe0    00000028     rtsv7M4_T_le_v4SPD16_eabi.lib : memory.c.obj (.text:free_list_insert)
                  00001008    00000020     driverlib.lib : uart.obj (.text:UARTDisable)
                  00001028    0000001c     rtsv7M4_T_le_v4SPD16_eabi.lib : memory.c.obj (.text:free_list_remove)
                  00001044    00000016     driverlib.lib : gpio.obj (.text:GPIOPinTypeUART)
                  0000105a    00000014                   : uart.obj (.text:UARTEnable)
                  0000106e    0000000e     rtsv7M4_T_le_v4SPD16_eabi.lib : copy_decompress_none.c.obj (.text:decompress:none:__TI_decompress_none)
                  0000107c    0000000c     tm4c123gh6pm_startup_ccs.obj (.text)
                  00001088    0000000a     driverlib.lib : uart.obj (.text:UARTCharGet)
                  00001092    0000000a                   : uart.obj (.text:UARTCharPut)
                  0000109c    00000008     rtsv7M4_T_le_v4SPD16_eabi.lib : memory.c.obj (.text:malloc)
                  000010a4    00000006     driverlib.lib : sysctl.obj (.text:SysCtlDelay)
                  000010aa    00000006                   : uart.obj (.text:UARTClockSourceSet)
                  000010b0    00000004     rtsv7M4_T_le_v4SPD16_eabi.lib : pre_init.c.obj (.text:_system_pre_init)
                  000010b4    00000004                                   : exit.c.obj (.text:abort:abort)
                  000010b8    00000002                                   : div0.asm.obj (.text)

.const     0    000010bc    000000c0     
                  000010bc    00000090     driverlib.lib : gpio.obj (.const:g_pui32GPIOBaseAddrs)
                  0000114c    00000012     main.obj (.const:.string)
                  0000115e    00000002     --HOLE-- [fill = 0]
                  00001160    0000000c     main.obj (.const:g_ui32UARTBase)
                  0000116c    0000000c     main.obj (.const:g_ui32UARTPeriph)
                  00001178    00000004     main.obj (.const)

.cinit     0    00001180    0000001c     
                  00001180    0000000c     (.cinit..data.load) [load image, compression = lzss]
                  0000118c    00000008     (__TI_handler_table)
                  00001194    00000008     (__TI_cinit_table)

.init_array 
*          0    00000000    00000000     UNINITIALIZED

.stack     0    20000000    00000200     UNINITIALIZED
                  20000000    00000004     rtsv7M4_T_le_v4SPD16_eabi.lib : boot_cortex_m.c.obj (.stack)
                  20000004    000001fc     --HOLE--

.data      0    20000200    00000015     UNINITIALIZED
                  20000200    00000008     rtsv7M4_T_le_v4SPD16_eabi.lib : _lock.c.obj (.data:$O1$$)
                  20000208    00000008                                   : memory.c.obj (.data:$O1$$)
                  20000210    00000005     main.obj (.data)

.sysmem    0    20000218    00000010     UNINITIALIZED
                  20000218    00000010     rtsv7M4_T_le_v4SPD16_eabi.lib : memory.c.obj (.sysmem)

MODULE SUMMARY

       Module                         code   ro data   rw data
       ------                         ----   -------   -------
    .\
       main.obj                       1236   46        5      
       tm4c123gh6pm_startup_ccs.obj   12     620       0      
       print.obj                      256    0         0      
    +--+------------------------------+------+---------+---------+
       Total:                         1504   666       5      
                                                              
    ../driverlib.lib
       gpio.obj                       506    144       0      
       sysctl.obj                     358    0         0      
       uart.obj                       148    0         0      
    +--+------------------------------+------+---------+---------+
       Total:                         1012   144       0      
                                                              
    C:\ti\ccs920\ccs\tools\compiler\ti-cgt-arm_18.12.3.LTS\lib\rtsv7M4_T_le_v4SPD16_eabi.lib
       memory.c.obj                   676    0         8      
       memcpy_t2.asm.obj              156    0         0      
       copy_decompress_lzss.c.obj     104    0         0      
       autoinit.c.obj                 68     0         0      
       u_divt2.asm.obj                64     0         0      
       boot_cortex_m.c.obj            52     0         0      
       copy_decompress_none.c.obj     14     0         0      
       _lock.c.obj                    2      0         8      
       exit.c.obj                     4      0         0      
       pre_init.c.obj                 4      0         0      
       div0.asm.obj                   2      0         0      
    +--+------------------------------+------+---------+---------+
       Total:                         1146   0         16     
                                                              
       Heap:                          0      0         16     
       Stack:                         0      0         512    
       Linker Generated:              0      28        0      
    +--+------------------------------+------+---------+---------+
       Grand Total:                   3662   838       549    


LINKER GENERATED COPY TABLES

__TI_cinit_table @ 00001194 records: 1, size/record: 8, table size: 8
	.data: load addr=00001180, load size=0000000c bytes, run addr=20000200, run size=00000015 bytes, compression=lzss


LINKER GENERATED HANDLER TABLE

__TI_handler_table @ 0000118c records: 2, size/record: 4, table size: 8
	index: 0, handler: __TI_decompress_lzss
	index: 1, handler: __TI_decompress_none


GLOBAL SYMBOLS: SORTED ALPHABETICALLY BY Name 

address   name                          
-------   ----                          
000010b5  C$$EXIT                       
00000fb5  GPIODirModeSet                
00000741  GPIOPadConfigSet              
00000dfd  GPIOPinConfigure              
00001045  GPIOPinTypeUART               
0000107d  ResetISR                      
000009ad  SysCtlClockSet                
000010a5  SysCtlDelay                   
00000f4d  SysCtlPeripheralEnable        
00000f15  SysCtlPeripheralPresent       
00001089  UARTCharGet                   
00001093  UARTCharPut                   
000010ab  UARTClockSourceSet            
00000e49  UARTConfigSetExpClk           
00001009  UARTDisable                   
0000105b  UARTEnable                    
0000026d  UARTStdioConfig               
000003bd  UARTgetc                      
00000303  UARTgets                      
000006df  UARTprintf                    
000003e5  UARTvprintf                   
000002b3  UARTwrite                     
20000200  __STACK_END                   
00000200  __STACK_SIZE                  
20000200  __STACK_TOP                   
00000010  __SYSMEM_SIZE                 
00001194  __TI_CINIT_Base               
0000119c  __TI_CINIT_Limit              
0000118c  __TI_Handler_Table_Base       
00001194  __TI_Handler_Table_Limit      
00000e91  __TI_auto_init_nobinit_nopinit
00000d95  __TI_decompress_lzss          
0000106f  __TI_decompress_none          
ffffffff  __TI_pprof_out_hndl           
ffffffff  __TI_prof_data_size           
ffffffff  __TI_prof_data_start          
00000000  __TI_static_base__            
000010b9  __aeabi_idiv0                 
000010b9  __aeabi_ldiv0                 
00000c7d  __aeabi_memcpy                
00000c7d  __aeabi_memcpy4               
00000c7d  __aeabi_memcpy8               
00000ed5  __aeabi_uidiv                 
00000ed5  __aeabi_uidivmod              
ffffffff  __binit__                     
ffffffff  __c_args__                    
UNDEFED   __mpu_init                    
20000000  __stack                       
00000f81  _c_int00_noargs               
20000200  _lock                         
00000e8f  _nop                          
20000218  _sys_memory                   
UNDEFED   _system_post_cinit            
000010b1  _system_pre_init              
20000204  _unlock                       
000010b5  abort                         
00000aa1  aligned_alloc                 
ffffffff  binit                         
00000b95  free                          
00000000  g_pfnVectors                  
0000091b  i_to_a                        
00000703  main                          
0000109d  malloc                        
00000aa1  memalign                      
00000c7d  memcpy                        
000008ef  no_of_digits                  
000008ad  print_init                    


GLOBAL SYMBOLS: SORTED BY Symbol Address 

address   name                          
-------   ----                          
00000000  __TI_static_base__            
00000000  g_pfnVectors                  
00000010  __SYSMEM_SIZE                 
00000200  __STACK_SIZE                  
0000026d  UARTStdioConfig               
000002b3  UARTwrite                     
00000303  UARTgets                      
000003bd  UARTgetc                      
000003e5  UARTvprintf                   
000006df  UARTprintf                    
00000703  main                          
00000741  GPIOPadConfigSet              
000008ad  print_init                    
000008ef  no_of_digits                  
0000091b  i_to_a                        
000009ad  SysCtlClockSet                
00000aa1  aligned_alloc                 
00000aa1  memalign                      
00000b95  free                          
00000c7d  __aeabi_memcpy                
00000c7d  __aeabi_memcpy4               
00000c7d  __aeabi_memcpy8               
00000c7d  memcpy                        
00000d95  __TI_decompress_lzss          
00000dfd  GPIOPinConfigure              
00000e49  UARTConfigSetExpClk           
00000e8f  _nop                          
00000e91  __TI_auto_init_nobinit_nopinit
00000ed5  __aeabi_uidiv                 
00000ed5  __aeabi_uidivmod              
00000f15  SysCtlPeripheralPresent       
00000f4d  SysCtlPeripheralEnable        
00000f81  _c_int00_noargs               
00000fb5  GPIODirModeSet                
00001009  UARTDisable                   
00001045  GPIOPinTypeUART               
0000105b  UARTEnable                    
0000106f  __TI_decompress_none          
0000107d  ResetISR                      
00001089  UARTCharGet                   
00001093  UARTCharPut                   
0000109d  malloc                        
000010a5  SysCtlDelay                   
000010ab  UARTClockSourceSet            
000010b1  _system_pre_init              
000010b5  C$$EXIT                       
000010b5  abort                         
000010b9  __aeabi_idiv0                 
000010b9  __aeabi_ldiv0                 
0000118c  __TI_Handler_Table_Base       
00001194  __TI_CINIT_Base               
00001194  __TI_Handler_Table_Limit      
0000119c  __TI_CINIT_Limit              
20000000  __stack                       
20000200  __STACK_END                   
20000200  __STACK_TOP                   
20000200  _lock                         
20000204  _unlock                       
20000218  _sys_memory                   
ffffffff  __TI_pprof_out_hndl           
ffffffff  __TI_prof_data_size           
ffffffff  __TI_prof_data_start          
ffffffff  __binit__                     
ffffffff  __c_args__                    
ffffffff  binit                         
UNDEFED   __mpu_init                    
UNDEFED   _system_post_cinit            

[67 symbols]
