******************************************************************************
                  TI ARM Linker PC v18.12.3                    
******************************************************************************
>> Linked Mon Apr 18 17:01:22 2022

OUTPUT FILE NAME:   <L01_Assignment_LED.out>
ENTRY POINT SYMBOL: "_c_int00_noargs"  address: 000006a5


MEMORY CONFIGURATION

         name            origin    length      used     unused   attr    fill
----------------------  --------  ---------  --------  --------  ----  --------
  FLASH                 00000000   00040000  0000077c  0003f884  R  X
  SRAM                  20000000   00008000  00000238  00007dc8  RW X


SEGMENT ALLOCATION MAP

run origin  load origin   length   init length attrs members
----------  ----------- ---------- ----------- ----- -------
00000000    00000000    00000780   00000780    r-x
  00000000    00000000    0000026c   0000026c    r-- .intvecs
  0000026c    0000026c    000004e0   000004e0    r-x .text
  00000750    00000750    00000030   00000030    r-- .cinit
20000000    20000000    00000238   00000000    rw-
  20000000    20000000    00000200   00000000    rw- .stack
  20000200    20000200    00000038   00000000    rw- .data


SECTION ALLOCATION MAP

 output                                  attributes/
section   page    origin      length       input sections
--------  ----  ----------  ----------   ----------------
.intvecs   0    00000000    0000026c     
                  00000000    0000026c     tm4c123gh6pm_startup_ccs.obj (.intvecs)

.text      0    0000026c    000004e0     
                  0000026c    0000016c     driverlib.lib : gpio.obj (.text:GPIOPadConfigSet)
                  000003d8    000000f4                   : sysctl.obj (.text:SysCtlClockSet)
                  000004cc    0000009c     rtsv7M4_T_le_v4SPD16_eabi.lib : memcpy_t2.asm.obj (.text)
                  00000568    00000068                                   : copy_decompress_lzss.c.obj (.text:decompress:lzss:__TI_decompress_lzss)
                  000005d0    0000005c     main.obj (.text)
                  0000062c    00000044     rtsv7M4_T_le_v4SPD16_eabi.lib : autoinit.c.obj (.text:__TI_auto_init_nobinit_nopinit:__TI_auto_init_nobinit_nopinit)
                  00000670    00000034     driverlib.lib : sysctl.obj (.text:SysCtlPeripheralEnable)
                  000006a4    00000034     rtsv7M4_T_le_v4SPD16_eabi.lib : boot_cortex_m.c.obj (.text:_c_int00_noargs:_c_int00_noargs)
                  000006d8    0000002c     driverlib.lib : gpio.obj (.text:GPIODirModeSet)
                  00000704    0000001a                   : gpio.obj (.text:GPIOPinTypeGPIOOutput)
                  0000071e    0000000e     rtsv7M4_T_le_v4SPD16_eabi.lib : copy_decompress_none.c.obj (.text:decompress:none:__TI_decompress_none)
                  0000072c    0000000c     tm4c123gh6pm_startup_ccs.obj (.text)
                  00000738    00000006     driverlib.lib : gpio.obj (.text:GPIOPinWrite)
                  0000073e    00000006                   : sysctl.obj (.text:SysCtlDelay)
                  00000744    00000004     rtsv7M4_T_le_v4SPD16_eabi.lib : pre_init.c.obj (.text:_system_pre_init)
                  00000748    00000004                                   : exit.c.obj (.text:abort:abort)

.cinit     0    00000750    00000030     
                  00000750    00000020     (.cinit..data.load) [load image, compression = lzss]
                  00000770    00000008     (__TI_handler_table)
                  00000778    00000008     (__TI_cinit_table)

.init_array 
*          0    00000000    00000000     UNINITIALIZED

.data      0    20000200    00000038     UNINITIALIZED
                  20000200    00000038     main.obj (.data:data)

.stack     0    20000000    00000200     UNINITIALIZED
                  20000000    00000004     rtsv7M4_T_le_v4SPD16_eabi.lib : boot_cortex_m.c.obj (.stack)
                  20000004    000001fc     --HOLE--

MODULE SUMMARY

       Module                         code   ro data   rw data
       ------                         ----   -------   -------
    .\
       tm4c123gh6pm_startup_ccs.obj   12     620       0      
       main.obj                       92     0         56     
    +--+------------------------------+------+---------+---------+
       Total:                         104    620       56     
                                                              
    ../driverlib.lib
       gpio.obj                       440    0         0      
       sysctl.obj                     302    0         0      
    +--+------------------------------+------+---------+---------+
       Total:                         742    0         0      
                                                              
    C:\ti\ccs920\ccs\tools\compiler\ti-cgt-arm_18.12.3.LTS\lib\rtsv7M4_T_le_v4SPD16_eabi.lib
       memcpy_t2.asm.obj              156    0         0      
       copy_decompress_lzss.c.obj     104    0         0      
       autoinit.c.obj                 68     0         0      
       boot_cortex_m.c.obj            52     0         0      
       copy_decompress_none.c.obj     14     0         0      
       exit.c.obj                     4      0         0      
       pre_init.c.obj                 4      0         0      
    +--+------------------------------+------+---------+---------+
       Total:                         402    0         0      
                                                              
       Stack:                         0      0         512    
       Linker Generated:              0      48        0      
    +--+------------------------------+------+---------+---------+
       Grand Total:                   1248   668       568    


LINKER GENERATED COPY TABLES

__TI_cinit_table @ 00000778 records: 1, size/record: 8, table size: 8
	.data: load addr=00000750, load size=00000020 bytes, run addr=20000200, run size=00000038 bytes, compression=lzss


LINKER GENERATED HANDLER TABLE

__TI_handler_table @ 00000770 records: 2, size/record: 4, table size: 8
	index: 0, handler: __TI_decompress_lzss
	index: 1, handler: __TI_decompress_none


GLOBAL SYMBOLS: SORTED ALPHABETICALLY BY Name 

address   name                          
-------   ----                          
00000749  C$$EXIT                       
000006d9  GPIODirModeSet                
0000026d  GPIOPadConfigSet              
00000705  GPIOPinTypeGPIOOutput         
00000739  GPIOPinWrite                  
0000072d  ResetISR                      
000003d9  SysCtlClockSet                
0000073f  SysCtlDelay                   
00000671  SysCtlPeripheralEnable        
20000200  __STACK_END                   
00000200  __STACK_SIZE                  
20000200  __STACK_TOP                   
00000778  __TI_CINIT_Base               
00000780  __TI_CINIT_Limit              
00000770  __TI_Handler_Table_Base       
00000778  __TI_Handler_Table_Limit      
0000062d  __TI_auto_init_nobinit_nopinit
00000569  __TI_decompress_lzss          
0000071f  __TI_decompress_none          
ffffffff  __TI_pprof_out_hndl           
ffffffff  __TI_prof_data_size           
ffffffff  __TI_prof_data_start          
00000000  __TI_static_base__            
000004cd  __aeabi_memcpy                
000004cd  __aeabi_memcpy4               
000004cd  __aeabi_memcpy8               
ffffffff  __binit__                     
ffffffff  __c_args__                    
UNDEFED   __mpu_init                    
20000000  __stack                       
000006a5  _c_int00_noargs               
UNDEFED   _system_post_cinit            
00000745  _system_pre_init              
00000749  abort                         
ffffffff  binit                         
20000200  data                          
00000000  g_pfnVectors                  
000005d1  main                          
000004cd  memcpy                        


GLOBAL SYMBOLS: SORTED BY Symbol Address 

address   name                          
-------   ----                          
00000000  __TI_static_base__            
00000000  g_pfnVectors                  
00000200  __STACK_SIZE                  
0000026d  GPIOPadConfigSet              
000003d9  SysCtlClockSet                
000004cd  __aeabi_memcpy                
000004cd  __aeabi_memcpy4               
000004cd  __aeabi_memcpy8               
000004cd  memcpy                        
00000569  __TI_decompress_lzss          
000005d1  main                          
0000062d  __TI_auto_init_nobinit_nopinit
00000671  SysCtlPeripheralEnable        
000006a5  _c_int00_noargs               
000006d9  GPIODirModeSet                
00000705  GPIOPinTypeGPIOOutput         
0000071f  __TI_decompress_none          
0000072d  ResetISR                      
00000739  GPIOPinWrite                  
0000073f  SysCtlDelay                   
00000745  _system_pre_init              
00000749  C$$EXIT                       
00000749  abort                         
00000770  __TI_Handler_Table_Base       
00000778  __TI_CINIT_Base               
00000778  __TI_Handler_Table_Limit      
00000780  __TI_CINIT_Limit              
20000000  __stack                       
20000200  __STACK_END                   
20000200  __STACK_TOP                   
20000200  data                          
ffffffff  __TI_pprof_out_hndl           
ffffffff  __TI_prof_data_size           
ffffffff  __TI_prof_data_start          
ffffffff  __binit__                     
ffffffff  __c_args__                    
ffffffff  binit                         
UNDEFED   __mpu_init                    
UNDEFED   _system_post_cinit            

[39 symbols]
