******************************************************************************
                  TI ARM Linker PC v18.12.3                    
******************************************************************************
>> Linked Fri Feb 18 16:54:05 2022

OUTPUT FILE NAME:   <L08_PWM.out>
ENTRY POINT SYMBOL: "_c_int00_noinit_noargs"  address: 00000621


MEMORY CONFIGURATION

         name            origin    length      used     unused   attr    fill
----------------------  --------  ---------  --------  --------  ----  --------
  FLASH                 00000000   00040000  00000790  0003f870  R  X
  SRAM                  20000000   00008000  00000200  00007e00  RW X


SEGMENT ALLOCATION MAP

run origin  load origin   length   init length attrs members
----------  ----------- ---------- ----------- ----- -------
00000000    00000000    00000790   00000790    r-x
  00000000    00000000    0000026c   0000026c    r-- .intvecs
  0000026c    0000026c    00000494   00000494    r-x .text
  00000700    00000700    00000090   00000090    r-- .const
20000000    20000000    00000200   00000000    rw-
  20000000    20000000    00000200   00000000    rw- .stack


SECTION ALLOCATION MAP

 output                                  attributes/
section   page    origin      length       input sections
--------  ----  ----------  ----------   ----------------
.intvecs   0    00000000    0000026c     
                  00000000    0000026c     tm4c123gh6pm_startup_ccs.obj (.intvecs)

.text      0    0000026c    00000494     
                  0000026c    0000016c     driverlib.lib : gpio.obj (.text:GPIOPadConfigSet)
                  000003d8    000000f4                   : sysctl.obj (.text:SysCtlClockSet)
                  000004cc    000000a8     main.obj (.text)
                  00000574    0000004c     driverlib.lib : gpio.obj (.text:GPIOPinConfigure)
                  000005c0    00000034                   : sysctl.obj (.text:SysCtlPeripheralEnable)
                  000005f4    0000002c                   : gpio.obj (.text:GPIODirModeSet)
                  00000620    0000002c     rtsv7M4_T_le_v4SPD16_eabi.lib : boot_cortex_m.c.obj (.text:_c_int00_noinit_noargs:_c_int00_noinit_noargs)
                  0000064c    00000022     driverlib.lib : pwm.obj (.text:PWMGenConfigure)
                  0000066e    0000001e                   : pwm.obj (.text:PWMPulseWidthSet)
                  0000068c    00000016                   : gpio.obj (.text:GPIOPinTypePWM)
                  000006a2    00000002     --HOLE-- [fill = 0]
                  000006a4    00000014                   : sysctl.obj (.text:SysCtlPWMClockSet)
                  000006b8    00000012                   : pwm.obj (.text:PWMOutputState)
                  000006ca    00000010                   : pwm.obj (.text:PWMGenPeriodSet)
                  000006da    0000000c                   : pwm.obj (.text:PWMGenEnable)
                  000006e6    0000000c     tm4c123gh6pm_startup_ccs.obj (.text)
                  000006f2    00000006     driverlib.lib : sysctl.obj (.text:SysCtlDelay)
                  000006f8    00000004     rtsv7M4_T_le_v4SPD16_eabi.lib : pre_init.c.obj (.text:_system_pre_init)
                  000006fc    00000004                                   : exit.c.obj (.text:abort:abort)

.const     0    00000700    00000090     
                  00000700    00000090     driverlib.lib : gpio.obj (.const:g_pui32GPIOBaseAddrs)

.cinit     0    00000000    00000000     UNINITIALIZED

.init_array 
*          0    00000000    00000000     UNINITIALIZED

.stack     0    20000000    00000200     UNINITIALIZED
                  20000000    00000004     rtsv7M4_T_le_v4SPD16_eabi.lib : boot_cortex_m.c.obj (.stack)
                  20000004    000001fc     --HOLE--

MODULE SUMMARY

       Module                         code   ro data   rw data
       ------                         ----   -------   -------
    .\
       tm4c123gh6pm_startup_ccs.obj   12     620       0      
       main.obj                       168    0         0      
    +--+------------------------------+------+---------+---------+
       Total:                         180    620       0      
                                                              
    ../driverlib.lib
       gpio.obj                       506    144       0      
       sysctl.obj                     322    0         0      
       pwm.obj                        110    0         0      
    +--+------------------------------+------+---------+---------+
       Total:                         938    144       0      
                                                              
    C:\ti\ccs920\ccs\tools\compiler\ti-cgt-arm_18.12.3.LTS\lib\rtsv7M4_T_le_v4SPD16_eabi.lib
       boot_cortex_m.c.obj            44     0         0      
       exit.c.obj                     4      0         0      
       pre_init.c.obj                 4      0         0      
    +--+------------------------------+------+---------+---------+
       Total:                         52     0         0      
                                                              
       Stack:                         0      0         512    
    +--+------------------------------+------+---------+---------+
       Grand Total:                   1170   764       512    


GLOBAL SYMBOLS: SORTED ALPHABETICALLY BY Name 

address   name                  
-------   ----                  
000006fd  C$$EXIT               
000005f5  GPIODirModeSet        
0000026d  GPIOPadConfigSet      
00000575  GPIOPinConfigure      
0000068d  GPIOPinTypePWM        
0000064d  PWMGenConfigure       
000006db  PWMGenEnable          
000006cb  PWMGenPeriodSet       
000006b9  PWMOutputState        
0000066f  PWMPulseWidthSet      
000006e7  ResetISR              
000003d9  SysCtlClockSet        
000006f3  SysCtlDelay           
000006a5  SysCtlPWMClockSet     
000005c1  SysCtlPeripheralEnable
20000200  __STACK_END           
00000200  __STACK_SIZE          
20000200  __STACK_TOP           
ffffffff  __TI_pprof_out_hndl   
ffffffff  __TI_prof_data_size   
ffffffff  __TI_prof_data_start  
00000000  __TI_static_base__    
ffffffff  __binit__             
ffffffff  __c_args__            
UNDEFED   __mpu_init            
20000000  __stack               
00000621  _c_int00_noinit_noargs
000006f9  _system_pre_init      
000006fd  abort                 
ffffffff  binit                 
00000000  g_pfnVectors          
000004cd  main                  


GLOBAL SYMBOLS: SORTED BY Symbol Address 

address   name                  
-------   ----                  
00000000  __TI_static_base__    
00000000  g_pfnVectors          
00000200  __STACK_SIZE          
0000026d  GPIOPadConfigSet      
000003d9  SysCtlClockSet        
000004cd  main                  
00000575  GPIOPinConfigure      
000005c1  SysCtlPeripheralEnable
000005f5  GPIODirModeSet        
00000621  _c_int00_noinit_noargs
0000064d  PWMGenConfigure       
0000066f  PWMPulseWidthSet      
0000068d  GPIOPinTypePWM        
000006a5  SysCtlPWMClockSet     
000006b9  PWMOutputState        
000006cb  PWMGenPeriodSet       
000006db  PWMGenEnable          
000006e7  ResetISR              
000006f3  SysCtlDelay           
000006f9  _system_pre_init      
000006fd  C$$EXIT               
000006fd  abort                 
20000000  __stack               
20000200  __STACK_END           
20000200  __STACK_TOP           
ffffffff  __TI_pprof_out_hndl   
ffffffff  __TI_prof_data_size   
ffffffff  __TI_prof_data_start  
ffffffff  __binit__             
ffffffff  __c_args__            
ffffffff  binit                 
UNDEFED   __mpu_init            

[32 symbols]
