******************************************************************************
                  TI ARM Linker PC v18.12.3                    
******************************************************************************
>> Linked Tue May 24 16:21:04 2022

OUTPUT FILE NAME:   <Z_RFID_Entry_Exit.out>
ENTRY POINT SYMBOL: "_c_int00_noargs"  address: 00000d35


MEMORY CONFIGURATION

         name            origin    length      used     unused   attr    fill
----------------------  --------  ---------  --------  --------  ----  --------
  FLASH                 00000000   00040000  00000fa2  0003f05e  R  X
  SRAM                  20000000   00008000  00000205  00007dfb  RW X


SEGMENT ALLOCATION MAP

run origin  load origin   length   init length attrs members
----------  ----------- ---------- ----------- ----- -------
00000000    00000000    00000fa8   00000fa8    r-x
  00000000    00000000    0000026c   0000026c    r-- .intvecs
  0000026c    0000026c    00000c5e   00000c5e    r-x .text
  00000ecc    00000ecc    000000c0   000000c0    r-- .const
  00000f90    00000f90    00000018   00000018    r-- .cinit
20000000    20000000    00000205   00000000    rw-
  20000000    20000000    00000200   00000000    rw- .stack
  20000200    20000200    00000005   00000000    rw- .data


SECTION ALLOCATION MAP

 output                                  attributes/
section   page    origin      length       input sections
--------  ----  ----------  ----------   ----------------
.intvecs   0    00000000    0000026c     
                  00000000    0000026c     tm4c123gh6pm_startup_ccs.obj (.intvecs)

.text      0    0000026c    00000c5e     
                  0000026c    000005e0     main.obj (.text)
                  0000084c    0000016c     driverlib.lib : gpio.obj (.text:GPIOPadConfigSet)
                  000009b8    000000f4                   : sysctl.obj (.text:SysCtlClockSet)
                  00000aac    0000009c     rtsv7M4_T_le_v4SPD16_eabi.lib : memcpy_t2.asm.obj (.text)
                  00000b48    00000068                                   : copy_decompress_lzss.c.obj (.text:decompress:lzss:__TI_decompress_lzss)
                  00000bb0    0000004c     driverlib.lib : gpio.obj (.text:GPIOPinConfigure)
                  00000bfc    00000046                   : uart.obj (.text:UARTConfigSetExpClk)
                  00000c42    00000002     rtsv7M4_T_le_v4SPD16_eabi.lib : div0.asm.obj (.text)
                  00000c44    00000044                                   : autoinit.c.obj (.text:__TI_auto_init_nobinit_nopinit:__TI_auto_init_nobinit_nopinit)
                  00000c88    00000040                                   : u_divt2.asm.obj (.text)
                  00000cc8    00000038     driverlib.lib : sysctl.obj (.text:SysCtlPeripheralPresent)
                  00000d00    00000034                   : sysctl.obj (.text:SysCtlPeripheralEnable)
                  00000d34    00000034     rtsv7M4_T_le_v4SPD16_eabi.lib : boot_cortex_m.c.obj (.text:_c_int00_noargs:_c_int00_noargs)
                  00000d68    0000002c     driverlib.lib : gpio.obj (.text:GPIODirModeSet)
                  00000d94    00000022                   : pwm.obj (.text:PWMGenConfigure)
                  00000db6    00000002     --HOLE-- [fill = 0]
                  00000db8    00000020                   : uart.obj (.text:UARTDisable)
                  00000dd8    0000001e                   : pwm.obj (.text:PWMPulseWidthSet)
                  00000df6    00000016                   : gpio.obj (.text:GPIOPinTypePWM)
                  00000e0c    00000016                   : gpio.obj (.text:GPIOPinTypeUART)
                  00000e22    00000002     --HOLE-- [fill = 0]
                  00000e24    00000014                   : sysctl.obj (.text:SysCtlPWMClockSet)
                  00000e38    00000014                   : uart.obj (.text:UARTEnable)
                  00000e4c    00000012                   : pwm.obj (.text:PWMOutputState)
                  00000e5e    00000010                   : pwm.obj (.text:PWMGenPeriodSet)
                  00000e6e    0000000e                   : uart.obj (.text:UARTCharsAvail)
                  00000e7c    0000000e     rtsv7M4_T_le_v4SPD16_eabi.lib : copy_decompress_none.c.obj (.text:decompress:none:__TI_decompress_none)
                  00000e8a    0000000c     driverlib.lib : pwm.obj (.text:PWMGenEnable)
                  00000e96    0000000c     tm4c123gh6pm_startup_ccs.obj (.text)
                  00000ea2    0000000a     driverlib.lib : uart.obj (.text:UARTCharGet)
                  00000eac    0000000a                   : uart.obj (.text:UARTCharPut)
                  00000eb6    00000006                   : sysctl.obj (.text:SysCtlDelay)
                  00000ebc    00000006                   : uart.obj (.text:UARTClockSourceSet)
                  00000ec2    00000004     rtsv7M4_T_le_v4SPD16_eabi.lib : pre_init.c.obj (.text:_system_pre_init)
                  00000ec6    00000004                                   : exit.c.obj (.text:abort:abort)

.const     0    00000ecc    000000c0     
                  00000ecc    00000090     driverlib.lib : gpio.obj (.const:g_pui32GPIOBaseAddrs)
                  00000f5c    00000012     main.obj (.const:.string)
                  00000f6e    00000002     --HOLE-- [fill = 0]
                  00000f70    0000000c     main.obj (.const:g_ui32UARTBase)
                  00000f7c    0000000c     main.obj (.const:g_ui32UARTPeriph)
                  00000f88    00000004     main.obj (.const)

.cinit     0    00000f90    00000018     
                  00000f90    00000008     (__TI_handler_table)
                  00000f98    00000007     (.cinit..data.load) [load image, compression = lzss]
                  00000f9f    00000001     --HOLE-- [fill = 0]
                  00000fa0    00000008     (__TI_cinit_table)

.init_array 
*          0    00000000    00000000     UNINITIALIZED

.data      0    20000200    00000005     UNINITIALIZED
                  20000200    00000005     main.obj (.data)

.stack     0    20000000    00000200     UNINITIALIZED
                  20000000    00000004     rtsv7M4_T_le_v4SPD16_eabi.lib : boot_cortex_m.c.obj (.stack)
                  20000004    000001fc     --HOLE--

MODULE SUMMARY

       Module                         code   ro data   rw data
       ------                         ----   -------   -------
    .\
       main.obj                       1504   46        5      
       tm4c123gh6pm_startup_ccs.obj   12     620       0      
    +--+------------------------------+------+---------+---------+
       Total:                         1516   666       5      
                                                              
    ../driverlib.lib
       gpio.obj                       528    144       0      
       sysctl.obj                     378    0         0      
       uart.obj                       162    0         0      
       pwm.obj                        110    0         0      
    +--+------------------------------+------+---------+---------+
       Total:                         1178   144       0      
                                                              
    C:\ti\ccs920\ccs\tools\compiler\ti-cgt-arm_18.12.3.LTS\lib\rtsv7M4_T_le_v4SPD16_eabi.lib
       memcpy_t2.asm.obj              156    0         0      
       copy_decompress_lzss.c.obj     104    0         0      
       autoinit.c.obj                 68     0         0      
       u_divt2.asm.obj                64     0         0      
       boot_cortex_m.c.obj            52     0         0      
       copy_decompress_none.c.obj     14     0         0      
       exit.c.obj                     4      0         0      
       pre_init.c.obj                 4      0         0      
       div0.asm.obj                   2      0         0      
    +--+------------------------------+------+---------+---------+
       Total:                         468    0         0      
                                                              
       Stack:                         0      0         512    
       Linker Generated:              0      23        0      
    +--+------------------------------+------+---------+---------+
       Grand Total:                   3162   833       517    


LINKER GENERATED COPY TABLES

__TI_cinit_table @ 00000fa0 records: 1, size/record: 8, table size: 8
	.data: load addr=00000f98, load size=00000007 bytes, run addr=20000200, run size=00000005 bytes, compression=lzss


LINKER GENERATED HANDLER TABLE

__TI_handler_table @ 00000f90 records: 2, size/record: 4, table size: 8
	index: 0, handler: __TI_decompress_lzss
	index: 1, handler: __TI_decompress_none


GLOBAL SYMBOLS: SORTED ALPHABETICALLY BY Name 

address   name                          
-------   ----                          
00000ec7  C$$EXIT                       
00000d69  GPIODirModeSet                
0000084d  GPIOPadConfigSet              
00000bb1  GPIOPinConfigure              
00000df7  GPIOPinTypePWM                
00000e0d  GPIOPinTypeUART               
00000d95  PWMGenConfigure               
00000e8b  PWMGenEnable                  
00000e5f  PWMGenPeriodSet               
00000e4d  PWMOutputState                
00000dd9  PWMPulseWidthSet              
00000e97  ResetISR                      
000009b9  SysCtlClockSet                
00000eb7  SysCtlDelay                   
00000e25  SysCtlPWMClockSet             
00000d01  SysCtlPeripheralEnable        
00000cc9  SysCtlPeripheralPresent       
00000ea3  UARTCharGet                   
00000ead  UARTCharPut                   
00000e6f  UARTCharsAvail                
00000ebd  UARTClockSourceSet            
00000bfd  UARTConfigSetExpClk           
00000db9  UARTDisable                   
00000e39  UARTEnable                    
0000026d  UARTStdioConfig               
000003bd  UARTgetc                      
00000303  UARTgets                      
000006df  UARTprintf                    
000003e5  UARTvprintf                   
000002b3  UARTwrite                     
20000200  __STACK_END                   
00000200  __STACK_SIZE                  
20000200  __STACK_TOP                   
00000fa0  __TI_CINIT_Base               
00000fa8  __TI_CINIT_Limit              
00000f90  __TI_Handler_Table_Base       
00000f98  __TI_Handler_Table_Limit      
00000c45  __TI_auto_init_nobinit_nopinit
00000b49  __TI_decompress_lzss          
00000e7d  __TI_decompress_none          
ffffffff  __TI_pprof_out_hndl           
ffffffff  __TI_prof_data_size           
ffffffff  __TI_prof_data_start          
00000000  __TI_static_base__            
00000c43  __aeabi_idiv0                 
00000c43  __aeabi_ldiv0                 
00000aad  __aeabi_memcpy                
00000aad  __aeabi_memcpy4               
00000aad  __aeabi_memcpy8               
00000c89  __aeabi_uidiv                 
00000c89  __aeabi_uidivmod              
ffffffff  __binit__                     
ffffffff  __c_args__                    
UNDEFED   __mpu_init                    
20000000  __stack                       
00000d35  _c_int00_noargs               
UNDEFED   _system_post_cinit            
00000ec3  _system_pre_init              
00000ec7  abort                         
ffffffff  binit                         
00000000  g_pfnVectors                  
00000707  main                          
00000aad  memcpy                        


GLOBAL SYMBOLS: SORTED BY Symbol Address 

address   name                          
-------   ----                          
00000000  __TI_static_base__            
00000000  g_pfnVectors                  
00000200  __STACK_SIZE                  
0000026d  UARTStdioConfig               
000002b3  UARTwrite                     
00000303  UARTgets                      
000003bd  UARTgetc                      
000003e5  UARTvprintf                   
000006df  UARTprintf                    
00000707  main                          
0000084d  GPIOPadConfigSet              
000009b9  SysCtlClockSet                
00000aad  __aeabi_memcpy                
00000aad  __aeabi_memcpy4               
00000aad  __aeabi_memcpy8               
00000aad  memcpy                        
00000b49  __TI_decompress_lzss          
00000bb1  GPIOPinConfigure              
00000bfd  UARTConfigSetExpClk           
00000c43  __aeabi_idiv0                 
00000c43  __aeabi_ldiv0                 
00000c45  __TI_auto_init_nobinit_nopinit
00000c89  __aeabi_uidiv                 
00000c89  __aeabi_uidivmod              
00000cc9  SysCtlPeripheralPresent       
00000d01  SysCtlPeripheralEnable        
00000d35  _c_int00_noargs               
00000d69  GPIODirModeSet                
00000d95  PWMGenConfigure               
00000db9  UARTDisable                   
00000dd9  PWMPulseWidthSet              
00000df7  GPIOPinTypePWM                
00000e0d  GPIOPinTypeUART               
00000e25  SysCtlPWMClockSet             
00000e39  UARTEnable                    
00000e4d  PWMOutputState                
00000e5f  PWMGenPeriodSet               
00000e6f  UARTCharsAvail                
00000e7d  __TI_decompress_none          
00000e8b  PWMGenEnable                  
00000e97  ResetISR                      
00000ea3  UARTCharGet                   
00000ead  UARTCharPut                   
00000eb7  SysCtlDelay                   
00000ebd  UARTClockSourceSet            
00000ec3  _system_pre_init              
00000ec7  C$$EXIT                       
00000ec7  abort                         
00000f90  __TI_Handler_Table_Base       
00000f98  __TI_Handler_Table_Limit      
00000fa0  __TI_CINIT_Base               
00000fa8  __TI_CINIT_Limit              
20000000  __stack                       
20000200  __STACK_END                   
20000200  __STACK_TOP                   
ffffffff  __TI_pprof_out_hndl           
ffffffff  __TI_prof_data_size           
ffffffff  __TI_prof_data_start          
ffffffff  __binit__                     
ffffffff  __c_args__                    
ffffffff  binit                         
UNDEFED   __mpu_init                    
UNDEFED   _system_post_cinit            

[63 symbols]
