******************************************************************************
                  TI ARM Linker PC v18.12.3                    
******************************************************************************
>> Linked Tue Sep 21 22:09:52 2021

OUTPUT FILE NAME:   <PDA_ENGG.out>
ENTRY POINT SYMBOL: "_c_int00_noargs"  address: 00000cfd


MEMORY CONFIGURATION

         name            origin    length      used     unused   attr    fill
----------------------  --------  ---------  --------  --------  ----  --------
  FLASH                 00000000   00040000  00000ee6  0003f11a  R  X
  SRAM                  20000000   00008000  00000205  00007dfb  RW X


SEGMENT ALLOCATION MAP

run origin  load origin   length   init length attrs members
----------  ----------- ---------- ----------- ----- -------
00000000    00000000    00000ee8   00000ee8    r-x
  00000000    00000000    0000026c   0000026c    r-- .intvecs
  0000026c    0000026c    00000b8a   00000b8a    r-x .text
  00000df8    00000df8    000000d8   000000d8    r-- .const
  00000ed0    00000ed0    00000018   00000018    r-- .cinit
20000000    20000000    00000205   00000000    rw-
  20000000    20000000    00000200   00000000    rw- .stack
  20000200    20000200    00000005   00000000    rw- .data


SECTION ALLOCATION MAP

 output                                  attributes/
section   page    origin      length       input sections
--------  ----  ----------  ----------   ----------------
.intvecs   0    00000000    0000026c     
                  00000000    0000026c     tm4c123gh6pm_startup_ccs.obj (.intvecs)

.text      0    0000026c    00000b8a     
                  0000026c    000005a8     main.obj (.text)
                  00000814    0000016c     driverlib.lib : gpio.obj (.text:GPIOPadConfigSet)
                  00000980    000000f4                   : sysctl.obj (.text:SysCtlClockSet)
                  00000a74    0000009c     rtsv7M4_T_le_v4SPD16_eabi.lib : memcpy_t2.asm.obj (.text)
                  00000b10    00000068                                   : copy_decompress_lzss.c.obj (.text:decompress:lzss:__TI_decompress_lzss)
                  00000b78    0000004c     driverlib.lib : gpio.obj (.text:GPIOPinConfigure)
                  00000bc4    00000046                   : uart.obj (.text:UARTConfigSetExpClk)
                  00000c0a    00000002     rtsv7M4_T_le_v4SPD16_eabi.lib : div0.asm.obj (.text)
                  00000c0c    00000044                                   : autoinit.c.obj (.text:__TI_auto_init_nobinit_nopinit:__TI_auto_init_nobinit_nopinit)
                  00000c50    00000040                                   : u_divt2.asm.obj (.text)
                  00000c90    00000038     driverlib.lib : sysctl.obj (.text:SysCtlPeripheralPresent)
                  00000cc8    00000034                   : sysctl.obj (.text:SysCtlPeripheralEnable)
                  00000cfc    00000034     rtsv7M4_T_le_v4SPD16_eabi.lib : boot_cortex_m.c.obj (.text:_c_int00_noargs:_c_int00_noargs)
                  00000d30    0000002c     driverlib.lib : gpio.obj (.text:GPIODirModeSet)
                  00000d5c    00000020                   : uart.obj (.text:UARTDisable)
                  00000d7c    00000016                   : gpio.obj (.text:GPIOPinTypeUART)
                  00000d92    00000014                   : uart.obj (.text:UARTEnable)
                  00000da6    0000000e                   : uart.obj (.text:UARTCharsAvail)
                  00000db4    0000000e     rtsv7M4_T_le_v4SPD16_eabi.lib : copy_decompress_none.c.obj (.text:decompress:none:__TI_decompress_none)
                  00000dc2    0000000c     tm4c123gh6pm_startup_ccs.obj (.text)
                  00000dce    0000000a     driverlib.lib : uart.obj (.text:UARTCharGet)
                  00000dd8    0000000a                   : uart.obj (.text:UARTCharPut)
                  00000de2    00000006                   : sysctl.obj (.text:SysCtlDelay)
                  00000de8    00000006                   : uart.obj (.text:UARTClockSourceSet)
                  00000dee    00000004     rtsv7M4_T_le_v4SPD16_eabi.lib : pre_init.c.obj (.text:_system_pre_init)
                  00000df2    00000004                                   : exit.c.obj (.text:abort:abort)

.const     0    00000df8    000000d8     
                  00000df8    00000090     driverlib.lib : gpio.obj (.const:g_pui32GPIOBaseAddrs)
                  00000e88    00000015     main.obj (.const:.string:$P$T0$2)
                  00000e9d    00000003     --HOLE-- [fill = 0]
                  00000ea0    00000012     main.obj (.const:.string)
                  00000eb2    00000002     --HOLE-- [fill = 0]
                  00000eb4    0000000c     main.obj (.const:g_ui32UARTBase)
                  00000ec0    0000000c     main.obj (.const:g_ui32UARTPeriph)
                  00000ecc    00000004     main.obj (.const)

.cinit     0    00000ed0    00000018     
                  00000ed0    00000008     (__TI_handler_table)
                  00000ed8    00000007     (.cinit..data.load) [load image, compression = lzss]
                  00000edf    00000001     --HOLE-- [fill = 0]
                  00000ee0    00000008     (__TI_cinit_table)

.init_array 
*          0    00000000    00000000     UNINITIALIZED

.data      0    20000200    00000005     UNINITIALIZED
                  20000200    00000005     main.obj (.data)

.stack     0    20000000    00000200     UNINITIALIZED
                  20000000    00000004     rtsv7M4_T_le_v4SPD16_eabi.lib : boot_cortex_m.c.obj (.stack)
                  20000004    000001fc     --HOLE--

MODULE SUMMARY

       Module                         code   ro data   rw data
       ------                         ----   -------   -------
    .\
       main.obj                       1448   67        5      
       tm4c123gh6pm_startup_ccs.obj   12     620       0      
    +--+------------------------------+------+---------+---------+
       Total:                         1460   687       5      
                                                              
    ../driverlib.lib
       gpio.obj                       506    144       0      
       sysctl.obj                     358    0         0      
       uart.obj                       162    0         0      
    +--+------------------------------+------+---------+---------+
       Total:                         1026   144       0      
                                                              
    C:\ti\ccs920\ccs\tools\compiler\ti-cgt-arm_18.12.3.LTS\lib\rtsv7M4_T_le_v4SPD16_eabi.lib
       memcpy_t2.asm.obj              156    0         0      
       copy_decompress_lzss.c.obj     104    0         0      
       autoinit.c.obj                 68     0         0      
       u_divt2.asm.obj                64     0         0      
       boot_cortex_m.c.obj            52     0         0      
       copy_decompress_none.c.obj     14     0         0      
       exit.c.obj                     4      0         0      
       pre_init.c.obj                 4      0         0      
       div0.asm.obj                   2      0         0      
    +--+------------------------------+------+---------+---------+
       Total:                         468    0         0      
                                                              
       Stack:                         0      0         512    
       Linker Generated:              0      23        0      
    +--+------------------------------+------+---------+---------+
       Grand Total:                   2954   854       517    


LINKER GENERATED COPY TABLES

__TI_cinit_table @ 00000ee0 records: 1, size/record: 8, table size: 8
	.data: load addr=00000ed8, load size=00000007 bytes, run addr=20000200, run size=00000005 bytes, compression=lzss


LINKER GENERATED HANDLER TABLE

__TI_handler_table @ 00000ed0 records: 2, size/record: 4, table size: 8
	index: 0, handler: __TI_decompress_lzss
	index: 1, handler: __TI_decompress_none


GLOBAL SYMBOLS: SORTED ALPHABETICALLY BY Name 

address   name                          
-------   ----                          
00000df3  C$$EXIT                       
00000d31  GPIODirModeSet                
00000815  GPIOPadConfigSet              
00000b79  GPIOPinConfigure              
00000d7d  GPIOPinTypeUART               
00000dc3  ResetISR                      
00000981  SysCtlClockSet                
00000de3  SysCtlDelay                   
00000cc9  SysCtlPeripheralEnable        
00000c91  SysCtlPeripheralPresent       
00000dcf  UARTCharGet                   
00000dd9  UARTCharPut                   
00000da7  UARTCharsAvail                
00000de9  UARTClockSourceSet            
00000bc5  UARTConfigSetExpClk           
00000d5d  UARTDisable                   
00000d93  UARTEnable                    
0000026d  UARTStdioConfig               
000003bd  UARTgetc                      
00000303  UARTgets                      
000006df  UARTprintf                    
000003e5  UARTvprintf                   
000002b3  UARTwrite                     
20000200  __STACK_END                   
00000200  __STACK_SIZE                  
20000200  __STACK_TOP                   
00000ee0  __TI_CINIT_Base               
00000ee8  __TI_CINIT_Limit              
00000ed0  __TI_Handler_Table_Base       
00000ed8  __TI_Handler_Table_Limit      
00000c0d  __TI_auto_init_nobinit_nopinit
00000b11  __TI_decompress_lzss          
00000db5  __TI_decompress_none          
ffffffff  __TI_pprof_out_hndl           
ffffffff  __TI_prof_data_size           
ffffffff  __TI_prof_data_start          
00000000  __TI_static_base__            
00000c0b  __aeabi_idiv0                 
00000c0b  __aeabi_ldiv0                 
00000a75  __aeabi_memcpy                
00000a75  __aeabi_memcpy4               
00000a75  __aeabi_memcpy8               
00000c51  __aeabi_uidiv                 
00000c51  __aeabi_uidivmod              
ffffffff  __binit__                     
ffffffff  __c_args__                    
UNDEFED   __mpu_init                    
20000000  __stack                       
00000cfd  _c_int00_noargs               
UNDEFED   _system_post_cinit            
00000def  _system_pre_init              
00000df3  abort                         
ffffffff  binit                         
00000000  g_pfnVectors                  
00000703  main                          
00000a75  memcpy                        


GLOBAL SYMBOLS: SORTED BY Symbol Address 

address   name                          
-------   ----                          
00000000  __TI_static_base__            
00000000  g_pfnVectors                  
00000200  __STACK_SIZE                  
0000026d  UARTStdioConfig               
000002b3  UARTwrite                     
00000303  UARTgets                      
000003bd  UARTgetc                      
000003e5  UARTvprintf                   
000006df  UARTprintf                    
00000703  main                          
00000815  GPIOPadConfigSet              
00000981  SysCtlClockSet                
00000a75  __aeabi_memcpy                
00000a75  __aeabi_memcpy4               
00000a75  __aeabi_memcpy8               
00000a75  memcpy                        
00000b11  __TI_decompress_lzss          
00000b79  GPIOPinConfigure              
00000bc5  UARTConfigSetExpClk           
00000c0b  __aeabi_idiv0                 
00000c0b  __aeabi_ldiv0                 
00000c0d  __TI_auto_init_nobinit_nopinit
00000c51  __aeabi_uidiv                 
00000c51  __aeabi_uidivmod              
00000c91  SysCtlPeripheralPresent       
00000cc9  SysCtlPeripheralEnable        
00000cfd  _c_int00_noargs               
00000d31  GPIODirModeSet                
00000d5d  UARTDisable                   
00000d7d  GPIOPinTypeUART               
00000d93  UARTEnable                    
00000da7  UARTCharsAvail                
00000db5  __TI_decompress_none          
00000dc3  ResetISR                      
00000dcf  UARTCharGet                   
00000dd9  UARTCharPut                   
00000de3  SysCtlDelay                   
00000de9  UARTClockSourceSet            
00000def  _system_pre_init              
00000df3  C$$EXIT                       
00000df3  abort                         
00000ed0  __TI_Handler_Table_Base       
00000ed8  __TI_Handler_Table_Limit      
00000ee0  __TI_CINIT_Base               
00000ee8  __TI_CINIT_Limit              
20000000  __stack                       
20000200  __STACK_END                   
20000200  __STACK_TOP                   
ffffffff  __TI_pprof_out_hndl           
ffffffff  __TI_prof_data_size           
ffffffff  __TI_prof_data_start          
ffffffff  __binit__                     
ffffffff  __c_args__                    
ffffffff  binit                         
UNDEFED   __mpu_init                    
UNDEFED   _system_post_cinit            

[56 symbols]
