******************************************************************************
                  TI ARM Linker PC v18.12.3                    
******************************************************************************
>> Linked Fri Feb 11 12:54:03 2022

OUTPUT FILE NAME:   <RFID_EEPROM.out>
ENTRY POINT SYMBOL: "_c_int00_noargs"  address: 00000fbd


MEMORY CONFIGURATION

         name            origin    length      used     unused   attr    fill
----------------------  --------  ---------  --------  --------  ----  --------
  FLASH                 00000000   00040000  000011f2  0003ee0e  R  X
  SRAM                  20000000   00008000  00000276  00007d8a  RW X


SEGMENT ALLOCATION MAP

run origin  load origin   length   init length attrs members
----------  ----------- ---------- ----------- ----- -------
00000000    00000000    000011f8   000011f8    r-x
  00000000    00000000    0000026c   0000026c    r-- .intvecs
  0000026c    0000026c    00000e96   00000e96    r-x .text
  00001104    00001104    000000c0   000000c0    r-- .const
  000011c8    000011c8    00000030   00000030    r-- .cinit
20000000    20000000    00000279   00000000    rw-
  20000000    20000000    00000200   00000000    rw- .stack
  20000200    20000200    00000065   00000000    rw- .bss
  20000268    20000268    00000011   00000000    rw- .data


SECTION ALLOCATION MAP

 output                                  attributes/
section   page    origin      length       input sections
--------  ----  ----------  ----------   ----------------
.intvecs   0    00000000    0000026c     
                  00000000    0000026c     tm4c123gh6pm_startup_ccs.obj (.intvecs)

.text      0    0000026c    00000e96     
                  0000026c    00000574     main.obj (.text)
                  000007e0    0000016c     driverlib.lib : gpio.obj (.text:GPIOPadConfigSet)
                  0000094c    000000f8     UART.obj (.text)
                  00000a44    000000f4     driverlib.lib : sysctl.obj (.text:SysCtlClockSet)
                  00000b38    000000c4                   : eeprom.obj (.text:EEPROMProgram)
                  00000bfc    0000009c     rtsv7M4_T_le_v4SPD16_eabi.lib : memcpy_t2.asm.obj (.text)
                  00000c98    00000068                                   : copy_decompress_lzss.c.obj (.text:decompress:lzss:__TI_decompress_lzss)
                  00000d00    00000050     driverlib.lib : sysctl.obj (.text:SysCtlPeripheralReset)
                  00000d50    0000004c                   : gpio.obj (.text:GPIOPinConfigure)
                  00000d9c    00000046                   : uart.obj (.text:UARTConfigSetExpClk)
                  00000de2    00000002     rtsv7M4_T_le_v4SPD16_eabi.lib : div0.asm.obj (.text)
                  00000de4    00000044                                   : autoinit.c.obj (.text:__TI_auto_init_nobinit_nopinit:__TI_auto_init_nobinit_nopinit)
                  00000e28    00000040     driverlib.lib : eeprom.obj (.text:EEPROMInit)
                  00000e68    00000040     rtsv7M4_T_le_v4SPD16_eabi.lib : u_divt2.asm.obj (.text)
                  00000ea8    0000003c     driverlib.lib : eeprom.obj (.text:_EEPROMSectorMaskSet)
                  00000ee4    00000038                   : eeprom.obj (.text:EEPROMRead)
                  00000f1c    00000038                   : sysctl.obj (.text:SysCtlPeripheralPresent)
                  00000f54    00000034                   : sysctl.obj (.text:SysCtlPeripheralEnable)
                  00000f88    00000034                   : eeprom.obj (.text:_EEPROMSectorMaskClear)
                  00000fbc    00000034     rtsv7M4_T_le_v4SPD16_eabi.lib : boot_cortex_m.c.obj (.text:_c_int00_noargs:_c_int00_noargs)
                  00000ff0    0000002c     driverlib.lib : gpio.obj (.text:GPIODirModeSet)
                  0000101c    00000020                   : uart.obj (.text:UARTDisable)
                  0000103c    0000001c     rtsv7M4_T_le_v4SPD16_eabi.lib : copy_zero_init.c.obj (.text:decompress:ZI:__TI_zero_init_nomemset:__TI_zero_init_nomemset)
                  00001058    0000001a     driverlib.lib : gpio.obj (.text:GPIOPinTypeGPIOOutput)
                  00001072    00000016                   : gpio.obj (.text:GPIOPinTypeUART)
                  00001088    00000014                   : uart.obj (.text:UARTEnable)
                  0000109c    00000010                   : eeprom.obj (.text:_EEPROMWaitForDone)
                  000010ac    0000000e                   : uart.obj (.text:UARTCharsAvail)
                  000010ba    0000000e     rtsv7M4_T_le_v4SPD16_eabi.lib : copy_decompress_none.c.obj (.text:decompress:none:__TI_decompress_none)
                  000010c8    0000000c     tm4c123gh6pm_startup_ccs.obj (.text)
                  000010d4    0000000a     driverlib.lib : uart.obj (.text:UARTCharGet)
                  000010de    0000000a                   : uart.obj (.text:UARTCharPut)
                  000010e8    00000006                   : gpio.obj (.text:GPIOPinWrite)
                  000010ee    00000006                   : sysctl.obj (.text:SysCtlDelay)
                  000010f4    00000006                   : uart.obj (.text:UARTClockSourceSet)
                  000010fa    00000004     rtsv7M4_T_le_v4SPD16_eabi.lib : pre_init.c.obj (.text:_system_pre_init)
                  000010fe    00000004                                   : exit.c.obj (.text:abort:abort)

.const     0    00001104    000000c0     
                  00001104    00000090     driverlib.lib : gpio.obj (.const:g_pui32GPIOBaseAddrs)
                  00001194    00000012     main.obj (.const:.string)
                  000011a6    00000002     --HOLE-- [fill = 0]
                  000011a8    0000000c     main.obj (.const:g_ui32UARTBase)
                  000011b4    0000000c     main.obj (.const:g_ui32UARTPeriph)
                  000011c0    00000004     main.obj (.const)

.cinit     0    000011c8    00000030     
                  000011c8    0000000c     (__TI_handler_table)
                  000011d4    00000004     --HOLE-- [fill = 0]
                  000011d8    00000008     (.cinit..bss.load) [load image, compression = zero_init]
                  000011e0    00000007     (.cinit..data.load) [load image, compression = lzss]
                  000011e7    00000001     --HOLE-- [fill = 0]
                  000011e8    00000010     (__TI_cinit_table)

.init_array 
*          0    00000000    00000000     UNINITIALIZED

.bss       0    20000200    00000065     UNINITIALIZED
                  20000200    0000002c     (.common:EEPROM_Read)
                  2000022c    0000002c     (.common:final)
                  20000258    0000000c     (.common:dest)
                  20000264    00000001     (.common:data)

.data      0    20000268    00000011     UNINITIALIZED
                  20000268    00000011     main.obj (.data)

.stack     0    20000000    00000200     UNINITIALIZED
                  20000000    00000004     rtsv7M4_T_le_v4SPD16_eabi.lib : boot_cortex_m.c.obj (.stack)
                  20000004    000001fc     --HOLE--

MODULE SUMMARY

       Module                         code   ro data   rw data
       ------                         ----   -------   -------
    .\
       main.obj                       1396   46        118    
       tm4c123gh6pm_startup_ccs.obj   12     620       0      
       UART.obj                       248    0         0      
    +--+------------------------------+------+---------+---------+
       Total:                         1656   666       118    
                                                              
    ../driverlib.lib
       gpio.obj                       538    144       0      
       eeprom.obj                     444    0         0      
       sysctl.obj                     438    0         0      
       uart.obj                       162    0         0      
    +--+------------------------------+------+---------+---------+
       Total:                         1582   144       0      
                                                              
    C:\ti\ccs920\ccs\tools\compiler\ti-cgt-arm_18.12.3.LTS\lib\rtsv7M4_T_le_v4SPD16_eabi.lib
       memcpy_t2.asm.obj              156    0         0      
       copy_decompress_lzss.c.obj     104    0         0      
       autoinit.c.obj                 68     0         0      
       u_divt2.asm.obj                64     0         0      
       boot_cortex_m.c.obj            52     0         0      
       copy_zero_init.c.obj           28     0         0      
       copy_decompress_none.c.obj     14     0         0      
       exit.c.obj                     4      0         0      
       pre_init.c.obj                 4      0         0      
       div0.asm.obj                   2      0         0      
    +--+------------------------------+------+---------+---------+
       Total:                         496    0         0      
                                                              
       Stack:                         0      0         512    
       Linker Generated:              0      43        0      
    +--+------------------------------+------+---------+---------+
       Grand Total:                   3734   853       630    


LINKER GENERATED COPY TABLES

__TI_cinit_table @ 000011e8 records: 2, size/record: 8, table size: 16
	.bss: load addr=000011d8, load size=00000008 bytes, run addr=20000200, run size=00000065 bytes, compression=zero_init
	.data: load addr=000011e0, load size=00000007 bytes, run addr=20000268, run size=00000011 bytes, compression=lzss


LINKER GENERATED HANDLER TABLE

__TI_handler_table @ 000011c8 records: 3, size/record: 4, table size: 12
	index: 0, handler: __TI_decompress_lzss
	index: 1, handler: __TI_decompress_none
	index: 2, handler: __TI_zero_init


GLOBAL SYMBOLS: SORTED ALPHABETICALLY BY Name 

address   name                          
-------   ----                          
000010ff  C$$EXIT                       
00000e29  EEPROMInit                    
00000b39  EEPROMProgram                 
00000ee5  EEPROMRead                    
000009c5  EEPROM_Init                   
20000200  EEPROM_Read                   
00000ff1  GPIODirModeSet                
000007e1  GPIOPadConfigSet              
00000d51  GPIOPinConfigure              
00001059  GPIOPinTypeGPIOOutput         
00001073  GPIOPinTypeUART               
000010e9  GPIOPinWrite                  
000010c9  ResetISR                      
00000a45  SysCtlClockSet                
000010ef  SysCtlDelay                   
00000f55  SysCtlPeripheralEnable        
00000f1d  SysCtlPeripheralPresent       
00000d01  SysCtlPeripheralReset         
000010d5  UARTCharGet                   
000010df  UARTCharPut                   
000010ad  UARTCharsAvail                
000010f5  UARTClockSourceSet            
00000d9d  UARTConfigSetExpClk           
0000101d  UARTDisable                   
00001089  UARTEnable                    
0000026d  UARTStdioConfig               
0000094d  UART_Init                     
000003bd  UARTgetc                      
00000303  UARTgets                      
000006df  UARTprintf                    
000003e5  UARTvprintf                   
000002b3  UARTwrite                     
20000200  __STACK_END                   
00000200  __STACK_SIZE                  
20000200  __STACK_TOP                   
000011e8  __TI_CINIT_Base               
000011f8  __TI_CINIT_Limit              
000011c8  __TI_Handler_Table_Base       
000011d4  __TI_Handler_Table_Limit      
00000de5  __TI_auto_init_nobinit_nopinit
00000c99  __TI_decompress_lzss          
000010bb  __TI_decompress_none          
ffffffff  __TI_pprof_out_hndl           
ffffffff  __TI_prof_data_size           
ffffffff  __TI_prof_data_start          
00000000  __TI_static_base__            
0000103d  __TI_zero_init_nomemset       
00000de3  __aeabi_idiv0                 
00000de3  __aeabi_ldiv0                 
00000bfd  __aeabi_memcpy                
00000bfd  __aeabi_memcpy4               
00000bfd  __aeabi_memcpy8               
00000e69  __aeabi_uidiv                 
00000e69  __aeabi_uidivmod              
ffffffff  __binit__                     
ffffffff  __c_args__                    
UNDEFED   __mpu_init                    
20000000  __stack                       
00000fbd  _c_int00_noargs               
UNDEFED   _system_post_cinit            
000010fb  _system_pre_init              
000010ff  abort                         
ffffffff  binit                         
20000264  data                          
20000258  dest                          
2000022c  final                         
20000270  flag                          
00000000  g_pfnVectors                  
2000026c  i                             
20000274  j                             
00000703  main                          
00000bfd  memcpy                        


GLOBAL SYMBOLS: SORTED BY Symbol Address 

address   name                          
-------   ----                          
00000000  __TI_static_base__            
00000000  g_pfnVectors                  
00000200  __STACK_SIZE                  
0000026d  UARTStdioConfig               
000002b3  UARTwrite                     
00000303  UARTgets                      
000003bd  UARTgetc                      
000003e5  UARTvprintf                   
000006df  UARTprintf                    
00000703  main                          
000007e1  GPIOPadConfigSet              
0000094d  UART_Init                     
000009c5  EEPROM_Init                   
00000a45  SysCtlClockSet                
00000b39  EEPROMProgram                 
00000bfd  __aeabi_memcpy                
00000bfd  __aeabi_memcpy4               
00000bfd  __aeabi_memcpy8               
00000bfd  memcpy                        
00000c99  __TI_decompress_lzss          
00000d01  SysCtlPeripheralReset         
00000d51  GPIOPinConfigure              
00000d9d  UARTConfigSetExpClk           
00000de3  __aeabi_idiv0                 
00000de3  __aeabi_ldiv0                 
00000de5  __TI_auto_init_nobinit_nopinit
00000e29  EEPROMInit                    
00000e69  __aeabi_uidiv                 
00000e69  __aeabi_uidivmod              
00000ee5  EEPROMRead                    
00000f1d  SysCtlPeripheralPresent       
00000f55  SysCtlPeripheralEnable        
00000fbd  _c_int00_noargs               
00000ff1  GPIODirModeSet                
0000101d  UARTDisable                   
0000103d  __TI_zero_init_nomemset       
00001059  GPIOPinTypeGPIOOutput         
00001073  GPIOPinTypeUART               
00001089  UARTEnable                    
000010ad  UARTCharsAvail                
000010bb  __TI_decompress_none          
000010c9  ResetISR                      
000010d5  UARTCharGet                   
000010df  UARTCharPut                   
000010e9  GPIOPinWrite                  
000010ef  SysCtlDelay                   
000010f5  UARTClockSourceSet            
000010fb  _system_pre_init              
000010ff  C$$EXIT                       
000010ff  abort                         
000011c8  __TI_Handler_Table_Base       
000011d4  __TI_Handler_Table_Limit      
000011e8  __TI_CINIT_Base               
000011f8  __TI_CINIT_Limit              
20000000  __stack                       
20000200  EEPROM_Read                   
20000200  __STACK_END                   
20000200  __STACK_TOP                   
2000022c  final                         
20000258  dest                          
20000264  data                          
2000026c  i                             
20000270  flag                          
20000274  j                             
ffffffff  __TI_pprof_out_hndl           
ffffffff  __TI_prof_data_size           
ffffffff  __TI_prof_data_start          
ffffffff  __binit__                     
ffffffff  __c_args__                    
ffffffff  binit                         
UNDEFED   __mpu_init                    
UNDEFED   _system_post_cinit            

[72 symbols]
