******************************************************************************
                  TI ARM Linker PC v18.12.3                    
******************************************************************************
>> Linked Sun Dec 12 18:58:33 2021

OUTPUT FILE NAME:   <Serial_Peripheral_Master.out>
ENTRY POINT SYMBOL: "_c_int00_noargs"  address: 00000ec9


MEMORY CONFIGURATION

         name            origin    length      used     unused   attr    fill
----------------------  --------  ---------  --------  --------  ----  --------
  FLASH                 00000000   00040000  00001146  0003eeba  R  X
  SRAM                  20000000   00008000  00000205  00007dfb  RW X


SEGMENT ALLOCATION MAP

run origin  load origin   length   init length attrs members
----------  ----------- ---------- ----------- ----- -------
00000000    00000000    00001148   00001148    r-x
  00000000    00000000    0000026c   0000026c    r-- .intvecs
  0000026c    0000026c    00000d96   00000d96    r-x .text
  00001004    00001004    0000012c   0000012c    r-- .const
  00001130    00001130    00000018   00000018    r-- .cinit
20000000    20000000    00000205   00000000    rw-
  20000000    20000000    00000200   00000000    rw- .stack
  20000200    20000200    00000005   00000000    rw- .data


SECTION ALLOCATION MAP

 output                                  attributes/
section   page    origin      length       input sections
--------  ----  ----------  ----------   ----------------
.intvecs   0    00000000    0000026c     
                  00000000    0000026c     tm4c123gh6pm_startup_ccs.obj (.intvecs)

.text      0    0000026c    00000d96     
                  0000026c    00000620     main.obj (.text)
                  0000088c    0000016c     driverlib.lib : gpio.obj (.text:GPIOPadConfigSet)
                  000009f8    00000118                   : sysctl.obj (.text:SysCtlClockGet)
                  00000b10    000000f4                   : sysctl.obj (.text:SysCtlClockSet)
                  00000c04    0000009c     rtsv7M4_T_le_v4SPD16_eabi.lib : memcpy_t2.asm.obj (.text)
                  00000ca0    00000068                                   : copy_decompress_lzss.c.obj (.text:decompress:lzss:__TI_decompress_lzss)
                  00000d08    0000004c     driverlib.lib : gpio.obj (.text:GPIOPinConfigure)
                  00000d54    00000046                   : uart.obj (.text:UARTConfigSetExpClk)
                  00000d9a    00000002     rtsv7M4_T_le_v4SPD16_eabi.lib : div0.asm.obj (.text)
                  00000d9c    00000044                                   : autoinit.c.obj (.text:__TI_auto_init_nobinit_nopinit:__TI_auto_init_nobinit_nopinit)
                  00000de0    00000040                                   : u_divt2.asm.obj (.text)
                  00000e20    0000003c     driverlib.lib : ssi.obj (.text:SSIConfigSetExpClk)
                  00000e5c    00000038                   : sysctl.obj (.text:SysCtlPeripheralPresent)
                  00000e94    00000034                   : sysctl.obj (.text:SysCtlPeripheralEnable)
                  00000ec8    00000034     rtsv7M4_T_le_v4SPD16_eabi.lib : boot_cortex_m.c.obj (.text:_c_int00_noargs:_c_int00_noargs)
                  00000efc    0000002c     driverlib.lib : gpio.obj (.text:GPIODirModeSet)
                  00000f28    00000020                   : uart.obj (.text:UARTDisable)
                  00000f48    00000016                   : gpio.obj (.text:GPIOPinTypeGPIOInput)
                  00000f5e    00000016                   : gpio.obj (.text:GPIOPinTypeSSI)
                  00000f74    00000016                   : gpio.obj (.text:GPIOPinTypeUART)
                  00000f8a    00000014                   : uart.obj (.text:UARTEnable)
                  00000f9e    0000000e     rtsv7M4_T_le_v4SPD16_eabi.lib : copy_decompress_none.c.obj (.text:decompress:none:__TI_decompress_none)
                  00000fac    0000000c     tm4c123gh6pm_startup_ccs.obj (.text)
                  00000fb8    0000000a     driverlib.lib : ssi.obj (.text:SSIDataPut)
                  00000fc2    0000000a                   : ssi.obj (.text:SSIEnable)
                  00000fcc    0000000a                   : uart.obj (.text:UARTCharGet)
                  00000fd6    0000000a                   : uart.obj (.text:UARTCharPut)
                  00000fe0    00000008                   : ssi.obj (.text:SSIBusy)
                  00000fe8    00000006                   : gpio.obj (.text:GPIOPinRead)
                  00000fee    00000006                   : sysctl.obj (.text:SysCtlDelay)
                  00000ff4    00000006                   : uart.obj (.text:UARTClockSourceSet)
                  00000ffa    00000004     rtsv7M4_T_le_v4SPD16_eabi.lib : pre_init.c.obj (.text:_system_pre_init)
                  00000ffe    00000004                                   : exit.c.obj (.text:abort:abort)

.const     0    00001004    0000012c     
                  00001004    00000090     driverlib.lib : gpio.obj (.const:g_pui32GPIOBaseAddrs)
                  00001094    0000006c                   : sysctl.obj (.const:g_pui32Xtals)
                  00001100    00000012     main.obj (.const:.string)
                  00001112    00000002     --HOLE-- [fill = 0]
                  00001114    0000000c     main.obj (.const:g_ui32UARTBase)
                  00001120    0000000c     main.obj (.const:g_ui32UARTPeriph)
                  0000112c    00000004     main.obj (.const)

.cinit     0    00001130    00000018     
                  00001130    00000008     (__TI_handler_table)
                  00001138    00000007     (.cinit..data.load) [load image, compression = lzss]
                  0000113f    00000001     --HOLE-- [fill = 0]
                  00001140    00000008     (__TI_cinit_table)

.init_array 
*          0    00000000    00000000     UNINITIALIZED

.data      0    20000200    00000005     UNINITIALIZED
                  20000200    00000005     main.obj (.data)

.stack     0    20000000    00000200     UNINITIALIZED
                  20000000    00000004     rtsv7M4_T_le_v4SPD16_eabi.lib : boot_cortex_m.c.obj (.stack)
                  20000004    000001fc     --HOLE--

MODULE SUMMARY

       Module                         code   ro data   rw data
       ------                         ----   -------   -------
    .\
       main.obj                       1568   46        5      
       tm4c123gh6pm_startup_ccs.obj   12     620       0      
    +--+------------------------------+------+---------+---------+
       Total:                         1580   666       5      
                                                              
    ../driverlib.lib
       sysctl.obj                     638    108       0      
       gpio.obj                       556    144       0      
       uart.obj                       148    0         0      
       ssi.obj                        88     0         0      
    +--+------------------------------+------+---------+---------+
       Total:                         1430   252       0      
                                                              
    C:\ti\ccs920\ccs\tools\compiler\ti-cgt-arm_18.12.3.LTS\lib\rtsv7M4_T_le_v4SPD16_eabi.lib
       memcpy_t2.asm.obj              156    0         0      
       copy_decompress_lzss.c.obj     104    0         0      
       autoinit.c.obj                 68     0         0      
       u_divt2.asm.obj                64     0         0      
       boot_cortex_m.c.obj            52     0         0      
       copy_decompress_none.c.obj     14     0         0      
       exit.c.obj                     4      0         0      
       pre_init.c.obj                 4      0         0      
       div0.asm.obj                   2      0         0      
    +--+------------------------------+------+---------+---------+
       Total:                         468    0         0      
                                                              
       Stack:                         0      0         512    
       Linker Generated:              0      23        0      
    +--+------------------------------+------+---------+---------+
       Grand Total:                   3478   941       517    


LINKER GENERATED COPY TABLES

__TI_cinit_table @ 00001140 records: 1, size/record: 8, table size: 8
	.data: load addr=00001138, load size=00000007 bytes, run addr=20000200, run size=00000005 bytes, compression=lzss


LINKER GENERATED HANDLER TABLE

__TI_handler_table @ 00001130 records: 2, size/record: 4, table size: 8
	index: 0, handler: __TI_decompress_lzss
	index: 1, handler: __TI_decompress_none


GLOBAL SYMBOLS: SORTED ALPHABETICALLY BY Name 

address   name                          
-------   ----                          
00000fff  C$$EXIT                       
00000efd  GPIODirModeSet                
0000088d  GPIOPadConfigSet              
00000d09  GPIOPinConfigure              
00000fe9  GPIOPinRead                   
00000f49  GPIOPinTypeGPIOInput          
00000f5f  GPIOPinTypeSSI                
00000f75  GPIOPinTypeUART               
00000fad  ResetISR                      
00000fe1  SSIBusy                       
00000e21  SSIConfigSetExpClk            
00000fb9  SSIDataPut                    
00000fc3  SSIEnable                     
000009f9  SysCtlClockGet                
00000b11  SysCtlClockSet                
00000fef  SysCtlDelay                   
00000e95  SysCtlPeripheralEnable        
00000e5d  SysCtlPeripheralPresent       
00000fcd  UARTCharGet                   
00000fd7  UARTCharPut                   
00000ff5  UARTClockSourceSet            
00000d55  UARTConfigSetExpClk           
00000f29  UARTDisable                   
00000f8b  UARTEnable                    
0000026d  UARTStdioConfig               
000003bd  UARTgetc                      
00000303  UARTgets                      
000006df  UARTprintf                    
000003e5  UARTvprintf                   
000002b3  UARTwrite                     
20000200  __STACK_END                   
00000200  __STACK_SIZE                  
20000200  __STACK_TOP                   
00001140  __TI_CINIT_Base               
00001148  __TI_CINIT_Limit              
00001130  __TI_Handler_Table_Base       
00001138  __TI_Handler_Table_Limit      
00000d9d  __TI_auto_init_nobinit_nopinit
00000ca1  __TI_decompress_lzss          
00000f9f  __TI_decompress_none          
ffffffff  __TI_pprof_out_hndl           
ffffffff  __TI_prof_data_size           
ffffffff  __TI_prof_data_start          
00000000  __TI_static_base__            
00000d9b  __aeabi_idiv0                 
00000d9b  __aeabi_ldiv0                 
00000c05  __aeabi_memcpy                
00000c05  __aeabi_memcpy4               
00000c05  __aeabi_memcpy8               
00000de1  __aeabi_uidiv                 
00000de1  __aeabi_uidivmod              
ffffffff  __binit__                     
ffffffff  __c_args__                    
UNDEFED   __mpu_init                    
20000000  __stack                       
00000ec9  _c_int00_noargs               
UNDEFED   _system_post_cinit            
00000ffb  _system_pre_init              
00000fff  abort                         
ffffffff  binit                         
00000000  g_pfnVectors                  
00000707  main                          
00000c05  memcpy                        


GLOBAL SYMBOLS: SORTED BY Symbol Address 

address   name                          
-------   ----                          
00000000  __TI_static_base__            
00000000  g_pfnVectors                  
00000200  __STACK_SIZE                  
0000026d  UARTStdioConfig               
000002b3  UARTwrite                     
00000303  UARTgets                      
000003bd  UARTgetc                      
000003e5  UARTvprintf                   
000006df  UARTprintf                    
00000707  main                          
0000088d  GPIOPadConfigSet              
000009f9  SysCtlClockGet                
00000b11  SysCtlClockSet                
00000c05  __aeabi_memcpy                
00000c05  __aeabi_memcpy4               
00000c05  __aeabi_memcpy8               
00000c05  memcpy                        
00000ca1  __TI_decompress_lzss          
00000d09  GPIOPinConfigure              
00000d55  UARTConfigSetExpClk           
00000d9b  __aeabi_idiv0                 
00000d9b  __aeabi_ldiv0                 
00000d9d  __TI_auto_init_nobinit_nopinit
00000de1  __aeabi_uidiv                 
00000de1  __aeabi_uidivmod              
00000e21  SSIConfigSetExpClk            
00000e5d  SysCtlPeripheralPresent       
00000e95  SysCtlPeripheralEnable        
00000ec9  _c_int00_noargs               
00000efd  GPIODirModeSet                
00000f29  UARTDisable                   
00000f49  GPIOPinTypeGPIOInput          
00000f5f  GPIOPinTypeSSI                
00000f75  GPIOPinTypeUART               
00000f8b  UARTEnable                    
00000f9f  __TI_decompress_none          
00000fad  ResetISR                      
00000fb9  SSIDataPut                    
00000fc3  SSIEnable                     
00000fcd  UARTCharGet                   
00000fd7  UARTCharPut                   
00000fe1  SSIBusy                       
00000fe9  GPIOPinRead                   
00000fef  SysCtlDelay                   
00000ff5  UARTClockSourceSet            
00000ffb  _system_pre_init              
00000fff  C$$EXIT                       
00000fff  abort                         
00001130  __TI_Handler_Table_Base       
00001138  __TI_Handler_Table_Limit      
00001140  __TI_CINIT_Base               
00001148  __TI_CINIT_Limit              
20000000  __stack                       
20000200  __STACK_END                   
20000200  __STACK_TOP                   
ffffffff  __TI_pprof_out_hndl           
ffffffff  __TI_prof_data_size           
ffffffff  __TI_prof_data_start          
ffffffff  __binit__                     
ffffffff  __c_args__                    
ffffffff  binit                         
UNDEFED   __mpu_init                    
UNDEFED   _system_post_cinit            

[63 symbols]
