******************************************************************************
                  TI ARM Linker PC v18.12.3                    
******************************************************************************
>> Linked Wed Nov 17 16:52:20 2021

OUTPUT FILE NAME:   <Memory_Protection_Unit.out>
ENTRY POINT SYMBOL: "_c_int00_noargs"  address: 00000bd9


MEMORY CONFIGURATION

         name            origin    length      used     unused   attr    fill
----------------------  --------  ---------  --------  --------  ----  --------
  FLASH                 00000000   00040000  00000da8  0003f258  R  X
  SRAM                  20000000   00008000  00000219  00007de7  RW X


SEGMENT ALLOCATION MAP

run origin  load origin   length   init length attrs members
----------  ----------- ---------- ----------- ----- -------
00000000    00000000    00000da8   00000da8    r-x
  00000000    00000000    0000026c   0000026c    r-- .intvecs
  0000026c    0000026c    00000ac8   00000ac8    r-x .text
  00000d34    00000d34    00000044   00000044    r-- .const
  00000d78    00000d78    00000030   00000030    r-- .cinit
20000000    20000000    00000219   00000000    rw-
  20000000    20000000    00000200   00000000    rw- .stack
  20000200    20000200    00000014   00000000    rw- .bss
  20000214    20000214    00000005   00000000    rw- .data


SECTION ALLOCATION MAP

 output                                  attributes/
section   page    origin      length       input sections
--------  ----  ----------  ----------   ----------------
.intvecs   0    00000000    0000026c     
                  00000000    0000026c     tm4c123gh6pm_startup_ccs.obj (.intvecs)

.text      0    0000026c    00000ac8     
                  0000026c    0000056c     main.obj (.text)
                  000007d8    000000f4     driverlib.lib : sysctl.obj (.text:SysCtlClockSet)
                  000008cc    0000009c     rtsv7M4_T_le_v4SPD16_eabi.lib : memcpy_t2.asm.obj (.text)
                  00000968    00000068     driverlib.lib : flash.obj (.text:FlashProgram)
                  000009d0    00000068                   : interrupt.obj (.text:IntEnable)
                  00000a38    00000068     rtsv7M4_T_le_v4SPD16_eabi.lib : copy_decompress_lzss.c.obj (.text:decompress:lzss:__TI_decompress_lzss)
                  00000aa0    00000046     driverlib.lib : uart.obj (.text:UARTConfigSetExpClk)
                  00000ae6    00000002     rtsv7M4_T_le_v4SPD16_eabi.lib : div0.asm.obj (.text)
                  00000ae8    00000044                                   : autoinit.c.obj (.text:__TI_auto_init_nobinit_nopinit:__TI_auto_init_nobinit_nopinit)
                  00000b2c    00000040                                   : u_divt2.asm.obj (.text)
                  00000b6c    00000038     driverlib.lib : sysctl.obj (.text:SysCtlPeripheralPresent)
                  00000ba4    00000034                   : sysctl.obj (.text:SysCtlPeripheralEnable)
                  00000bd8    00000034     rtsv7M4_T_le_v4SPD16_eabi.lib : boot_cortex_m.c.obj (.text:_c_int00_noargs:_c_int00_noargs)
                  00000c0c    00000030     driverlib.lib : flash.obj (.text:FlashErase)
                  00000c3c    00000020                   : uart.obj (.text:UARTDisable)
                  00000c5c    0000001c                   : mpu.obj (.text:MPURegionSet)
                  00000c78    0000001c     rtsv7M4_T_le_v4SPD16_eabi.lib : copy_zero_init.c.obj (.text:decompress:ZI:__TI_zero_init_nomemset:__TI_zero_init_nomemset)
                  00000c94    00000018     driverlib.lib : mpu.obj (.text:MPURegionEnable)
                  00000cac    00000018                   : mpu.obj (.text:MPURegionGet)
                  00000cc4    00000014                   : uart.obj (.text:UARTEnable)
                  00000cd8    00000010                   : mpu.obj (.text:MPUEnable)
                  00000ce8    00000010                   : mpu.obj (.text:MPURegionCountGet)
                  00000cf8    0000000e     rtsv7M4_T_le_v4SPD16_eabi.lib : copy_decompress_none.c.obj (.text:decompress:none:__TI_decompress_none)
                  00000d06    0000000c     tm4c123gh6pm_startup_ccs.obj (.text)
                  00000d12    0000000a     driverlib.lib : uart.obj (.text:UARTCharGet)
                  00000d1c    0000000a                   : uart.obj (.text:UARTCharPut)
                  00000d26    00000006                   : sysctl.obj (.text:SysCtlDelay)
                  00000d2c    00000004     rtsv7M4_T_le_v4SPD16_eabi.lib : pre_init.c.obj (.text:_system_pre_init)
                  00000d30    00000004                                   : exit.c.obj (.text:abort:abort)

.const     0    00000d34    00000044     
                  00000d34    00000014     driverlib.lib : interrupt.obj (.const:g_pui32EnRegs)
                  00000d48    00000012     main.obj (.const:.string)
                  00000d5a    00000002     --HOLE-- [fill = 0]
                  00000d5c    0000000c     main.obj (.const:g_ui32UARTBase)
                  00000d68    0000000c     main.obj (.const:g_ui32UARTPeriph)
                  00000d74    00000004     main.obj (.const)

.cinit     0    00000d78    00000030     
                  00000d78    0000000c     (__TI_handler_table)
                  00000d84    00000004     --HOLE-- [fill = 0]
                  00000d88    00000008     (.cinit..bss.load) [load image, compression = zero_init]
                  00000d90    00000007     (.cinit..data.load) [load image, compression = lzss]
                  00000d97    00000001     --HOLE-- [fill = 0]
                  00000d98    00000010     (__TI_cinit_table)

.init_array 
*          0    00000000    00000000     UNINITIALIZED

.bss       0    20000200    00000014     UNINITIALIZED
                  20000200    00000008     (.common:Data)
                  20000208    00000008     (.common:Rewrite)
                  20000210    00000004     (.common:count)

.data      0    20000214    00000005     UNINITIALIZED
                  20000214    00000005     main.obj (.data)

.stack     0    20000000    00000200     UNINITIALIZED
                  20000000    00000004     rtsv7M4_T_le_v4SPD16_eabi.lib : boot_cortex_m.c.obj (.stack)
                  20000004    000001fc     --HOLE--

MODULE SUMMARY

       Module                         code   ro data   rw data
       ------                         ----   -------   -------
    .\
       main.obj                       1388   46        25     
       tm4c123gh6pm_startup_ccs.obj   12     620       0      
    +--+------------------------------+------+---------+---------+
       Total:                         1400   666       25     
                                                              
    ../driverlib.lib
       sysctl.obj                     358    0         0      
       flash.obj                      152    0         0      
       uart.obj                       142    0         0      
       interrupt.obj                  104    20        0      
       mpu.obj                        108    0         0      
    +--+------------------------------+------+---------+---------+
       Total:                         864    20        0      
                                                              
    C:\ti\ccs920\ccs\tools\compiler\ti-cgt-arm_18.12.3.LTS\lib\rtsv7M4_T_le_v4SPD16_eabi.lib
       memcpy_t2.asm.obj              156    0         0      
       copy_decompress_lzss.c.obj     104    0         0      
       autoinit.c.obj                 68     0         0      
       u_divt2.asm.obj                64     0         0      
       boot_cortex_m.c.obj            52     0         0      
       copy_zero_init.c.obj           28     0         0      
       copy_decompress_none.c.obj     14     0         0      
       exit.c.obj                     4      0         0      
       pre_init.c.obj                 4      0         0      
       div0.asm.obj                   2      0         0      
    +--+------------------------------+------+---------+---------+
       Total:                         496    0         0      
                                                              
       Stack:                         0      0         512    
       Linker Generated:              0      43        0      
    +--+------------------------------+------+---------+---------+
       Grand Total:                   2760   729       537    


LINKER GENERATED COPY TABLES

__TI_cinit_table @ 00000d98 records: 2, size/record: 8, table size: 16
	.bss: load addr=00000d88, load size=00000008 bytes, run addr=20000200, run size=00000014 bytes, compression=zero_init
	.data: load addr=00000d90, load size=00000007 bytes, run addr=20000214, run size=00000005 bytes, compression=lzss


LINKER GENERATED HANDLER TABLE

__TI_handler_table @ 00000d78 records: 3, size/record: 4, table size: 12
	index: 0, handler: __TI_decompress_lzss
	index: 1, handler: __TI_decompress_none
	index: 2, handler: __TI_zero_init


GLOBAL SYMBOLS: SORTED ALPHABETICALLY BY Name 

address   name                          
-------   ----                          
00000d31  C$$EXIT                       
20000200  Data                          
00000c0d  FlashErase                    
00000969  FlashProgram                  
000009d1  IntEnable                     
00000cd9  MPUEnable                     
00000ce9  MPURegionCountGet             
00000c95  MPURegionEnable               
00000cad  MPURegionGet                  
00000c5d  MPURegionSet                  
00000d07  ResetISR                      
20000208  Rewrite                       
000007d9  SysCtlClockSet                
00000d27  SysCtlDelay                   
00000ba5  SysCtlPeripheralEnable        
00000b6d  SysCtlPeripheralPresent       
00000d13  UARTCharGet                   
00000d1d  UARTCharPut                   
00000aa1  UARTConfigSetExpClk           
00000c3d  UARTDisable                   
00000cc5  UARTEnable                    
0000026d  UARTStdioConfig               
000003bd  UARTgetc                      
00000303  UARTgets                      
000006df  UARTprintf                    
000003e5  UARTvprintf                   
000002b3  UARTwrite                     
20000200  __STACK_END                   
00000200  __STACK_SIZE                  
20000200  __STACK_TOP                   
00000d98  __TI_CINIT_Base               
00000da8  __TI_CINIT_Limit              
00000d78  __TI_Handler_Table_Base       
00000d84  __TI_Handler_Table_Limit      
00000ae9  __TI_auto_init_nobinit_nopinit
00000a39  __TI_decompress_lzss          
00000cf9  __TI_decompress_none          
ffffffff  __TI_pprof_out_hndl           
ffffffff  __TI_prof_data_size           
ffffffff  __TI_prof_data_start          
00000000  __TI_static_base__            
00000c79  __TI_zero_init_nomemset       
00000ae7  __aeabi_idiv0                 
00000ae7  __aeabi_ldiv0                 
000008cd  __aeabi_memcpy                
000008cd  __aeabi_memcpy4               
000008cd  __aeabi_memcpy8               
00000b2d  __aeabi_uidiv                 
00000b2d  __aeabi_uidivmod              
ffffffff  __binit__                     
ffffffff  __c_args__                    
UNDEFED   __mpu_init                    
20000000  __stack                       
00000bd9  _c_int00_noargs               
UNDEFED   _system_post_cinit            
00000d2d  _system_pre_init              
00000d31  abort                         
ffffffff  binit                         
20000210  count                         
00000000  g_pfnVectors                  
00000703  main                          
000008cd  memcpy                        


GLOBAL SYMBOLS: SORTED BY Symbol Address 

address   name                          
-------   ----                          
00000000  __TI_static_base__            
00000000  g_pfnVectors                  
00000200  __STACK_SIZE                  
0000026d  UARTStdioConfig               
000002b3  UARTwrite                     
00000303  UARTgets                      
000003bd  UARTgetc                      
000003e5  UARTvprintf                   
000006df  UARTprintf                    
00000703  main                          
000007d9  SysCtlClockSet                
000008cd  __aeabi_memcpy                
000008cd  __aeabi_memcpy4               
000008cd  __aeabi_memcpy8               
000008cd  memcpy                        
00000969  FlashProgram                  
000009d1  IntEnable                     
00000a39  __TI_decompress_lzss          
00000aa1  UARTConfigSetExpClk           
00000ae7  __aeabi_idiv0                 
00000ae7  __aeabi_ldiv0                 
00000ae9  __TI_auto_init_nobinit_nopinit
00000b2d  __aeabi_uidiv                 
00000b2d  __aeabi_uidivmod              
00000b6d  SysCtlPeripheralPresent       
00000ba5  SysCtlPeripheralEnable        
00000bd9  _c_int00_noargs               
00000c0d  FlashErase                    
00000c3d  UARTDisable                   
00000c5d  MPURegionSet                  
00000c79  __TI_zero_init_nomemset       
00000c95  MPURegionEnable               
00000cad  MPURegionGet                  
00000cc5  UARTEnable                    
00000cd9  MPUEnable                     
00000ce9  MPURegionCountGet             
00000cf9  __TI_decompress_none          
00000d07  ResetISR                      
00000d13  UARTCharGet                   
00000d1d  UARTCharPut                   
00000d27  SysCtlDelay                   
00000d2d  _system_pre_init              
00000d31  C$$EXIT                       
00000d31  abort                         
00000d78  __TI_Handler_Table_Base       
00000d84  __TI_Handler_Table_Limit      
00000d98  __TI_CINIT_Base               
00000da8  __TI_CINIT_Limit              
20000000  __stack                       
20000200  Data                          
20000200  __STACK_END                   
20000200  __STACK_TOP                   
20000208  Rewrite                       
20000210  count                         
ffffffff  __TI_pprof_out_hndl           
ffffffff  __TI_prof_data_size           
ffffffff  __TI_prof_data_start          
ffffffff  __binit__                     
ffffffff  __c_args__                    
ffffffff  binit                         
UNDEFED   __mpu_init                    
UNDEFED   _system_post_cinit            

[62 symbols]
