******************************************************************************
                  TI ARM Linker PC v18.12.3                    
******************************************************************************
>> Linked Thu Feb 10 17:42:30 2022

OUTPUT FILE NAME:   <String_to_Integer.out>
ENTRY POINT SYMBOL: "_c_int00_noargs"  address: 00000f05


MEMORY CONFIGURATION

         name            origin    length      used     unused   attr    fill
----------------------  --------  ---------  --------  --------  ----  --------
  FLASH                 00000000   00040000  00001126  0003eeda  R  X
  SRAM                  20000000   00008000  00000225  00007ddb  RW X


SEGMENT ALLOCATION MAP

run origin  load origin   length   init length attrs members
----------  ----------- ---------- ----------- ----- -------
00000000    00000000    0000112c   0000112c    r-x
  00000000    00000000    0000026c   0000026c    r-- .intvecs
  0000026c    0000026c    00000dd2   00000dd2    r-x .text
  00001040    00001040    000000cc   000000cc    r-- .const
  00001110    00001110    0000001c   0000001c    r-- .cinit
20000000    20000000    00000228   00000000    rw-
  20000000    20000000    00000200   00000000    rw- .stack
  20000200    20000200    00000015   00000000    rw- .data
  20000218    20000218    00000010   00000000    rw- .sysmem


SECTION ALLOCATION MAP

 output                                  attributes/
section   page    origin      length       input sections
--------  ----  ----------  ----------   ----------------
.intvecs   0    00000000    0000026c     
                  00000000    0000026c     tm4c123gh6pm_startup_ccs.obj (.intvecs)

.text      0    0000026c    00000dd2     
                  0000026c    000004d8     main.obj (.text)
                  00000744    0000016c     driverlib.lib : gpio.obj (.text:GPIOPadConfigSet)
                  000008b0    00000168     print.obj (.text)
                  00000a18    000000f4     driverlib.lib : sysctl.obj (.text:SysCtlClockSet)
                  00000b0c    000000f4     rtsv7M4_T_le_v4SPD16_eabi.lib : memory.c.obj (.text:aligned_alloc)
                  00000c00    0000009c                                   : memcpy_t2.asm.obj (.text)
                  00000c9c    0000007c                                   : memory.c.obj (.text:split)
                  00000d18    00000068                                   : copy_decompress_lzss.c.obj (.text:decompress:lzss:__TI_decompress_lzss)
                  00000d80    0000004c     driverlib.lib : gpio.obj (.text:GPIOPinConfigure)
                  00000dcc    00000046                   : uart.obj (.text:UARTConfigSetExpClk)
                  00000e12    00000002     rtsv7M4_T_le_v4SPD16_eabi.lib : _lock.c.obj (.text:_nop)
                  00000e14    00000044                                   : autoinit.c.obj (.text:__TI_auto_init_nobinit_nopinit:__TI_auto_init_nobinit_nopinit)
                  00000e58    00000040                                   : u_divt2.asm.obj (.text)
                  00000e98    00000038     driverlib.lib : sysctl.obj (.text:SysCtlPeripheralPresent)
                  00000ed0    00000034                   : sysctl.obj (.text:SysCtlPeripheralEnable)
                  00000f04    00000034     rtsv7M4_T_le_v4SPD16_eabi.lib : boot_cortex_m.c.obj (.text:_c_int00_noargs:_c_int00_noargs)
                  00000f38    0000002c     driverlib.lib : gpio.obj (.text:GPIODirModeSet)
                  00000f64    00000028     rtsv7M4_T_le_v4SPD16_eabi.lib : memory.c.obj (.text:free_list_insert)
                  00000f8c    00000020     driverlib.lib : uart.obj (.text:UARTDisable)
                  00000fac    0000001c     rtsv7M4_T_le_v4SPD16_eabi.lib : memory.c.obj (.text:free_list_remove)
                  00000fc8    00000016     driverlib.lib : gpio.obj (.text:GPIOPinTypeUART)
                  00000fde    00000014                   : uart.obj (.text:UARTEnable)
                  00000ff2    0000000e     rtsv7M4_T_le_v4SPD16_eabi.lib : copy_decompress_none.c.obj (.text:decompress:none:__TI_decompress_none)
                  00001000    0000000c     tm4c123gh6pm_startup_ccs.obj (.text)
                  0000100c    0000000a     driverlib.lib : uart.obj (.text:UARTCharGet)
                  00001016    0000000a                   : uart.obj (.text:UARTCharPut)
                  00001020    00000008     rtsv7M4_T_le_v4SPD16_eabi.lib : memory.c.obj (.text:malloc)
                  00001028    00000006     driverlib.lib : sysctl.obj (.text:SysCtlDelay)
                  0000102e    00000006                   : uart.obj (.text:UARTClockSourceSet)
                  00001034    00000004     rtsv7M4_T_le_v4SPD16_eabi.lib : pre_init.c.obj (.text:_system_pre_init)
                  00001038    00000004                                   : exit.c.obj (.text:abort:abort)
                  0000103c    00000002                                   : div0.asm.obj (.text)

.const     0    00001040    000000cc     
                  00001040    00000090     driverlib.lib : gpio.obj (.const:g_pui32GPIOBaseAddrs)
                  000010d0    00000012     main.obj (.const:.string)
                  000010e2    00000002     --HOLE-- [fill = 0]
                  000010e4    0000000c     main.obj (.const:g_ui32UARTBase)
                  000010f0    0000000c     main.obj (.const:g_ui32UARTPeriph)
                  000010fc    0000000b     main.obj (.const:.string:$P$T0$2)
                  00001107    00000001     --HOLE-- [fill = 0]
                  00001108    00000004     main.obj (.const)

.cinit     0    00001110    0000001c     
                  00001110    0000000c     (.cinit..data.load) [load image, compression = lzss]
                  0000111c    00000008     (__TI_handler_table)
                  00001124    00000008     (__TI_cinit_table)

.init_array 
*          0    00000000    00000000     UNINITIALIZED

.stack     0    20000000    00000200     UNINITIALIZED
                  20000000    00000004     rtsv7M4_T_le_v4SPD16_eabi.lib : boot_cortex_m.c.obj (.stack)
                  20000004    000001fc     --HOLE--

.data      0    20000200    00000015     UNINITIALIZED
                  20000200    00000008     rtsv7M4_T_le_v4SPD16_eabi.lib : _lock.c.obj (.data:$O1$$)
                  20000208    00000008                                   : memory.c.obj (.data:$O1$$)
                  20000210    00000005     main.obj (.data)

.sysmem    0    20000218    00000010     UNINITIALIZED
                  20000218    00000010     rtsv7M4_T_le_v4SPD16_eabi.lib : memory.c.obj (.sysmem)

MODULE SUMMARY

       Module                         code   ro data   rw data
       ------                         ----   -------   -------
    .\
       main.obj                       1240   57        5      
       tm4c123gh6pm_startup_ccs.obj   12     620       0      
       print.obj                      360    0         0      
    +--+------------------------------+------+---------+---------+
       Total:                         1612   677       5      
                                                              
    ../driverlib.lib
       gpio.obj                       506    144       0      
       sysctl.obj                     358    0         0      
       uart.obj                       148    0         0      
    +--+------------------------------+------+---------+---------+
       Total:                         1012   144       0      
                                                              
    C:\ti\ccs920\ccs\tools\compiler\ti-cgt-arm_18.12.3.LTS\lib\rtsv7M4_T_le_v4SPD16_eabi.lib
       memory.c.obj                   444    0         8      
       memcpy_t2.asm.obj              156    0         0      
       copy_decompress_lzss.c.obj     104    0         0      
       autoinit.c.obj                 68     0         0      
       u_divt2.asm.obj                64     0         0      
       boot_cortex_m.c.obj            52     0         0      
       copy_decompress_none.c.obj     14     0         0      
       _lock.c.obj                    2      0         8      
       exit.c.obj                     4      0         0      
       pre_init.c.obj                 4      0         0      
       div0.asm.obj                   2      0         0      
    +--+------------------------------+------+---------+---------+
       Total:                         914    0         16     
                                                              
       Heap:                          0      0         16     
       Stack:                         0      0         512    
       Linker Generated:              0      28        0      
    +--+------------------------------+------+---------+---------+
       Grand Total:                   3538   849       549    


LINKER GENERATED COPY TABLES

__TI_cinit_table @ 00001124 records: 1, size/record: 8, table size: 8
	.data: load addr=00001110, load size=0000000c bytes, run addr=20000200, run size=00000015 bytes, compression=lzss


LINKER GENERATED HANDLER TABLE

__TI_handler_table @ 0000111c records: 2, size/record: 4, table size: 8
	index: 0, handler: __TI_decompress_lzss
	index: 1, handler: __TI_decompress_none


GLOBAL SYMBOLS: SORTED ALPHABETICALLY BY Name 

address   name                          
-------   ----                          
00001039  C$$EXIT                       
00000f39  GPIODirModeSet                
00000745  GPIOPadConfigSet              
00000d81  GPIOPinConfigure              
00000fc9  GPIOPinTypeUART               
00001001  ResetISR                      
00000a19  SysCtlClockSet                
00001029  SysCtlDelay                   
00000ed1  SysCtlPeripheralEnable        
00000e99  SysCtlPeripheralPresent       
0000100d  UARTCharGet                   
00001017  UARTCharPut                   
0000102f  UARTClockSourceSet            
00000dcd  UARTConfigSetExpClk           
00000f8d  UARTDisable                   
00000fdf  UARTEnable                    
0000026d  UARTStdioConfig               
000003bd  UARTgetc                      
00000303  UARTgets                      
000006df  UARTprintf                    
000003e5  UARTvprintf                   
000002b3  UARTwrite                     
20000200  __STACK_END                   
00000200  __STACK_SIZE                  
20000200  __STACK_TOP                   
00000010  __SYSMEM_SIZE                 
00001124  __TI_CINIT_Base               
0000112c  __TI_CINIT_Limit              
0000111c  __TI_Handler_Table_Base       
00001124  __TI_Handler_Table_Limit      
00000e15  __TI_auto_init_nobinit_nopinit
00000d19  __TI_decompress_lzss          
00000ff3  __TI_decompress_none          
ffffffff  __TI_pprof_out_hndl           
ffffffff  __TI_prof_data_size           
ffffffff  __TI_prof_data_start          
00000000  __TI_static_base__            
0000103d  __aeabi_idiv0                 
0000103d  __aeabi_ldiv0                 
00000c01  __aeabi_memcpy                
00000c01  __aeabi_memcpy4               
00000c01  __aeabi_memcpy8               
00000e59  __aeabi_uidiv                 
00000e59  __aeabi_uidivmod              
ffffffff  __binit__                     
ffffffff  __c_args__                    
UNDEFED   __mpu_init                    
20000000  __stack                       
00000f05  _c_int00_noargs               
20000200  _lock                         
00000e13  _nop                          
20000218  _sys_memory                   
UNDEFED   _system_post_cinit            
00001035  _system_pre_init              
20000204  _unlock                       
00001039  abort                         
00000b0d  aligned_alloc                 
ffffffff  binit                         
00000000  g_pfnVectors                  
0000091f  i_to_a                        
00000703  main                          
00001021  malloc                        
00000b0d  memalign                      
00000c01  memcpy                        
000008f3  no_of_digits                  
000008b1  print_init                    
0000099b  stoa                          


GLOBAL SYMBOLS: SORTED BY Symbol Address 

address   name                          
-------   ----                          
00000000  __TI_static_base__            
00000000  g_pfnVectors                  
00000010  __SYSMEM_SIZE                 
00000200  __STACK_SIZE                  
0000026d  UARTStdioConfig               
000002b3  UARTwrite                     
00000303  UARTgets                      
000003bd  UARTgetc                      
000003e5  UARTvprintf                   
000006df  UARTprintf                    
00000703  main                          
00000745  GPIOPadConfigSet              
000008b1  print_init                    
000008f3  no_of_digits                  
0000091f  i_to_a                        
0000099b  stoa                          
00000a19  SysCtlClockSet                
00000b0d  aligned_alloc                 
00000b0d  memalign                      
00000c01  __aeabi_memcpy                
00000c01  __aeabi_memcpy4               
00000c01  __aeabi_memcpy8               
00000c01  memcpy                        
00000d19  __TI_decompress_lzss          
00000d81  GPIOPinConfigure              
00000dcd  UARTConfigSetExpClk           
00000e13  _nop                          
00000e15  __TI_auto_init_nobinit_nopinit
00000e59  __aeabi_uidiv                 
00000e59  __aeabi_uidivmod              
00000e99  SysCtlPeripheralPresent       
00000ed1  SysCtlPeripheralEnable        
00000f05  _c_int00_noargs               
00000f39  GPIODirModeSet                
00000f8d  UARTDisable                   
00000fc9  GPIOPinTypeUART               
00000fdf  UARTEnable                    
00000ff3  __TI_decompress_none          
00001001  ResetISR                      
0000100d  UARTCharGet                   
00001017  UARTCharPut                   
00001021  malloc                        
00001029  SysCtlDelay                   
0000102f  UARTClockSourceSet            
00001035  _system_pre_init              
00001039  C$$EXIT                       
00001039  abort                         
0000103d  __aeabi_idiv0                 
0000103d  __aeabi_ldiv0                 
0000111c  __TI_Handler_Table_Base       
00001124  __TI_CINIT_Base               
00001124  __TI_Handler_Table_Limit      
0000112c  __TI_CINIT_Limit              
20000000  __stack                       
20000200  __STACK_END                   
20000200  __STACK_TOP                   
20000200  _lock                         
20000204  _unlock                       
20000218  _sys_memory                   
ffffffff  __TI_pprof_out_hndl           
ffffffff  __TI_prof_data_size           
ffffffff  __TI_prof_data_start          
ffffffff  __binit__                     
ffffffff  __c_args__                    
ffffffff  binit                         
UNDEFED   __mpu_init                    
UNDEFED   _system_post_cinit            

[67 symbols]
