******************************************************************************
                  TI ARM Linker PC v18.12.3                    
******************************************************************************
>> Linked Sat Jun 11 10:24:09 2022

OUTPUT FILE NAME:   <L08_Servomotor.out>
ENTRY POINT SYMBOL: "_c_int00_noinit_noargs"  address: 00000641


MEMORY CONFIGURATION

         name            origin    length      used     unused   attr    fill
----------------------  --------  ---------  --------  --------  ----  --------
  FLASH                 00000000   00040000  000007b0  0003f850  R  X
  SRAM                  20000000   00008000  00000200  00007e00  RW X


SEGMENT ALLOCATION MAP

run origin  load origin   length   init length attrs members
----------  ----------- ---------- ----------- ----- -------
00000000    00000000    000007b0   000007b0    r-x
  00000000    00000000    0000026c   0000026c    r-- .intvecs
  0000026c    0000026c    000004b4   000004b4    r-x .text
  00000720    00000720    00000090   00000090    r-- .const
20000000    20000000    00000200   00000000    rw-
  20000000    20000000    00000200   00000000    rw- .stack


SECTION ALLOCATION MAP

 output                                  attributes/
section   page    origin      length       input sections
--------  ----  ----------  ----------   ----------------
.intvecs   0    00000000    0000026c     
                  00000000    0000026c     tm4c123gh6pm_startup_ccs.obj (.intvecs)

.text      0    0000026c    000004b4     
                  0000026c    0000016c     driverlib.lib : gpio.obj (.text:GPIOPadConfigSet)
                  000003d8    000000f4                   : sysctl.obj (.text:SysCtlClockSet)
                  000004cc    000000c8     main.obj (.text)
                  00000594    0000004c     driverlib.lib : gpio.obj (.text:GPIOPinConfigure)
                  000005e0    00000034                   : sysctl.obj (.text:SysCtlPeripheralEnable)
                  00000614    0000002c                   : gpio.obj (.text:GPIODirModeSet)
                  00000640    0000002c     rtsv7M4_T_le_v4SPD16_eabi.lib : boot_cortex_m.c.obj (.text:_c_int00_noinit_noargs:_c_int00_noinit_noargs)
                  0000066c    00000022     driverlib.lib : pwm.obj (.text:PWMGenConfigure)
                  0000068e    0000001e                   : pwm.obj (.text:PWMPulseWidthSet)
                  000006ac    00000016                   : gpio.obj (.text:GPIOPinTypePWM)
                  000006c2    00000002     --HOLE-- [fill = 0]
                  000006c4    00000014                   : sysctl.obj (.text:SysCtlPWMClockSet)
                  000006d8    00000012                   : pwm.obj (.text:PWMOutputState)
                  000006ea    00000010                   : pwm.obj (.text:PWMGenPeriodSet)
                  000006fa    0000000c                   : pwm.obj (.text:PWMGenEnable)
                  00000706    0000000c     tm4c123gh6pm_startup_ccs.obj (.text)
                  00000712    00000006     driverlib.lib : sysctl.obj (.text:SysCtlDelay)
                  00000718    00000004     rtsv7M4_T_le_v4SPD16_eabi.lib : pre_init.c.obj (.text:_system_pre_init)
                  0000071c    00000004                                   : exit.c.obj (.text:abort:abort)

.const     0    00000720    00000090     
                  00000720    00000090     driverlib.lib : gpio.obj (.const:g_pui32GPIOBaseAddrs)

.cinit     0    00000000    00000000     UNINITIALIZED

.init_array 
*          0    00000000    00000000     UNINITIALIZED

.stack     0    20000000    00000200     UNINITIALIZED
                  20000000    00000004     rtsv7M4_T_le_v4SPD16_eabi.lib : boot_cortex_m.c.obj (.stack)
                  20000004    000001fc     --HOLE--

MODULE SUMMARY

       Module                         code   ro data   rw data
       ------                         ----   -------   -------
    .\
       tm4c123gh6pm_startup_ccs.obj   12     620       0      
       main.obj                       200    0         0      
    +--+------------------------------+------+---------+---------+
       Total:                         212    620       0      
                                                              
    ../driverlib.lib
       gpio.obj                       506    144       0      
       sysctl.obj                     322    0         0      
       pwm.obj                        110    0         0      
    +--+------------------------------+------+---------+---------+
       Total:                         938    144       0      
                                                              
    C:\ti\ccs920\ccs\tools\compiler\ti-cgt-arm_18.12.3.LTS\lib\rtsv7M4_T_le_v4SPD16_eabi.lib
       boot_cortex_m.c.obj            44     0         0      
       exit.c.obj                     4      0         0      
       pre_init.c.obj                 4      0         0      
    +--+------------------------------+------+---------+---------+
       Total:                         52     0         0      
                                                              
       Stack:                         0      0         512    
    +--+------------------------------+------+---------+---------+
       Grand Total:                   1202   764       512    


GLOBAL SYMBOLS: SORTED ALPHABETICALLY BY Name 

address   name                  
-------   ----                  
0000071d  C$$EXIT               
00000615  GPIODirModeSet        
0000026d  GPIOPadConfigSet      
00000595  GPIOPinConfigure      
000006ad  GPIOPinTypePWM        
0000066d  PWMGenConfigure       
000006fb  PWMGenEnable          
000006eb  PWMGenPeriodSet       
000006d9  PWMOutputState        
0000068f  PWMPulseWidthSet      
00000707  ResetISR              
000003d9  SysCtlClockSet        
00000713  SysCtlDelay           
000006c5  SysCtlPWMClockSet     
000005e1  SysCtlPeripheralEnable
20000200  __STACK_END           
00000200  __STACK_SIZE          
20000200  __STACK_TOP           
ffffffff  __TI_pprof_out_hndl   
ffffffff  __TI_prof_data_size   
ffffffff  __TI_prof_data_start  
00000000  __TI_static_base__    
ffffffff  __binit__             
ffffffff  __c_args__            
UNDEFED   __mpu_init            
20000000  __stack               
00000641  _c_int00_noinit_noargs
00000719  _system_pre_init      
0000071d  abort                 
ffffffff  binit                 
00000000  g_pfnVectors          
000004cd  main                  


GLOBAL SYMBOLS: SORTED BY Symbol Address 

address   name                  
-------   ----                  
00000000  __TI_static_base__    
00000000  g_pfnVectors          
00000200  __STACK_SIZE          
0000026d  GPIOPadConfigSet      
000003d9  SysCtlClockSet        
000004cd  main                  
00000595  GPIOPinConfigure      
000005e1  SysCtlPeripheralEnable
00000615  GPIODirModeSet        
00000641  _c_int00_noinit_noargs
0000066d  PWMGenConfigure       
0000068f  PWMPulseWidthSet      
000006ad  GPIOPinTypePWM        
000006c5  SysCtlPWMClockSet     
000006d9  PWMOutputState        
000006eb  PWMGenPeriodSet       
000006fb  PWMGenEnable          
00000707  ResetISR              
00000713  SysCtlDelay           
00000719  _system_pre_init      
0000071d  C$$EXIT               
0000071d  abort                 
20000000  __stack               
20000200  __STACK_END           
20000200  __STACK_TOP           
ffffffff  __TI_pprof_out_hndl   
ffffffff  __TI_prof_data_size   
ffffffff  __TI_prof_data_start  
ffffffff  __binit__             
ffffffff  __c_args__            
ffffffff  binit                 
UNDEFED   __mpu_init            

[32 symbols]
