******************************************************************************
                  TI ARM Linker PC v18.12.3                    
******************************************************************************
>> Linked Fri Nov  6 19:11:42 2020

OUTPUT FILE NAME:   <Lab_UART.out>
ENTRY POINT SYMBOL: "_c_int00_noargs"  address: 00000c89


MEMORY CONFIGURATION

         name            origin    length      used     unused   attr    fill
----------------------  --------  ---------  --------  --------  ----  --------
  FLASH                 00000000   00040000  00000e4c  0003f1b4  R  X
  SRAM                  20000000   00008000  00000205  00007dfb  RW X


SEGMENT ALLOCATION MAP

run origin  load origin   length   init length attrs members
----------  ----------- ---------- ----------- ----- -------
00000000    00000000    00000e50   00000e50    r-x
  00000000    00000000    0000026c   0000026c    r-- .intvecs
  0000026c    0000026c    00000b08   00000b08    r-x .text
  00000d74    00000d74    000000c0   000000c0    r-- .const
  00000e38    00000e38    00000018   00000018    r-- .cinit
20000000    20000000    00000205   00000000    rw-
  20000000    20000000    00000200   00000000    rw- .stack
  20000200    20000200    00000005   00000000    rw- .data


SECTION ALLOCATION MAP

 output                                  attributes/
section   page    origin      length       input sections
--------  ----  ----------  ----------   ----------------
.intvecs   0    00000000    0000026c     
                  00000000    0000026c     tm4c123gh6pm_startup_ccs.obj (.intvecs)

.text      0    0000026c    00000b08     
                  0000026c    00000534     main.obj (.text)
                  000007a0    0000016c     driverlib.lib : gpio.obj (.text:GPIOPadConfigSet)
                  0000090c    000000f4                   : sysctl.obj (.text:SysCtlClockSet)
                  00000a00    0000009c     rtsv7M4_T_le_v4SPD16_eabi.lib : memcpy_t2.asm.obj (.text)
                  00000a9c    00000068                                   : copy_decompress_lzss.c.obj (.text:decompress:lzss:__TI_decompress_lzss)
                  00000b04    0000004c     driverlib.lib : gpio.obj (.text:GPIOPinConfigure)
                  00000b50    00000046                   : uart.obj (.text:UARTConfigSetExpClk)
                  00000b96    00000002     rtsv7M4_T_le_v4SPD16_eabi.lib : div0.asm.obj (.text)
                  00000b98    00000044                                   : autoinit.c.obj (.text:__TI_auto_init_nobinit_nopinit:__TI_auto_init_nobinit_nopinit)
                  00000bdc    00000040                                   : u_divt2.asm.obj (.text)
                  00000c1c    00000038     driverlib.lib : sysctl.obj (.text:SysCtlPeripheralPresent)
                  00000c54    00000034                   : sysctl.obj (.text:SysCtlPeripheralEnable)
                  00000c88    00000034     rtsv7M4_T_le_v4SPD16_eabi.lib : boot_cortex_m.c.obj (.text:_c_int00_noargs:_c_int00_noargs)
                  00000cbc    0000002c     driverlib.lib : gpio.obj (.text:GPIODirModeSet)
                  00000ce8    00000020                   : uart.obj (.text:UARTDisable)
                  00000d08    00000016                   : gpio.obj (.text:GPIOPinTypeUART)
                  00000d1e    00000014                   : uart.obj (.text:UARTEnable)
                  00000d32    0000000e     rtsv7M4_T_le_v4SPD16_eabi.lib : copy_decompress_none.c.obj (.text:decompress:none:__TI_decompress_none)
                  00000d40    0000000c     tm4c123gh6pm_startup_ccs.obj (.text)
                  00000d4c    0000000a     driverlib.lib : uart.obj (.text:UARTCharGet)
                  00000d56    0000000a                   : uart.obj (.text:UARTCharPut)
                  00000d60    00000006                   : sysctl.obj (.text:SysCtlDelay)
                  00000d66    00000006                   : uart.obj (.text:UARTClockSourceSet)
                  00000d6c    00000004     rtsv7M4_T_le_v4SPD16_eabi.lib : pre_init.c.obj (.text:_system_pre_init)
                  00000d70    00000004                                   : exit.c.obj (.text:abort:abort)

.const     0    00000d74    000000c0     
                  00000d74    00000090     driverlib.lib : gpio.obj (.const:g_pui32GPIOBaseAddrs)
                  00000e04    00000012     main.obj (.const:.string)
                  00000e16    00000002     --HOLE-- [fill = 0]
                  00000e18    0000000c     main.obj (.const:g_ui32UARTBase)
                  00000e24    0000000c     main.obj (.const:g_ui32UARTPeriph)
                  00000e30    00000004     main.obj (.const)

.cinit     0    00000e38    00000018     
                  00000e38    00000008     (__TI_handler_table)
                  00000e40    00000007     (.cinit..data.load) [load image, compression = lzss]
                  00000e47    00000001     --HOLE-- [fill = 0]
                  00000e48    00000008     (__TI_cinit_table)

.init_array 
*          0    00000000    00000000     UNINITIALIZED

.data      0    20000200    00000005     UNINITIALIZED
                  20000200    00000005     main.obj (.data)

.stack     0    20000000    00000200     UNINITIALIZED
                  20000000    00000004     rtsv7M4_T_le_v4SPD16_eabi.lib : boot_cortex_m.c.obj (.stack)
                  20000004    000001fc     --HOLE--

MODULE SUMMARY

       Module                         code   ro data   rw data
       ------                         ----   -------   -------
    .\
       main.obj                       1332   46        5      
       tm4c123gh6pm_startup_ccs.obj   12     620       0      
    +--+------------------------------+------+---------+---------+
       Total:                         1344   666       5      
                                                              
    ../driverlib.lib
       gpio.obj                       506    144       0      
       sysctl.obj                     358    0         0      
       uart.obj                       148    0         0      
    +--+------------------------------+------+---------+---------+
       Total:                         1012   144       0      
                                                              
    C:\ti\ccs920\ccs\tools\compiler\ti-cgt-arm_18.12.3.LTS\lib\rtsv7M4_T_le_v4SPD16_eabi.lib
       memcpy_t2.asm.obj              156    0         0      
       copy_decompress_lzss.c.obj     104    0         0      
       autoinit.c.obj                 68     0         0      
       u_divt2.asm.obj                64     0         0      
       boot_cortex_m.c.obj            52     0         0      
       copy_decompress_none.c.obj     14     0         0      
       exit.c.obj                     4      0         0      
       pre_init.c.obj                 4      0         0      
       div0.asm.obj                   2      0         0      
    +--+------------------------------+------+---------+---------+
       Total:                         468    0         0      
                                                              
       Stack:                         0      0         512    
       Linker Generated:              0      23        0      
    +--+------------------------------+------+---------+---------+
       Grand Total:                   2824   833       517    


LINKER GENERATED COPY TABLES

__TI_cinit_table @ 00000e48 records: 1, size/record: 8, table size: 8
	.data: load addr=00000e40, load size=00000007 bytes, run addr=20000200, run size=00000005 bytes, compression=lzss


LINKER GENERATED HANDLER TABLE

__TI_handler_table @ 00000e38 records: 2, size/record: 4, table size: 8
	index: 0, handler: __TI_decompress_lzss
	index: 1, handler: __TI_decompress_none


GLOBAL SYMBOLS: SORTED ALPHABETICALLY BY Name 

address   name                          
-------   ----                          
00000d71  C$$EXIT                       
00000cbd  GPIODirModeSet                
000007a1  GPIOPadConfigSet              
00000b05  GPIOPinConfigure              
00000d09  GPIOPinTypeUART               
00000d41  ResetISR                      
0000090d  SysCtlClockSet                
00000d61  SysCtlDelay                   
00000c55  SysCtlPeripheralEnable        
00000c1d  SysCtlPeripheralPresent       
00000d4d  UARTCharGet                   
00000d57  UARTCharPut                   
00000d67  UARTClockSourceSet            
00000b51  UARTConfigSetExpClk           
00000ce9  UARTDisable                   
00000d1f  UARTEnable                    
0000026d  UARTStdioConfig               
000003bd  UARTgetc                      
00000303  UARTgets                      
000006df  UARTprintf                    
000003e5  UARTvprintf                   
000002b3  UARTwrite                     
20000200  __STACK_END                   
00000200  __STACK_SIZE                  
20000200  __STACK_TOP                   
00000e48  __TI_CINIT_Base               
00000e50  __TI_CINIT_Limit              
00000e38  __TI_Handler_Table_Base       
00000e40  __TI_Handler_Table_Limit      
00000b99  __TI_auto_init_nobinit_nopinit
00000a9d  __TI_decompress_lzss          
00000d33  __TI_decompress_none          
ffffffff  __TI_pprof_out_hndl           
ffffffff  __TI_prof_data_size           
ffffffff  __TI_prof_data_start          
00000000  __TI_static_base__            
00000b97  __aeabi_idiv0                 
00000b97  __aeabi_ldiv0                 
00000a01  __aeabi_memcpy                
00000a01  __aeabi_memcpy4               
00000a01  __aeabi_memcpy8               
00000bdd  __aeabi_uidiv                 
00000bdd  __aeabi_uidivmod              
ffffffff  __binit__                     
ffffffff  __c_args__                    
UNDEFED   __mpu_init                    
20000000  __stack                       
00000c89  _c_int00_noargs               
UNDEFED   _system_post_cinit            
00000d6d  _system_pre_init              
00000d71  abort                         
ffffffff  binit                         
00000000  g_pfnVectors                  
00000703  main                          
00000a01  memcpy                        


GLOBAL SYMBOLS: SORTED BY Symbol Address 

address   name                          
-------   ----                          
00000000  __TI_static_base__            
00000000  g_pfnVectors                  
00000200  __STACK_SIZE                  
0000026d  UARTStdioConfig               
000002b3  UARTwrite                     
00000303  UARTgets                      
000003bd  UARTgetc                      
000003e5  UARTvprintf                   
000006df  UARTprintf                    
00000703  main                          
000007a1  GPIOPadConfigSet              
0000090d  SysCtlClockSet                
00000a01  __aeabi_memcpy                
00000a01  __aeabi_memcpy4               
00000a01  __aeabi_memcpy8               
00000a01  memcpy                        
00000a9d  __TI_decompress_lzss          
00000b05  GPIOPinConfigure              
00000b51  UARTConfigSetExpClk           
00000b97  __aeabi_idiv0                 
00000b97  __aeabi_ldiv0                 
00000b99  __TI_auto_init_nobinit_nopinit
00000bdd  __aeabi_uidiv                 
00000bdd  __aeabi_uidivmod              
00000c1d  SysCtlPeripheralPresent       
00000c55  SysCtlPeripheralEnable        
00000c89  _c_int00_noargs               
00000cbd  GPIODirModeSet                
00000ce9  UARTDisable                   
00000d09  GPIOPinTypeUART               
00000d1f  UARTEnable                    
00000d33  __TI_decompress_none          
00000d41  ResetISR                      
00000d4d  UARTCharGet                   
00000d57  UARTCharPut                   
00000d61  SysCtlDelay                   
00000d67  UARTClockSourceSet            
00000d6d  _system_pre_init              
00000d71  C$$EXIT                       
00000d71  abort                         
00000e38  __TI_Handler_Table_Base       
00000e40  __TI_Handler_Table_Limit      
00000e48  __TI_CINIT_Base               
00000e50  __TI_CINIT_Limit              
20000000  __stack                       
20000200  __STACK_END                   
20000200  __STACK_TOP                   
ffffffff  __TI_pprof_out_hndl           
ffffffff  __TI_prof_data_size           
ffffffff  __TI_prof_data_start          
ffffffff  __binit__                     
ffffffff  __c_args__                    
ffffffff  binit                         
UNDEFED   __mpu_init                    
UNDEFED   _system_post_cinit            

[55 symbols]
