******************************************************************************
                  TI ARM Linker PC v18.12.3                    
******************************************************************************
>> Linked Fri Jan 28 10:54:44 2022

OUTPUT FILE NAME:   <NokiaLCD2.out>
ENTRY POINT SYMBOL: "_c_int00_noargs"  address: 000010b5


MEMORY CONFIGURATION

         name            origin    length      used     unused   attr    fill
----------------------  --------  ---------  --------  --------  ----  --------
  FLASH                 00000000   00040000  00001ae4  0003e51c  R  X
  SRAM                  20000000   00008000  00000221  00007ddf  RW X


SEGMENT ALLOCATION MAP

run origin  load origin   length   init length attrs members
----------  ----------- ---------- ----------- ----- -------
00000000    00000000    00001ae8   00001ae8    r-x
  00000000    00000000    0000026c   0000026c    r-- .intvecs
  0000026c    0000026c    00000fa0   00000fa0    r-x .text
  0000120c    0000120c    000008c0   000008c0    r-- .const
  00001ad0    00001ad0    00000018   00000018    r-- .cinit
20000000    20000000    00000221   00000000    rw-
  20000000    20000000    00000200   00000000    rw- .stack
  20000200    20000200    00000021   00000000    rw- .data


SECTION ALLOCATION MAP

 output                                  attributes/
section   page    origin      length       input sections
--------  ----  ----------  ----------   ----------------
.intvecs   0    00000000    0000026c     
                  00000000    0000026c     tm4c123gh6pm_startup_ccs.obj (.intvecs)

.text      0    0000026c    00000fa0     
                  0000026c    000007a4     main.obj (.text)
                  00000a10    0000016c     driverlib.lib : gpio.obj (.text:GPIOPadConfigSet)
                  00000b7c    00000118                   : sysctl.obj (.text:SysCtlClockGet)
                  00000c94    000000f4                   : sysctl.obj (.text:SysCtlClockSet)
                  00000d88    0000009c     rtsv7M4_T_le_v4SPD16_eabi.lib : memcpy_t2.asm.obj (.text)
                  00000e24    00000068     driverlib.lib : interrupt.obj (.text:IntEnable)
                  00000e8c    00000068     rtsv7M4_T_le_v4SPD16_eabi.lib : copy_decompress_lzss.c.obj (.text:decompress:lzss:__TI_decompress_lzss)
                  00000ef4    0000004c     driverlib.lib : gpio.obj (.text:GPIOPinConfigure)
                  00000f40    00000046                   : uart.obj (.text:UARTConfigSetExpClk)
                  00000f86    00000002     rtsv7M4_T_le_v4SPD16_eabi.lib : div0.asm.obj (.text)
                  00000f88    00000044                                   : autoinit.c.obj (.text:__TI_auto_init_nobinit_nopinit:__TI_auto_init_nobinit_nopinit)
                  00000fcc    00000040                                   : u_divt2.asm.obj (.text)
                  0000100c    0000003c     driverlib.lib : ssi.obj (.text:SSIConfigSetExpClk)
                  00001048    00000038                   : sysctl.obj (.text:SysCtlPeripheralPresent)
                  00001080    00000034                   : sysctl.obj (.text:SysCtlPeripheralEnable)
                  000010b4    00000034     rtsv7M4_T_le_v4SPD16_eabi.lib : boot_cortex_m.c.obj (.text:_c_int00_noargs:_c_int00_noargs)
                  000010e8    0000002c     driverlib.lib : gpio.obj (.text:GPIODirModeSet)
                  00001114    00000020                   : uart.obj (.text:UARTDisable)
                  00001134    0000001a                   : gpio.obj (.text:GPIOPinTypeGPIOOutput)
                  0000114e    00000016                   : gpio.obj (.text:GPIOPinTypeGPIOInput)
                  00001164    00000016                   : gpio.obj (.text:GPIOPinTypeSSI)
                  0000117a    00000014                   : uart.obj (.text:UARTEnable)
                  0000118e    00000012                   : ssi.obj (.text:SSIDataGetNonBlocking)
                  000011a0    0000000e     rtsv7M4_T_le_v4SPD16_eabi.lib : copy_decompress_none.c.obj (.text:decompress:none:__TI_decompress_none)
                  000011ae    0000000c     tm4c123gh6pm_startup_ccs.obj (.text)
                  000011ba    0000000a     driverlib.lib : ssi.obj (.text:SSIDataPut)
                  000011c4    0000000a                   : ssi.obj (.text:SSIEnable)
                  000011ce    0000000a                   : uart.obj (.text:UARTCharGet)
                  000011d8    0000000a                   : uart.obj (.text:UARTCharPut)
                  000011e2    00000008                   : ssi.obj (.text:SSIBusy)
                  000011ea    00000008                   : ssi.obj (.text:SSIIntEnable)
                  000011f2    00000006                   : gpio.obj (.text:GPIOPinRead)
                  000011f8    00000006                   : gpio.obj (.text:GPIOPinWrite)
                  000011fe    00000006                   : sysctl.obj (.text:SysCtlDelay)
                  00001204    00000004     rtsv7M4_T_le_v4SPD16_eabi.lib : pre_init.c.obj (.text:_system_pre_init)
                  00001208    00000004                                   : exit.c.obj (.text:abort:abort)

.const     0    0000120c    000008c0     
                  0000120c    00000780     main.obj (.const:ASCII)
                  0000198c    00000090     driverlib.lib : gpio.obj (.const:g_pui32GPIOBaseAddrs)
                  00001a1c    0000006c                   : sysctl.obj (.const:g_pui32Xtals)
                  00001a88    00000014                   : interrupt.obj (.const:g_pui32EnRegs)
                  00001a9c    00000012     main.obj (.const:.string)
                  00001aae    00000002     --HOLE-- [fill = 0]
                  00001ab0    0000000c     main.obj (.const:g_ui32UARTBase)
                  00001abc    0000000c     main.obj (.const:g_ui32UARTPeriph)
                  00001ac8    00000004     main.obj (.const)

.cinit     0    00001ad0    00000018     
                  00001ad0    00000008     (.cinit..data.load) [load image, compression = lzss]
                  00001ad8    00000008     (__TI_handler_table)
                  00001ae0    00000008     (__TI_cinit_table)

.init_array 
*          0    00000000    00000000     UNINITIALIZED

.data      0    20000200    00000021     UNINITIALIZED
                  20000200    00000018     main.obj (.data:RX_text)
                  20000218    00000009     main.obj (.data)

.stack     0    20000000    00000200     UNINITIALIZED
                  20000000    00000004     rtsv7M4_T_le_v4SPD16_eabi.lib : boot_cortex_m.c.obj (.stack)
                  20000004    000001fc     --HOLE--

MODULE SUMMARY

       Module                         code   ro data   rw data
       ------                         ----   -------   -------
    .\
       main.obj                       1956   1966      33     
       tm4c123gh6pm_startup_ccs.obj   12     620       0      
    +--+------------------------------+------+---------+---------+
       Total:                         1968   2586      33     
                                                              
    ../driverlib.lib
       sysctl.obj                     638    108       0      
       gpio.obj                       566    144       0      
       uart.obj                       142    0         0      
       interrupt.obj                  104    20        0      
       ssi.obj                        114    0         0      
    +--+------------------------------+------+---------+---------+
       Total:                         1564   272       0      
                                                              
    C:\ti\ccs920\ccs\tools\compiler\ti-cgt-arm_18.12.3.LTS\lib\rtsv7M4_T_le_v4SPD16_eabi.lib
       memcpy_t2.asm.obj              156    0         0      
       copy_decompress_lzss.c.obj     104    0         0      
       autoinit.c.obj                 68     0         0      
       u_divt2.asm.obj                64     0         0      
       boot_cortex_m.c.obj            52     0         0      
       copy_decompress_none.c.obj     14     0         0      
       exit.c.obj                     4      0         0      
       pre_init.c.obj                 4      0         0      
       div0.asm.obj                   2      0         0      
    +--+------------------------------+------+---------+---------+
       Total:                         468    0         0      
                                                              
       Stack:                         0      0         512    
       Linker Generated:              0      24        0      
    +--+------------------------------+------+---------+---------+
       Grand Total:                   4000   2882      545    


LINKER GENERATED COPY TABLES

__TI_cinit_table @ 00001ae0 records: 1, size/record: 8, table size: 8
	.data: load addr=00001ad0, load size=00000008 bytes, run addr=20000200, run size=00000021 bytes, compression=lzss


LINKER GENERATED HANDLER TABLE

__TI_handler_table @ 00001ad8 records: 2, size/record: 4, table size: 8
	index: 0, handler: __TI_decompress_lzss
	index: 1, handler: __TI_decompress_none


GLOBAL SYMBOLS: SORTED ALPHABETICALLY BY Name 

address   name                          
-------   ----                          
00001209  C$$EXIT                       
000010e9  GPIODirModeSet                
00000a11  GPIOPadConfigSet              
00000ef5  GPIOPinConfigure              
000011f3  GPIOPinRead                   
0000114f  GPIOPinTypeGPIOInput          
00001135  GPIOPinTypeGPIOOutput         
00001165  GPIOPinTypeSSI                
000011f9  GPIOPinWrite                  
00000e25  IntEnable                     
00000765  LcdCharacter                  
000007cb  LcdClear                      
000007ab  LcdString                     
20000200  RX_text                       
000011af  ResetISR                      
00000703  SPI_Init                      
000011e3  SSIBusy                       
0000100d  SSIConfigSetExpClk            
0000118f  SSIDataGetNonBlocking         
000011bb  SSIDataPut                    
000011c5  SSIEnable                     
000011eb  SSIIntEnable                  
00000b7d  SysCtlClockGet                
00000c95  SysCtlClockSet                
000011ff  SysCtlDelay                   
00001081  SysCtlPeripheralEnable        
00001049  SysCtlPeripheralPresent       
000011cf  UARTCharGet                   
000011d9  UARTCharPut                   
00000f41  UARTConfigSetExpClk           
00001115  UARTDisable                   
0000117b  UARTEnable                    
0000026d  UARTStdioConfig               
000003bd  UARTgetc                      
00000303  UARTgets                      
000006df  UARTprintf                    
000003e5  UARTvprintf                   
000002b3  UARTwrite                     
20000200  __STACK_END                   
00000200  __STACK_SIZE                  
20000200  __STACK_TOP                   
00001ae0  __TI_CINIT_Base               
00001ae8  __TI_CINIT_Limit              
00001ad8  __TI_Handler_Table_Base       
00001ae0  __TI_Handler_Table_Limit      
00000f89  __TI_auto_init_nobinit_nopinit
00000e8d  __TI_decompress_lzss          
000011a1  __TI_decompress_none          
ffffffff  __TI_pprof_out_hndl           
ffffffff  __TI_prof_data_size           
ffffffff  __TI_prof_data_start          
00000000  __TI_static_base__            
00000f87  __aeabi_idiv0                 
00000f87  __aeabi_ldiv0                 
00000d89  __aeabi_memcpy                
00000d89  __aeabi_memcpy4               
00000d89  __aeabi_memcpy8               
00000fcd  __aeabi_uidiv                 
00000fcd  __aeabi_uidivmod              
ffffffff  __binit__                     
ffffffff  __c_args__                    
UNDEFED   __mpu_init                    
20000000  __stack                       
000010b5  _c_int00_noargs               
UNDEFED   _system_post_cinit            
00001205  _system_pre_init              
00001209  abort                         
ffffffff  binit                         
00000000  g_pfnVectors                  
000007fd  gotoXY                        
2000021c  index                         
00000845  main                          
00000d89  memcpy                        


GLOBAL SYMBOLS: SORTED BY Symbol Address 

address   name                          
-------   ----                          
00000000  __TI_static_base__            
00000000  g_pfnVectors                  
00000200  __STACK_SIZE                  
0000026d  UARTStdioConfig               
000002b3  UARTwrite                     
00000303  UARTgets                      
000003bd  UARTgetc                      
000003e5  UARTvprintf                   
000006df  UARTprintf                    
00000703  SPI_Init                      
00000765  LcdCharacter                  
000007ab  LcdString                     
000007cb  LcdClear                      
000007fd  gotoXY                        
00000845  main                          
00000a11  GPIOPadConfigSet              
00000b7d  SysCtlClockGet                
00000c95  SysCtlClockSet                
00000d89  __aeabi_memcpy                
00000d89  __aeabi_memcpy4               
00000d89  __aeabi_memcpy8               
00000d89  memcpy                        
00000e25  IntEnable                     
00000e8d  __TI_decompress_lzss          
00000ef5  GPIOPinConfigure              
00000f41  UARTConfigSetExpClk           
00000f87  __aeabi_idiv0                 
00000f87  __aeabi_ldiv0                 
00000f89  __TI_auto_init_nobinit_nopinit
00000fcd  __aeabi_uidiv                 
00000fcd  __aeabi_uidivmod              
0000100d  SSIConfigSetExpClk            
00001049  SysCtlPeripheralPresent       
00001081  SysCtlPeripheralEnable        
000010b5  _c_int00_noargs               
000010e9  GPIODirModeSet                
00001115  UARTDisable                   
00001135  GPIOPinTypeGPIOOutput         
0000114f  GPIOPinTypeGPIOInput          
00001165  GPIOPinTypeSSI                
0000117b  UARTEnable                    
0000118f  SSIDataGetNonBlocking         
000011a1  __TI_decompress_none          
000011af  ResetISR                      
000011bb  SSIDataPut                    
000011c5  SSIEnable                     
000011cf  UARTCharGet                   
000011d9  UARTCharPut                   
000011e3  SSIBusy                       
000011eb  SSIIntEnable                  
000011f3  GPIOPinRead                   
000011f9  GPIOPinWrite                  
000011ff  SysCtlDelay                   
00001205  _system_pre_init              
00001209  C$$EXIT                       
00001209  abort                         
00001ad8  __TI_Handler_Table_Base       
00001ae0  __TI_CINIT_Base               
00001ae0  __TI_Handler_Table_Limit      
00001ae8  __TI_CINIT_Limit              
20000000  __stack                       
20000200  RX_text                       
20000200  __STACK_END                   
20000200  __STACK_TOP                   
2000021c  index                         
ffffffff  __TI_pprof_out_hndl           
ffffffff  __TI_prof_data_size           
ffffffff  __TI_prof_data_start          
ffffffff  __binit__                     
ffffffff  __c_args__                    
ffffffff  binit                         
UNDEFED   __mpu_init                    
UNDEFED   _system_post_cinit            

[73 symbols]
