******************************************************************************
                  TI ARM Linker PC v18.12.3                    
******************************************************************************
>> Linked Sun Dec 12 19:16:33 2021

OUTPUT FILE NAME:   <L13_Serial_Peripheral_Master.out>
ENTRY POINT SYMBOL: "_c_int00_noargs"  address: 00000ed1


MEMORY CONFIGURATION

         name            origin    length      used     unused   attr    fill
----------------------  --------  ---------  --------  --------  ----  --------
  FLASH                 00000000   00040000  0000114e  0003eeb2  R  X
  SRAM                  20000000   00008000  00000205  00007dfb  RW X


SEGMENT ALLOCATION MAP

run origin  load origin   length   init length attrs members
----------  ----------- ---------- ----------- ----- -------
00000000    00000000    00001150   00001150    r-x
  00000000    00000000    0000026c   0000026c    r-- .intvecs
  0000026c    0000026c    00000d9e   00000d9e    r-x .text
  0000100c    0000100c    0000012c   0000012c    r-- .const
  00001138    00001138    00000018   00000018    r-- .cinit
20000000    20000000    00000205   00000000    rw-
  20000000    20000000    00000200   00000000    rw- .stack
  20000200    20000200    00000005   00000000    rw- .data


SECTION ALLOCATION MAP

 output                                  attributes/
section   page    origin      length       input sections
--------  ----  ----------  ----------   ----------------
.intvecs   0    00000000    0000026c     
                  00000000    0000026c     tm4c123gh6pm_startup_ccs.obj (.intvecs)

.text      0    0000026c    00000d9e     
                  0000026c    00000628     main.obj (.text)
                  00000894    0000016c     driverlib.lib : gpio.obj (.text:GPIOPadConfigSet)
                  00000a00    00000118                   : sysctl.obj (.text:SysCtlClockGet)
                  00000b18    000000f4                   : sysctl.obj (.text:SysCtlClockSet)
                  00000c0c    0000009c     rtsv7M4_T_le_v4SPD16_eabi.lib : memcpy_t2.asm.obj (.text)
                  00000ca8    00000068                                   : copy_decompress_lzss.c.obj (.text:decompress:lzss:__TI_decompress_lzss)
                  00000d10    0000004c     driverlib.lib : gpio.obj (.text:GPIOPinConfigure)
                  00000d5c    00000046                   : uart.obj (.text:UARTConfigSetExpClk)
                  00000da2    00000002     rtsv7M4_T_le_v4SPD16_eabi.lib : div0.asm.obj (.text)
                  00000da4    00000044                                   : autoinit.c.obj (.text:__TI_auto_init_nobinit_nopinit:__TI_auto_init_nobinit_nopinit)
                  00000de8    00000040                                   : u_divt2.asm.obj (.text)
                  00000e28    0000003c     driverlib.lib : ssi.obj (.text:SSIConfigSetExpClk)
                  00000e64    00000038                   : sysctl.obj (.text:SysCtlPeripheralPresent)
                  00000e9c    00000034                   : sysctl.obj (.text:SysCtlPeripheralEnable)
                  00000ed0    00000034     rtsv7M4_T_le_v4SPD16_eabi.lib : boot_cortex_m.c.obj (.text:_c_int00_noargs:_c_int00_noargs)
                  00000f04    0000002c     driverlib.lib : gpio.obj (.text:GPIODirModeSet)
                  00000f30    00000020                   : uart.obj (.text:UARTDisable)
                  00000f50    00000016                   : gpio.obj (.text:GPIOPinTypeGPIOInput)
                  00000f66    00000016                   : gpio.obj (.text:GPIOPinTypeSSI)
                  00000f7c    00000016                   : gpio.obj (.text:GPIOPinTypeUART)
                  00000f92    00000014                   : uart.obj (.text:UARTEnable)
                  00000fa6    0000000e     rtsv7M4_T_le_v4SPD16_eabi.lib : copy_decompress_none.c.obj (.text:decompress:none:__TI_decompress_none)
                  00000fb4    0000000c     tm4c123gh6pm_startup_ccs.obj (.text)
                  00000fc0    0000000a     driverlib.lib : ssi.obj (.text:SSIDataPut)
                  00000fca    0000000a                   : ssi.obj (.text:SSIEnable)
                  00000fd4    0000000a                   : uart.obj (.text:UARTCharGet)
                  00000fde    0000000a                   : uart.obj (.text:UARTCharPut)
                  00000fe8    00000008                   : ssi.obj (.text:SSIBusy)
                  00000ff0    00000006                   : gpio.obj (.text:GPIOPinRead)
                  00000ff6    00000006                   : sysctl.obj (.text:SysCtlDelay)
                  00000ffc    00000006                   : uart.obj (.text:UARTClockSourceSet)
                  00001002    00000004     rtsv7M4_T_le_v4SPD16_eabi.lib : pre_init.c.obj (.text:_system_pre_init)
                  00001006    00000004                                   : exit.c.obj (.text:abort:abort)

.const     0    0000100c    0000012c     
                  0000100c    00000090     driverlib.lib : gpio.obj (.const:g_pui32GPIOBaseAddrs)
                  0000109c    0000006c                   : sysctl.obj (.const:g_pui32Xtals)
                  00001108    00000012     main.obj (.const:.string)
                  0000111a    00000002     --HOLE-- [fill = 0]
                  0000111c    0000000c     main.obj (.const:g_ui32UARTBase)
                  00001128    0000000c     main.obj (.const:g_ui32UARTPeriph)
                  00001134    00000004     main.obj (.const)

.cinit     0    00001138    00000018     
                  00001138    00000008     (__TI_handler_table)
                  00001140    00000007     (.cinit..data.load) [load image, compression = lzss]
                  00001147    00000001     --HOLE-- [fill = 0]
                  00001148    00000008     (__TI_cinit_table)

.init_array 
*          0    00000000    00000000     UNINITIALIZED

.data      0    20000200    00000005     UNINITIALIZED
                  20000200    00000005     main.obj (.data)

.stack     0    20000000    00000200     UNINITIALIZED
                  20000000    00000004     rtsv7M4_T_le_v4SPD16_eabi.lib : boot_cortex_m.c.obj (.stack)
                  20000004    000001fc     --HOLE--

MODULE SUMMARY

       Module                         code   ro data   rw data
       ------                         ----   -------   -------
    .\
       main.obj                       1576   46        5      
       tm4c123gh6pm_startup_ccs.obj   12     620       0      
    +--+------------------------------+------+---------+---------+
       Total:                         1588   666       5      
                                                              
    ../driverlib.lib
       sysctl.obj                     638    108       0      
       gpio.obj                       556    144       0      
       uart.obj                       148    0         0      
       ssi.obj                        88     0         0      
    +--+------------------------------+------+---------+---------+
       Total:                         1430   252       0      
                                                              
    C:\ti\ccs920\ccs\tools\compiler\ti-cgt-arm_18.12.3.LTS\lib\rtsv7M4_T_le_v4SPD16_eabi.lib
       memcpy_t2.asm.obj              156    0         0      
       copy_decompress_lzss.c.obj     104    0         0      
       autoinit.c.obj                 68     0         0      
       u_divt2.asm.obj                64     0         0      
       boot_cortex_m.c.obj            52     0         0      
       copy_decompress_none.c.obj     14     0         0      
       exit.c.obj                     4      0         0      
       pre_init.c.obj                 4      0         0      
       div0.asm.obj                   2      0         0      
    +--+------------------------------+------+---------+---------+
       Total:                         468    0         0      
                                                              
       Stack:                         0      0         512    
       Linker Generated:              0      23        0      
    +--+------------------------------+------+---------+---------+
       Grand Total:                   3486   941       517    


LINKER GENERATED COPY TABLES

__TI_cinit_table @ 00001148 records: 1, size/record: 8, table size: 8
	.data: load addr=00001140, load size=00000007 bytes, run addr=20000200, run size=00000005 bytes, compression=lzss


LINKER GENERATED HANDLER TABLE

__TI_handler_table @ 00001138 records: 2, size/record: 4, table size: 8
	index: 0, handler: __TI_decompress_lzss
	index: 1, handler: __TI_decompress_none


GLOBAL SYMBOLS: SORTED ALPHABETICALLY BY Name 

address   name                          
-------   ----                          
00001007  C$$EXIT                       
00000f05  GPIODirModeSet                
00000895  GPIOPadConfigSet              
00000d11  GPIOPinConfigure              
00000ff1  GPIOPinRead                   
00000f51  GPIOPinTypeGPIOInput          
00000f67  GPIOPinTypeSSI                
00000f7d  GPIOPinTypeUART               
00000fb5  ResetISR                      
00000fe9  SSIBusy                       
00000e29  SSIConfigSetExpClk            
00000fc1  SSIDataPut                    
00000fcb  SSIEnable                     
00000a01  SysCtlClockGet                
00000b19  SysCtlClockSet                
00000ff7  SysCtlDelay                   
00000e9d  SysCtlPeripheralEnable        
00000e65  SysCtlPeripheralPresent       
00000fd5  UARTCharGet                   
00000fdf  UARTCharPut                   
00000ffd  UARTClockSourceSet            
00000d5d  UARTConfigSetExpClk           
00000f31  UARTDisable                   
00000f93  UARTEnable                    
0000026d  UARTStdioConfig               
000003bd  UARTgetc                      
00000303  UARTgets                      
000006df  UARTprintf                    
000003e5  UARTvprintf                   
000002b3  UARTwrite                     
20000200  __STACK_END                   
00000200  __STACK_SIZE                  
20000200  __STACK_TOP                   
00001148  __TI_CINIT_Base               
00001150  __TI_CINIT_Limit              
00001138  __TI_Handler_Table_Base       
00001140  __TI_Handler_Table_Limit      
00000da5  __TI_auto_init_nobinit_nopinit
00000ca9  __TI_decompress_lzss          
00000fa7  __TI_decompress_none          
ffffffff  __TI_pprof_out_hndl           
ffffffff  __TI_prof_data_size           
ffffffff  __TI_prof_data_start          
00000000  __TI_static_base__            
00000da3  __aeabi_idiv0                 
00000da3  __aeabi_ldiv0                 
00000c0d  __aeabi_memcpy                
00000c0d  __aeabi_memcpy4               
00000c0d  __aeabi_memcpy8               
00000de9  __aeabi_uidiv                 
00000de9  __aeabi_uidivmod              
ffffffff  __binit__                     
ffffffff  __c_args__                    
UNDEFED   __mpu_init                    
20000000  __stack                       
00000ed1  _c_int00_noargs               
UNDEFED   _system_post_cinit            
00001003  _system_pre_init              
00001007  abort                         
ffffffff  binit                         
00000000  g_pfnVectors                  
00000707  main                          
00000c0d  memcpy                        


GLOBAL SYMBOLS: SORTED BY Symbol Address 

address   name                          
-------   ----                          
00000000  __TI_static_base__            
00000000  g_pfnVectors                  
00000200  __STACK_SIZE                  
0000026d  UARTStdioConfig               
000002b3  UARTwrite                     
00000303  UARTgets                      
000003bd  UARTgetc                      
000003e5  UARTvprintf                   
000006df  UARTprintf                    
00000707  main                          
00000895  GPIOPadConfigSet              
00000a01  SysCtlClockGet                
00000b19  SysCtlClockSet                
00000c0d  __aeabi_memcpy                
00000c0d  __aeabi_memcpy4               
00000c0d  __aeabi_memcpy8               
00000c0d  memcpy                        
00000ca9  __TI_decompress_lzss          
00000d11  GPIOPinConfigure              
00000d5d  UARTConfigSetExpClk           
00000da3  __aeabi_idiv0                 
00000da3  __aeabi_ldiv0                 
00000da5  __TI_auto_init_nobinit_nopinit
00000de9  __aeabi_uidiv                 
00000de9  __aeabi_uidivmod              
00000e29  SSIConfigSetExpClk            
00000e65  SysCtlPeripheralPresent       
00000e9d  SysCtlPeripheralEnable        
00000ed1  _c_int00_noargs               
00000f05  GPIODirModeSet                
00000f31  UARTDisable                   
00000f51  GPIOPinTypeGPIOInput          
00000f67  GPIOPinTypeSSI                
00000f7d  GPIOPinTypeUART               
00000f93  UARTEnable                    
00000fa7  __TI_decompress_none          
00000fb5  ResetISR                      
00000fc1  SSIDataPut                    
00000fcb  SSIEnable                     
00000fd5  UARTCharGet                   
00000fdf  UARTCharPut                   
00000fe9  SSIBusy                       
00000ff1  GPIOPinRead                   
00000ff7  SysCtlDelay                   
00000ffd  UARTClockSourceSet            
00001003  _system_pre_init              
00001007  C$$EXIT                       
00001007  abort                         
00001138  __TI_Handler_Table_Base       
00001140  __TI_Handler_Table_Limit      
00001148  __TI_CINIT_Base               
00001150  __TI_CINIT_Limit              
20000000  __stack                       
20000200  __STACK_END                   
20000200  __STACK_TOP                   
ffffffff  __TI_pprof_out_hndl           
ffffffff  __TI_prof_data_size           
ffffffff  __TI_prof_data_start          
ffffffff  __binit__                     
ffffffff  __c_args__                    
ffffffff  binit                         
UNDEFED   __mpu_init                    
UNDEFED   _system_post_cinit            

[63 symbols]
