******************************************************************************
                  TI ARM Linker PC v18.12.3                    
******************************************************************************
>> Linked Wed Dec 29 14:53:46 2021

OUTPUT FILE NAME:   <L14_Serial_Peripheral_Master_Duplex.out>
ENTRY POINT SYMBOL: "_c_int00_noargs"  address: 00000fa5


MEMORY CONFIGURATION

         name            origin    length      used     unused   attr    fill
----------------------  --------  ---------  --------  --------  ----  --------
  FLASH                 00000000   00040000  00001290  0003ed70  R  X
  SRAM                  20000000   00008000  00000235  00007dcb  RW X


SEGMENT ALLOCATION MAP

run origin  load origin   length   init length attrs members
----------  ----------- ---------- ----------- ----- -------
00000000    00000000    00001290   00001290    r-x
  00000000    00000000    0000026c   0000026c    r-- .intvecs
  0000026c    0000026c    00000eb4   00000eb4    r-x .text
  00001120    00001120    00000140   00000140    r-- .const
  00001260    00001260    00000030   00000030    r-- .cinit
20000000    20000000    00000238   00000000    rw-
  20000000    20000000    00000200   00000000    rw- .stack
  20000200    20000200    0000001d   00000000    rw- .data
  20000220    20000220    00000018   00000000    rw- .bss


SECTION ALLOCATION MAP

 output                                  attributes/
section   page    origin      length       input sections
--------  ----  ----------  ----------   ----------------
.intvecs   0    00000000    0000026c     
                  00000000    0000026c     tm4c123gh6pm_startup_ccs.obj (.intvecs)

.text      0    0000026c    00000eb4     
                  0000026c    00000694     main.obj (.text)
                  00000900    0000016c     driverlib.lib : gpio.obj (.text:GPIOPadConfigSet)
                  00000a6c    00000118                   : sysctl.obj (.text:SysCtlClockGet)
                  00000b84    000000f4                   : sysctl.obj (.text:SysCtlClockSet)
                  00000c78    0000009c     rtsv7M4_T_le_v4SPD16_eabi.lib : memcpy_t2.asm.obj (.text)
                  00000d14    00000068     driverlib.lib : interrupt.obj (.text:IntEnable)
                  00000d7c    00000068     rtsv7M4_T_le_v4SPD16_eabi.lib : copy_decompress_lzss.c.obj (.text:decompress:lzss:__TI_decompress_lzss)
                  00000de4    0000004c     driverlib.lib : gpio.obj (.text:GPIOPinConfigure)
                  00000e30    00000046                   : uart.obj (.text:UARTConfigSetExpClk)
                  00000e76    00000002     rtsv7M4_T_le_v4SPD16_eabi.lib : div0.asm.obj (.text)
                  00000e78    00000044                                   : autoinit.c.obj (.text:__TI_auto_init_nobinit_nopinit:__TI_auto_init_nobinit_nopinit)
                  00000ebc    00000040                                   : u_divt2.asm.obj (.text)
                  00000efc    0000003c     driverlib.lib : ssi.obj (.text:SSIConfigSetExpClk)
                  00000f38    00000038                   : sysctl.obj (.text:SysCtlPeripheralPresent)
                  00000f70    00000034                   : sysctl.obj (.text:SysCtlPeripheralEnable)
                  00000fa4    00000034     rtsv7M4_T_le_v4SPD16_eabi.lib : boot_cortex_m.c.obj (.text:_c_int00_noargs:_c_int00_noargs)
                  00000fd8    0000002c     driverlib.lib : gpio.obj (.text:GPIODirModeSet)
                  00001004    00000020                   : uart.obj (.text:UARTDisable)
                  00001024    0000001c     rtsv7M4_T_le_v4SPD16_eabi.lib : copy_zero_init.c.obj (.text:decompress:ZI:__TI_zero_init_nomemset:__TI_zero_init_nomemset)
                  00001040    00000016     driverlib.lib : gpio.obj (.text:GPIOPinTypeGPIOInput)
                  00001056    00000016                   : gpio.obj (.text:GPIOPinTypeSSI)
                  0000106c    00000016                   : gpio.obj (.text:GPIOPinTypeUART)
                  00001082    00000014                   : uart.obj (.text:UARTEnable)
                  00001096    00000012                   : ssi.obj (.text:SSIDataGetNonBlocking)
                  000010a8    0000000e     rtsv7M4_T_le_v4SPD16_eabi.lib : copy_decompress_none.c.obj (.text:decompress:none:__TI_decompress_none)
                  000010b6    0000000c     driverlib.lib : ssi.obj (.text:SSIDataGet)
                  000010c2    0000000c     tm4c123gh6pm_startup_ccs.obj (.text)
                  000010ce    0000000a     driverlib.lib : ssi.obj (.text:SSIDataPut)
                  000010d8    0000000a                   : ssi.obj (.text:SSIEnable)
                  000010e2    0000000a                   : uart.obj (.text:UARTCharGet)
                  000010ec    0000000a                   : uart.obj (.text:UARTCharPut)
                  000010f6    00000008                   : ssi.obj (.text:SSIBusy)
                  000010fe    00000008                   : ssi.obj (.text:SSIIntEnable)
                  00001106    00000006                   : gpio.obj (.text:GPIOPinRead)
                  0000110c    00000006                   : sysctl.obj (.text:SysCtlDelay)
                  00001112    00000006                   : uart.obj (.text:UARTClockSourceSet)
                  00001118    00000004     rtsv7M4_T_le_v4SPD16_eabi.lib : pre_init.c.obj (.text:_system_pre_init)
                  0000111c    00000004                                   : exit.c.obj (.text:abort:abort)

.const     0    00001120    00000140     
                  00001120    00000090     driverlib.lib : gpio.obj (.const:g_pui32GPIOBaseAddrs)
                  000011b0    0000006c                   : sysctl.obj (.const:g_pui32Xtals)
                  0000121c    00000014                   : interrupt.obj (.const:g_pui32EnRegs)
                  00001230    00000012     main.obj (.const:.string)
                  00001242    00000002     --HOLE-- [fill = 0]
                  00001244    0000000c     main.obj (.const:g_ui32UARTBase)
                  00001250    0000000c     main.obj (.const:g_ui32UARTPeriph)
                  0000125c    00000004     main.obj (.const)

.cinit     0    00001260    00000030     
                  00001260    0000000c     (__TI_handler_table)
                  0000126c    00000004     --HOLE-- [fill = 0]
                  00001270    00000008     (.cinit..bss.load) [load image, compression = zero_init]
                  00001278    00000008     (.cinit..data.load) [load image, compression = lzss]
                  00001280    00000010     (__TI_cinit_table)

.init_array 
*          0    00000000    00000000     UNINITIALIZED

.data      0    20000200    0000001d     UNINITIALIZED
                  20000200    00000018     main.obj (.data:RX_text)
                  20000218    00000005     main.obj (.data)

.bss       0    20000220    00000018     UNINITIALIZED
                  20000220    00000018     (.common:text)

.stack     0    20000000    00000200     UNINITIALIZED
                  20000000    00000004     rtsv7M4_T_le_v4SPD16_eabi.lib : boot_cortex_m.c.obj (.stack)
                  20000004    000001fc     --HOLE--

MODULE SUMMARY

       Module                         code   ro data   rw data
       ------                         ----   -------   -------
    .\
       main.obj                       1684   46        53     
       tm4c123gh6pm_startup_ccs.obj   12     620       0      
    +--+------------------------------+------+---------+---------+
       Total:                         1696   666       53     
                                                              
    ../driverlib.lib
       sysctl.obj                     638    108       0      
       gpio.obj                       556    144       0      
       uart.obj                       148    0         0      
       ssi.obj                        126    0         0      
       interrupt.obj                  104    20        0      
    +--+------------------------------+------+---------+---------+
       Total:                         1572   272       0      
                                                              
    C:\ti\ccs920\ccs\tools\compiler\ti-cgt-arm_18.12.3.LTS\lib\rtsv7M4_T_le_v4SPD16_eabi.lib
       memcpy_t2.asm.obj              156    0         0      
       copy_decompress_lzss.c.obj     104    0         0      
       autoinit.c.obj                 68     0         0      
       u_divt2.asm.obj                64     0         0      
       boot_cortex_m.c.obj            52     0         0      
       copy_zero_init.c.obj           28     0         0      
       copy_decompress_none.c.obj     14     0         0      
       exit.c.obj                     4      0         0      
       pre_init.c.obj                 4      0         0      
       div0.asm.obj                   2      0         0      
    +--+------------------------------+------+---------+---------+
       Total:                         496    0         0      
                                                              
       Stack:                         0      0         512    
       Linker Generated:              0      44        0      
    +--+------------------------------+------+---------+---------+
       Grand Total:                   3764   982       565    


LINKER GENERATED COPY TABLES

__TI_cinit_table @ 00001280 records: 2, size/record: 8, table size: 16
	.bss: load addr=00001270, load size=00000008 bytes, run addr=20000220, run size=00000018 bytes, compression=zero_init
	.data: load addr=00001278, load size=00000008 bytes, run addr=20000200, run size=0000001d bytes, compression=lzss


LINKER GENERATED HANDLER TABLE

__TI_handler_table @ 00001260 records: 3, size/record: 4, table size: 12
	index: 0, handler: __TI_decompress_lzss
	index: 1, handler: __TI_decompress_none
	index: 2, handler: __TI_zero_init


GLOBAL SYMBOLS: SORTED ALPHABETICALLY BY Name 

address   name                          
-------   ----                          
0000111d  C$$EXIT                       
00000fd9  GPIODirModeSet                
00000901  GPIOPadConfigSet              
00000de5  GPIOPinConfigure              
00001107  GPIOPinRead                   
00001041  GPIOPinTypeGPIOInput          
00001057  GPIOPinTypeSSI                
0000106d  GPIOPinTypeUART               
00000d15  IntEnable                     
20000200  RX_text                       
000010c3  ResetISR                      
000010f7  SSIBusy                       
00000efd  SSIConfigSetExpClk            
000010b7  SSIDataGet                    
00001097  SSIDataGetNonBlocking         
000010cf  SSIDataPut                    
000010d9  SSIEnable                     
000010ff  SSIIntEnable                  
00000a6d  SysCtlClockGet                
00000b85  SysCtlClockSet                
0000110d  SysCtlDelay                   
00000f71  SysCtlPeripheralEnable        
00000f39  SysCtlPeripheralPresent       
000010e3  UARTCharGet                   
000010ed  UARTCharPut                   
00001113  UARTClockSourceSet            
00000e31  UARTConfigSetExpClk           
00001005  UARTDisable                   
00001083  UARTEnable                    
0000026d  UARTStdioConfig               
000003bd  UARTgetc                      
00000303  UARTgets                      
000006df  UARTprintf                    
000003e5  UARTvprintf                   
000002b3  UARTwrite                     
20000200  __STACK_END                   
00000200  __STACK_SIZE                  
20000200  __STACK_TOP                   
00001280  __TI_CINIT_Base               
00001290  __TI_CINIT_Limit              
00001260  __TI_Handler_Table_Base       
0000126c  __TI_Handler_Table_Limit      
00000e79  __TI_auto_init_nobinit_nopinit
00000d7d  __TI_decompress_lzss          
000010a9  __TI_decompress_none          
ffffffff  __TI_pprof_out_hndl           
ffffffff  __TI_prof_data_size           
ffffffff  __TI_prof_data_start          
00000000  __TI_static_base__            
00001025  __TI_zero_init_nomemset       
00000e77  __aeabi_idiv0                 
00000e77  __aeabi_ldiv0                 
00000c79  __aeabi_memcpy                
00000c79  __aeabi_memcpy4               
00000c79  __aeabi_memcpy8               
00000ebd  __aeabi_uidiv                 
00000ebd  __aeabi_uidivmod              
ffffffff  __binit__                     
ffffffff  __c_args__                    
UNDEFED   __mpu_init                    
20000000  __stack                       
00000fa5  _c_int00_noargs               
UNDEFED   _system_post_cinit            
00001119  _system_pre_init              
0000111d  abort                         
ffffffff  binit                         
00000000  g_pfnVectors                  
00000707  main                          
00000c79  memcpy                        
20000220  text                          


GLOBAL SYMBOLS: SORTED BY Symbol Address 

address   name                          
-------   ----                          
00000000  __TI_static_base__            
00000000  g_pfnVectors                  
00000200  __STACK_SIZE                  
0000026d  UARTStdioConfig               
000002b3  UARTwrite                     
00000303  UARTgets                      
000003bd  UARTgetc                      
000003e5  UARTvprintf                   
000006df  UARTprintf                    
00000707  main                          
00000901  GPIOPadConfigSet              
00000a6d  SysCtlClockGet                
00000b85  SysCtlClockSet                
00000c79  __aeabi_memcpy                
00000c79  __aeabi_memcpy4               
00000c79  __aeabi_memcpy8               
00000c79  memcpy                        
00000d15  IntEnable                     
00000d7d  __TI_decompress_lzss          
00000de5  GPIOPinConfigure              
00000e31  UARTConfigSetExpClk           
00000e77  __aeabi_idiv0                 
00000e77  __aeabi_ldiv0                 
00000e79  __TI_auto_init_nobinit_nopinit
00000ebd  __aeabi_uidiv                 
00000ebd  __aeabi_uidivmod              
00000efd  SSIConfigSetExpClk            
00000f39  SysCtlPeripheralPresent       
00000f71  SysCtlPeripheralEnable        
00000fa5  _c_int00_noargs               
00000fd9  GPIODirModeSet                
00001005  UARTDisable                   
00001025  __TI_zero_init_nomemset       
00001041  GPIOPinTypeGPIOInput          
00001057  GPIOPinTypeSSI                
0000106d  GPIOPinTypeUART               
00001083  UARTEnable                    
00001097  SSIDataGetNonBlocking         
000010a9  __TI_decompress_none          
000010b7  SSIDataGet                    
000010c3  ResetISR                      
000010cf  SSIDataPut                    
000010d9  SSIEnable                     
000010e3  UARTCharGet                   
000010ed  UARTCharPut                   
000010f7  SSIBusy                       
000010ff  SSIIntEnable                  
00001107  GPIOPinRead                   
0000110d  SysCtlDelay                   
00001113  UARTClockSourceSet            
00001119  _system_pre_init              
0000111d  C$$EXIT                       
0000111d  abort                         
00001260  __TI_Handler_Table_Base       
0000126c  __TI_Handler_Table_Limit      
00001280  __TI_CINIT_Base               
00001290  __TI_CINIT_Limit              
20000000  __stack                       
20000200  RX_text                       
20000200  __STACK_END                   
20000200  __STACK_TOP                   
20000220  text                          
ffffffff  __TI_pprof_out_hndl           
ffffffff  __TI_prof_data_size           
ffffffff  __TI_prof_data_start          
ffffffff  __binit__                     
ffffffff  __c_args__                    
ffffffff  binit                         
UNDEFED   __mpu_init                    
UNDEFED   _system_post_cinit            

[70 symbols]
