******************************************************************************
                  TI ARM Linker PC v18.12.3                    
******************************************************************************
>> Linked Wed Feb  9 15:21:09 2022

OUTPUT FILE NAME:   <NokiaLCD_Analog_Data.out>
ENTRY POINT SYMBOL: "_c_int00_noargs"  address: 0000152d


MEMORY CONFIGURATION

         name            origin    length      used     unused   attr    fill
----------------------  --------  ---------  --------  --------  ----  --------
  FLASH                 00000000   00040000  00002051  0003dfaf  R  X
  SRAM                  20000000   00008000  0000024c  00007db4  RW X


SEGMENT ALLOCATION MAP

run origin  load origin   length   init length attrs members
----------  ----------- ---------- ----------- ----- -------
00000000    00000000    00002058   00002058    r-x
  00000000    00000000    0000026c   0000026c    r-- .intvecs
  0000026c    0000026c    000014ea   000014ea    r-x .text
  00001758    00001758    000008c3   000008c3    r-- .const
  00002020    00002020    00000038   00000038    r-- .cinit
20000000    20000000    00000250   00000000    rw-
  20000000    20000000    00000200   00000000    rw- .stack
  20000200    20000200    00000034   00000000    rw- .data
  20000238    20000238    00000010   00000000    rw- .sysmem
  20000248    20000248    00000008   00000000    rw- .bss


SECTION ALLOCATION MAP

 output                                  attributes/
section   page    origin      length       input sections
--------  ----  ----------  ----------   ----------------
.intvecs   0    00000000    0000026c     
                  00000000    0000026c     tm4c123gh6pm_startup_ccs.obj (.intvecs)

.text      0    0000026c    000014ea     
                  0000026c    00000638     main.obj (.text)
                  000008a4    000001c4     Nokia_Driver.obj (.text)
                  00000a68    0000016c     driverlib.lib : gpio.obj (.text:GPIOPadConfigSet)
                  00000bd4    00000118                   : sysctl.obj (.text:SysCtlClockGet)
                  00000cec    00000100     print.obj (.text)
                  00000dec    000000f4     driverlib.lib : sysctl.obj (.text:SysCtlClockSet)
                  00000ee0    000000f4     rtsv7M4_T_le_v4SPD16_eabi.lib : memory.c.obj (.text:aligned_alloc)
                  00000fd4    000000e8                                   : memory.c.obj (.text:free)
                  000010bc    0000009c                                   : memcpy_t2.asm.obj (.text)
                  00001158    0000007c                                   : memory.c.obj (.text:split)
                  000011d4    0000007a     driverlib.lib : adc.obj (.text:ADCSequenceStepConfigure)
                  0000124e    00000068     rtsv7M4_T_le_v4SPD16_eabi.lib : copy_decompress_lzss.c.obj (.text:decompress:lzss:__TI_decompress_lzss)
                  000012b6    00000002                                   : _lock.c.obj (.text:_nop)
                  000012b8    00000064     ADC.obj (.text)
                  0000131c    0000004e     driverlib.lib : adc.obj (.text:ADCSequenceConfigure)
                  0000136a    00000002     rtsv7M4_T_le_v4SPD16_eabi.lib : div0.asm.obj (.text)
                  0000136c    0000004c     driverlib.lib : gpio.obj (.text:GPIOPinConfigure)
                  000013b8    00000046                   : uart.obj (.text:UARTConfigSetExpClk)
                  000013fe    00000002     --HOLE-- [fill = 0]
                  00001400    00000044     rtsv7M4_T_le_v4SPD16_eabi.lib : autoinit.c.obj (.text:__TI_auto_init_nobinit_nopinit:__TI_auto_init_nobinit_nopinit)
                  00001444    00000040                                   : u_divt2.asm.obj (.text)
                  00001484    0000003c     driverlib.lib : ssi.obj (.text:SSIConfigSetExpClk)
                  000014c0    00000038                   : sysctl.obj (.text:SysCtlPeripheralPresent)
                  000014f8    00000034                   : sysctl.obj (.text:SysCtlPeripheralEnable)
                  0000152c    00000034     rtsv7M4_T_le_v4SPD16_eabi.lib : boot_cortex_m.c.obj (.text:_c_int00_noargs:_c_int00_noargs)
                  00001560    0000002c     driverlib.lib : gpio.obj (.text:GPIODirModeSet)
                  0000158c    00000028     rtsv7M4_T_le_v4SPD16_eabi.lib : memory.c.obj (.text:free_list_insert)
                  000015b4    00000020     driverlib.lib : uart.obj (.text:UARTDisable)
                  000015d4    0000001e                   : adc.obj (.text:ADCSequenceDataGet)
                  000015f2    0000001c     rtsv7M4_T_le_v4SPD16_eabi.lib : copy_zero_init.c.obj (.text:decompress:ZI:__TI_zero_init_nomemset:__TI_zero_init_nomemset)
                  0000160e    00000002     --HOLE-- [fill = 0]
                  00001610    0000001c                                   : memory.c.obj (.text:free_list_remove)
                  0000162c    0000001a     driverlib.lib : gpio.obj (.text:GPIOPinTypeGPIOOutput)
                  00001646    00000018                   : adc.obj (.text:ADCProcessorTrigger)
                  0000165e    00000016                   : gpio.obj (.text:GPIOPinTypeADC)
                  00001674    00000016                   : gpio.obj (.text:GPIOPinTypeGPIOInput)
                  0000168a    00000016                   : gpio.obj (.text:GPIOPinTypeSSI)
                  000016a0    00000016                   : gpio.obj (.text:GPIOPinTypeUART)
                  000016b6    00000014                   : uart.obj (.text:UARTEnable)
                  000016ca    00000012                   : ssi.obj (.text:SSIDataGetNonBlocking)
                  000016dc    0000000e                   : adc.obj (.text:ADCSequenceEnable)
                  000016ea    0000000e     rtsv7M4_T_le_v4SPD16_eabi.lib : copy_decompress_none.c.obj (.text:decompress:none:__TI_decompress_none)
                  000016f8    0000000c     tm4c123gh6pm_startup_ccs.obj (.text)
                  00001704    0000000a     driverlib.lib : ssi.obj (.text:SSIDataPut)
                  0000170e    0000000a                   : ssi.obj (.text:SSIEnable)
                  00001718    0000000a                   : uart.obj (.text:UARTCharGet)
                  00001722    0000000a                   : uart.obj (.text:UARTCharPut)
                  0000172c    00000008                   : ssi.obj (.text:SSIBusy)
                  00001734    00000008     rtsv7M4_T_le_v4SPD16_eabi.lib : memory.c.obj (.text:malloc)
                  0000173c    00000006     driverlib.lib : gpio.obj (.text:GPIOPinWrite)
                  00001742    00000006                   : sysctl.obj (.text:SysCtlDelay)
                  00001748    00000006                   : uart.obj (.text:UARTClockSourceSet)
                  0000174e    00000004     rtsv7M4_T_le_v4SPD16_eabi.lib : pre_init.c.obj (.text:_system_pre_init)
                  00001752    00000004                                   : exit.c.obj (.text:abort:abort)

.const     0    00001758    000008c3     
                  00001758    00000780     Nokia_Driver.obj (.const:ASCII)
                  00001ed8    00000090     driverlib.lib : gpio.obj (.const:g_pui32GPIOBaseAddrs)
                  00001f68    0000006c                   : sysctl.obj (.const:g_pui32Xtals)
                  00001fd4    00000014     Nokia_Driver.obj (.const:$P$T0$1)
                  00001fe8    00000012     main.obj (.const:.string)
                  00001ffa    00000002     --HOLE-- [fill = 0]
                  00001ffc    0000000c     main.obj (.const:g_ui32UARTBase)
                  00002008    0000000c     main.obj (.const:g_ui32UARTPeriph)
                  00002014    00000004     main.obj (.const)
                  00002018    00000003     main.obj (.const:.string:$P$T0$2)

.cinit     0    00002020    00000038     
                  00002020    0000000f     (.cinit..data.load) [load image, compression = lzss]
                  0000202f    00000001     --HOLE-- [fill = 0]
                  00002030    0000000c     (__TI_handler_table)
                  0000203c    00000004     --HOLE-- [fill = 0]
                  00002040    00000008     (.cinit..bss.load) [load image, compression = zero_init]
                  00002048    00000010     (__TI_cinit_table)

.init_array 
*          0    00000000    00000000     UNINITIALIZED

.stack     0    20000000    00000200     UNINITIALIZED
                  20000000    00000004     rtsv7M4_T_le_v4SPD16_eabi.lib : boot_cortex_m.c.obj (.stack)
                  20000004    000001fc     --HOLE--

.data      0    20000200    00000034     UNINITIALIZED
                  20000200    00000018     main.obj (.data:RX_text)
                  20000218    00000008     rtsv7M4_T_le_v4SPD16_eabi.lib : _lock.c.obj (.data:$O1$$)
                  20000220    00000008                                   : memory.c.obj (.data:$O1$$)
                  20000228    00000005     main.obj (.data)
                  2000022d    00000003     --HOLE--
                  20000230    00000004     Nokia_Driver.obj (.data)

.sysmem    0    20000238    00000010     UNINITIALIZED
                  20000238    00000010     rtsv7M4_T_le_v4SPD16_eabi.lib : memory.c.obj (.sysmem)

.bss       0    20000248    00000008     UNINITIALIZED
                  20000248    00000004     (.common:ADC_Value)
                  2000024c    00000004     (.common:potValue)

MODULE SUMMARY

       Module                         code   ro data   rw data
       ------                         ----   -------   -------
    .\
       Nokia_Driver.obj               452    1940      4      
       main.obj                       1592   49        33     
       tm4c123gh6pm_startup_ccs.obj   12     620       0      
       print.obj                      256    0         0      
       ADC.obj                        100    0         4      
    +--+------------------------------+------+---------+---------+
       Total:                         2412   2609      41     
                                                              
    ../driverlib.lib
       gpio.obj                       604    144       0      
       sysctl.obj                     638    108       0      
       adc.obj                        268    0         0      
       uart.obj                       148    0         0      
       ssi.obj                        106    0         0      
    +--+------------------------------+------+---------+---------+
       Total:                         1764   252       0      
                                                              
    C:\ti\ccs920\ccs\tools\compiler\ti-cgt-arm_18.12.3.LTS\lib\rtsv7M4_T_le_v4SPD16_eabi.lib
       memory.c.obj                   676    0         8      
       memcpy_t2.asm.obj              156    0         0      
       copy_decompress_lzss.c.obj     104    0         0      
       autoinit.c.obj                 68     0         0      
       u_divt2.asm.obj                64     0         0      
       boot_cortex_m.c.obj            52     0         0      
       copy_zero_init.c.obj           28     0         0      
       copy_decompress_none.c.obj     14     0         0      
       _lock.c.obj                    2      0         8      
       exit.c.obj                     4      0         0      
       pre_init.c.obj                 4      0         0      
       div0.asm.obj                   2      0         0      
    +--+------------------------------+------+---------+---------+
       Total:                         1174   0         16     
                                                              
       Heap:                          0      0         16     
       Stack:                         0      0         512    
       Linker Generated:              0      51        0      
    +--+------------------------------+------+---------+---------+
       Grand Total:                   5350   2912      585    


LINKER GENERATED COPY TABLES

__TI_cinit_table @ 00002048 records: 2, size/record: 8, table size: 16
	.data: load addr=00002020, load size=0000000f bytes, run addr=20000200, run size=00000034 bytes, compression=lzss
	.bss: load addr=00002040, load size=00000008 bytes, run addr=20000248, run size=00000008 bytes, compression=zero_init


LINKER GENERATED HANDLER TABLE

__TI_handler_table @ 00002030 records: 3, size/record: 4, table size: 12
	index: 0, handler: __TI_decompress_lzss
	index: 1, handler: __TI_decompress_none
	index: 2, handler: __TI_zero_init


GLOBAL SYMBOLS: SORTED ALPHABETICALLY BY Name 

address   name                          
-------   ----                          
00001647  ADCProcessorTrigger           
0000131d  ADCSequenceConfigure          
000015d5  ADCSequenceDataGet            
000016dd  ADCSequenceEnable             
000011d5  ADCSequenceStepConfigure      
000012f1  ADC_Get                       
000012b9  ADC_Init                      
20000248  ADC_Value                     
00001753  C$$EXIT                       
00001561  GPIODirModeSet                
00000a69  GPIOPadConfigSet              
0000136d  GPIOPinConfigure              
0000165f  GPIOPinTypeADC                
00001675  GPIOPinTypeGPIOInput          
0000162d  GPIOPinTypeGPIOOutput         
0000168b  GPIOPinTypeSSI                
000016a1  GPIOPinTypeUART               
0000173d  GPIOPinWrite                  
000008f9  LcdCharacter                  
0000095b  LcdClear                      
0000093f  LcdString                     
0000098d  Position                      
20000200  RX_text                       
000016f9  ResetISR                      
00000a0f  Reset_Init                    
000008a5  SPI_Init                      
0000172d  SSIBusy                       
00001485  SSIConfigSetExpClk            
000016cb  SSIDataGetNonBlocking         
00001705  SSIDataPut                    
0000170f  SSIEnable                     
000009e9  Switch_LED_Init               
00000bd5  SysCtlClockGet                
00000ded  SysCtlClockSet                
00001743  SysCtlDelay                   
000014f9  SysCtlPeripheralEnable        
000014c1  SysCtlPeripheralPresent       
00001719  UARTCharGet                   
00001723  UARTCharPut                   
00001749  UARTClockSourceSet            
000013b9  UARTConfigSetExpClk           
000015b5  UARTDisable                   
000016b7  UARTEnable                    
0000026d  UARTStdioConfig               
000003bd  UARTgetc                      
00000303  UARTgets                      
000006df  UARTprintf                    
000003e5  UARTvprintf                   
000002b3  UARTwrite                     
20000200  __STACK_END                   
00000200  __STACK_SIZE                  
20000200  __STACK_TOP                   
00000010  __SYSMEM_SIZE                 
00002048  __TI_CINIT_Base               
00002058  __TI_CINIT_Limit              
00002030  __TI_Handler_Table_Base       
0000203c  __TI_Handler_Table_Limit      
00001401  __TI_auto_init_nobinit_nopinit
0000124f  __TI_decompress_lzss          
000016eb  __TI_decompress_none          
ffffffff  __TI_pprof_out_hndl           
ffffffff  __TI_prof_data_size           
ffffffff  __TI_prof_data_start          
00000000  __TI_static_base__            
000015f3  __TI_zero_init_nomemset       
0000136b  __aeabi_idiv0                 
0000136b  __aeabi_ldiv0                 
000010bd  __aeabi_memcpy                
000010bd  __aeabi_memcpy4               
000010bd  __aeabi_memcpy8               
00001445  __aeabi_uidiv                 
00001445  __aeabi_uidivmod              
ffffffff  __binit__                     
ffffffff  __c_args__                    
UNDEFED   __mpu_init                    
20000000  __stack                       
0000152d  _c_int00_noargs               
20000218  _lock                         
000012b7  _nop                          
20000238  _sys_memory                   
UNDEFED   _system_post_cinit            
0000174f  _system_pre_init              
2000021c  _unlock                       
00001753  abort                         
00000ee1  aligned_alloc                 
ffffffff  binit                         
00000fd5  free                          
00000000  g_pfnVectors                  
00000d5b  i_to_a                        
20000230  index                         
00000707  main                          
00001735  malloc                        
00000ee1  memalign                      
000010bd  memcpy                        
00000d2f  no_of_digits                  
2000024c  potValue                      
00000ced  print_init                    


GLOBAL SYMBOLS: SORTED BY Symbol Address 

address   name                          
-------   ----                          
00000000  __TI_static_base__            
00000000  g_pfnVectors                  
00000010  __SYSMEM_SIZE                 
00000200  __STACK_SIZE                  
0000026d  UARTStdioConfig               
000002b3  UARTwrite                     
00000303  UARTgets                      
000003bd  UARTgetc                      
000003e5  UARTvprintf                   
000006df  UARTprintf                    
00000707  main                          
000008a5  SPI_Init                      
000008f9  LcdCharacter                  
0000093f  LcdString                     
0000095b  LcdClear                      
0000098d  Position                      
000009e9  Switch_LED_Init               
00000a0f  Reset_Init                    
00000a69  GPIOPadConfigSet              
00000bd5  SysCtlClockGet                
00000ced  print_init                    
00000d2f  no_of_digits                  
00000d5b  i_to_a                        
00000ded  SysCtlClockSet                
00000ee1  aligned_alloc                 
00000ee1  memalign                      
00000fd5  free                          
000010bd  __aeabi_memcpy                
000010bd  __aeabi_memcpy4               
000010bd  __aeabi_memcpy8               
000010bd  memcpy                        
000011d5  ADCSequenceStepConfigure      
0000124f  __TI_decompress_lzss          
000012b7  _nop                          
000012b9  ADC_Init                      
000012f1  ADC_Get                       
0000131d  ADCSequenceConfigure          
0000136b  __aeabi_idiv0                 
0000136b  __aeabi_ldiv0                 
0000136d  GPIOPinConfigure              
000013b9  UARTConfigSetExpClk           
00001401  __TI_auto_init_nobinit_nopinit
00001445  __aeabi_uidiv                 
00001445  __aeabi_uidivmod              
00001485  SSIConfigSetExpClk            
000014c1  SysCtlPeripheralPresent       
000014f9  SysCtlPeripheralEnable        
0000152d  _c_int00_noargs               
00001561  GPIODirModeSet                
000015b5  UARTDisable                   
000015d5  ADCSequenceDataGet            
000015f3  __TI_zero_init_nomemset       
0000162d  GPIOPinTypeGPIOOutput         
00001647  ADCProcessorTrigger           
0000165f  GPIOPinTypeADC                
00001675  GPIOPinTypeGPIOInput          
0000168b  GPIOPinTypeSSI                
000016a1  GPIOPinTypeUART               
000016b7  UARTEnable                    
000016cb  SSIDataGetNonBlocking         
000016dd  ADCSequenceEnable             
000016eb  __TI_decompress_none          
000016f9  ResetISR                      
00001705  SSIDataPut                    
0000170f  SSIEnable                     
00001719  UARTCharGet                   
00001723  UARTCharPut                   
0000172d  SSIBusy                       
00001735  malloc                        
0000173d  GPIOPinWrite                  
00001743  SysCtlDelay                   
00001749  UARTClockSourceSet            
0000174f  _system_pre_init              
00001753  C$$EXIT                       
00001753  abort                         
00002030  __TI_Handler_Table_Base       
0000203c  __TI_Handler_Table_Limit      
00002048  __TI_CINIT_Base               
00002058  __TI_CINIT_Limit              
20000000  __stack                       
20000200  RX_text                       
20000200  __STACK_END                   
20000200  __STACK_TOP                   
20000218  _lock                         
2000021c  _unlock                       
20000230  index                         
20000238  _sys_memory                   
20000248  ADC_Value                     
2000024c  potValue                      
ffffffff  __TI_pprof_out_hndl           
ffffffff  __TI_prof_data_size           
ffffffff  __TI_prof_data_start          
ffffffff  __binit__                     
ffffffff  __c_args__                    
ffffffff  binit                         
UNDEFED   __mpu_init                    
UNDEFED   _system_post_cinit            

[97 symbols]
