******************************************************************************
                  TI ARM Linker PC v18.12.3                    
******************************************************************************
>> Linked Thu Jan 27 17:18:02 2022

OUTPUT FILE NAME:   <NokiaLCD.out>
ENTRY POINT SYMBOL: "_c_int00_noargs"  address: 00000f85


MEMORY CONFIGURATION

         name            origin    length      used     unused   attr    fill
----------------------  --------  ---------  --------  --------  ----  --------
  FLASH                 00000000   00040000  0000124c  0003edb4  R  X
  SRAM                  20000000   00008000  00000236  00007dca  RW X


SEGMENT ALLOCATION MAP

run origin  load origin   length   init length attrs members
----------  ----------- ---------- ----------- ----- -------
00000000    00000000    00001250   00001250    r-x
  00000000    00000000    0000026c   0000026c    r-- .intvecs
  0000026c    0000026c    00000e70   00000e70    r-x .text
  000010dc    000010dc    00000140   00000140    r-- .const
  00001220    00001220    00000030   00000030    r-- .cinit
20000000    20000000    00000239   00000000    rw-
  20000000    20000000    00000200   00000000    rw- .stack
  20000200    20000200    0000001d   00000000    rw- .data
  20000220    20000220    00000019   00000000    rw- .bss


SECTION ALLOCATION MAP

 output                                  attributes/
section   page    origin      length       input sections
--------  ----  ----------  ----------   ----------------
.intvecs   0    00000000    0000026c     
                  00000000    0000026c     tm4c123gh6pm_startup_ccs.obj (.intvecs)

.text      0    0000026c    00000e70     
                  0000026c    00000674     main.obj (.text)
                  000008e0    0000016c     driverlib.lib : gpio.obj (.text:GPIOPadConfigSet)
                  00000a4c    00000118                   : sysctl.obj (.text:SysCtlClockGet)
                  00000b64    000000f4                   : sysctl.obj (.text:SysCtlClockSet)
                  00000c58    0000009c     rtsv7M4_T_le_v4SPD16_eabi.lib : memcpy_t2.asm.obj (.text)
                  00000cf4    00000068     driverlib.lib : interrupt.obj (.text:IntEnable)
                  00000d5c    00000068     rtsv7M4_T_le_v4SPD16_eabi.lib : copy_decompress_lzss.c.obj (.text:decompress:lzss:__TI_decompress_lzss)
                  00000dc4    0000004c     driverlib.lib : gpio.obj (.text:GPIOPinConfigure)
                  00000e10    00000046                   : uart.obj (.text:UARTConfigSetExpClk)
                  00000e56    00000002     rtsv7M4_T_le_v4SPD16_eabi.lib : div0.asm.obj (.text)
                  00000e58    00000044                                   : autoinit.c.obj (.text:__TI_auto_init_nobinit_nopinit:__TI_auto_init_nobinit_nopinit)
                  00000e9c    00000040                                   : u_divt2.asm.obj (.text)
                  00000edc    0000003c     driverlib.lib : ssi.obj (.text:SSIConfigSetExpClk)
                  00000f18    00000038                   : sysctl.obj (.text:SysCtlPeripheralPresent)
                  00000f50    00000034                   : sysctl.obj (.text:SysCtlPeripheralEnable)
                  00000f84    00000034     rtsv7M4_T_le_v4SPD16_eabi.lib : boot_cortex_m.c.obj (.text:_c_int00_noargs:_c_int00_noargs)
                  00000fb8    0000002c     driverlib.lib : gpio.obj (.text:GPIODirModeSet)
                  00000fe4    00000020                   : uart.obj (.text:UARTDisable)
                  00001004    0000001c     rtsv7M4_T_le_v4SPD16_eabi.lib : copy_zero_init.c.obj (.text:decompress:ZI:__TI_zero_init_nomemset:__TI_zero_init_nomemset)
                  00001020    0000001a     driverlib.lib : gpio.obj (.text:GPIOPinTypeGPIOOutput)
                  0000103a    00000016                   : gpio.obj (.text:GPIOPinTypeSSI)
                  00001050    00000014                   : uart.obj (.text:UARTEnable)
                  00001064    00000012                   : ssi.obj (.text:SSIDataGetNonBlocking)
                  00001076    0000000e     rtsv7M4_T_le_v4SPD16_eabi.lib : copy_decompress_none.c.obj (.text:decompress:none:__TI_decompress_none)
                  00001084    0000000c     tm4c123gh6pm_startup_ccs.obj (.text)
                  00001090    0000000a     driverlib.lib : ssi.obj (.text:SSIDataPut)
                  0000109a    0000000a                   : ssi.obj (.text:SSIEnable)
                  000010a4    0000000a                   : uart.obj (.text:UARTCharGet)
                  000010ae    0000000a                   : uart.obj (.text:UARTCharPut)
                  000010b8    00000008                   : ssi.obj (.text:SSIBusy)
                  000010c0    00000008                   : ssi.obj (.text:SSIIntEnable)
                  000010c8    00000006                   : gpio.obj (.text:GPIOPinWrite)
                  000010ce    00000006                   : sysctl.obj (.text:SysCtlDelay)
                  000010d4    00000004     rtsv7M4_T_le_v4SPD16_eabi.lib : pre_init.c.obj (.text:_system_pre_init)
                  000010d8    00000004                                   : exit.c.obj (.text:abort:abort)

.const     0    000010dc    00000140     
                  000010dc    00000090     driverlib.lib : gpio.obj (.const:g_pui32GPIOBaseAddrs)
                  0000116c    0000006c                   : sysctl.obj (.const:g_pui32Xtals)
                  000011d8    00000014                   : interrupt.obj (.const:g_pui32EnRegs)
                  000011ec    00000012     main.obj (.const:.string)
                  000011fe    00000002     --HOLE-- [fill = 0]
                  00001200    0000000c     main.obj (.const:g_ui32UARTBase)
                  0000120c    0000000c     main.obj (.const:g_ui32UARTPeriph)
                  00001218    00000004     main.obj (.const)

.cinit     0    00001220    00000030     
                  00001220    0000000c     (__TI_handler_table)
                  0000122c    00000004     --HOLE-- [fill = 0]
                  00001230    00000008     (.cinit..bss.load) [load image, compression = zero_init]
                  00001238    00000008     (.cinit..data.load) [load image, compression = lzss]
                  00001240    00000010     (__TI_cinit_table)

.init_array 
*          0    00000000    00000000     UNINITIALIZED

.data      0    20000200    0000001d     UNINITIALIZED
                  20000200    00000018     main.obj (.data:RX_text)
                  20000218    00000005     main.obj (.data)

.bss       0    20000220    00000019     UNINITIALIZED
                  20000220    00000018     (.common:command)
                  20000238    00000001     (.common:text)

.stack     0    20000000    00000200     UNINITIALIZED
                  20000000    00000004     rtsv7M4_T_le_v4SPD16_eabi.lib : boot_cortex_m.c.obj (.stack)
                  20000004    000001fc     --HOLE--

MODULE SUMMARY

       Module                         code   ro data   rw data
       ------                         ----   -------   -------
    .\
       main.obj                       1652   46        54     
       tm4c123gh6pm_startup_ccs.obj   12     620       0      
    +--+------------------------------+------+---------+---------+
       Total:                         1664   666       54     
                                                              
    ../driverlib.lib
       sysctl.obj                     638    108       0      
       gpio.obj                       538    144       0      
       uart.obj                       142    0         0      
       interrupt.obj                  104    20        0      
       ssi.obj                        114    0         0      
    +--+------------------------------+------+---------+---------+
       Total:                         1536   272       0      
                                                              
    C:\ti\ccs920\ccs\tools\compiler\ti-cgt-arm_18.12.3.LTS\lib\rtsv7M4_T_le_v4SPD16_eabi.lib
       memcpy_t2.asm.obj              156    0         0      
       copy_decompress_lzss.c.obj     104    0         0      
       autoinit.c.obj                 68     0         0      
       u_divt2.asm.obj                64     0         0      
       boot_cortex_m.c.obj            52     0         0      
       copy_zero_init.c.obj           28     0         0      
       copy_decompress_none.c.obj     14     0         0      
       exit.c.obj                     4      0         0      
       pre_init.c.obj                 4      0         0      
       div0.asm.obj                   2      0         0      
    +--+------------------------------+------+---------+---------+
       Total:                         496    0         0      
                                                              
       Stack:                         0      0         512    
       Linker Generated:              0      44        0      
    +--+------------------------------+------+---------+---------+
       Grand Total:                   3696   982       566    


LINKER GENERATED COPY TABLES

__TI_cinit_table @ 00001240 records: 2, size/record: 8, table size: 16
	.bss: load addr=00001230, load size=00000008 bytes, run addr=20000220, run size=00000019 bytes, compression=zero_init
	.data: load addr=00001238, load size=00000008 bytes, run addr=20000200, run size=0000001d bytes, compression=lzss


LINKER GENERATED HANDLER TABLE

__TI_handler_table @ 00001220 records: 3, size/record: 4, table size: 12
	index: 0, handler: __TI_decompress_lzss
	index: 1, handler: __TI_decompress_none
	index: 2, handler: __TI_zero_init


GLOBAL SYMBOLS: SORTED ALPHABETICALLY BY Name 

address   name                          
-------   ----                          
000010d9  C$$EXIT                       
00000fb9  GPIODirModeSet                
000008e1  GPIOPadConfigSet              
00000dc5  GPIOPinConfigure              
00001021  GPIOPinTypeGPIOOutput         
0000103b  GPIOPinTypeSSI                
000010c9  GPIOPinWrite                  
00000cf5  IntEnable                     
20000200  RX_text                       
00001085  ResetISR                      
000010b9  SSIBusy                       
00000edd  SSIConfigSetExpClk            
00001065  SSIDataGetNonBlocking         
00001091  SSIDataPut                    
0000109b  SSIEnable                     
000010c1  SSIIntEnable                  
00000a4d  SysCtlClockGet                
00000b65  SysCtlClockSet                
000010cf  SysCtlDelay                   
00000f51  SysCtlPeripheralEnable        
00000f19  SysCtlPeripheralPresent       
000010a5  UARTCharGet                   
000010af  UARTCharPut                   
00000e11  UARTConfigSetExpClk           
00000fe5  UARTDisable                   
00001051  UARTEnable                    
0000026d  UARTStdioConfig               
000003bd  UARTgetc                      
00000303  UARTgets                      
000006df  UARTprintf                    
000003e5  UARTvprintf                   
000002b3  UARTwrite                     
20000200  __STACK_END                   
00000200  __STACK_SIZE                  
20000200  __STACK_TOP                   
00001240  __TI_CINIT_Base               
00001250  __TI_CINIT_Limit              
00001220  __TI_Handler_Table_Base       
0000122c  __TI_Handler_Table_Limit      
00000e59  __TI_auto_init_nobinit_nopinit
00000d5d  __TI_decompress_lzss          
00001077  __TI_decompress_none          
ffffffff  __TI_pprof_out_hndl           
ffffffff  __TI_prof_data_size           
ffffffff  __TI_prof_data_start          
00000000  __TI_static_base__            
00001005  __TI_zero_init_nomemset       
00000e57  __aeabi_idiv0                 
00000e57  __aeabi_ldiv0                 
00000c59  __aeabi_memcpy                
00000c59  __aeabi_memcpy4               
00000c59  __aeabi_memcpy8               
00000e9d  __aeabi_uidiv                 
00000e9d  __aeabi_uidivmod              
ffffffff  __binit__                     
ffffffff  __c_args__                    
UNDEFED   __mpu_init                    
20000000  __stack                       
00000f85  _c_int00_noargs               
UNDEFED   _system_post_cinit            
000010d5  _system_pre_init              
000010d9  abort                         
ffffffff  binit                         
20000220  command                       
00000000  g_pfnVectors                  
00000707  main                          
00000c59  memcpy                        
20000238  text                          


GLOBAL SYMBOLS: SORTED BY Symbol Address 

address   name                          
-------   ----                          
00000000  __TI_static_base__            
00000000  g_pfnVectors                  
00000200  __STACK_SIZE                  
0000026d  UARTStdioConfig               
000002b3  UARTwrite                     
00000303  UARTgets                      
000003bd  UARTgetc                      
000003e5  UARTvprintf                   
000006df  UARTprintf                    
00000707  main                          
000008e1  GPIOPadConfigSet              
00000a4d  SysCtlClockGet                
00000b65  SysCtlClockSet                
00000c59  __aeabi_memcpy                
00000c59  __aeabi_memcpy4               
00000c59  __aeabi_memcpy8               
00000c59  memcpy                        
00000cf5  IntEnable                     
00000d5d  __TI_decompress_lzss          
00000dc5  GPIOPinConfigure              
00000e11  UARTConfigSetExpClk           
00000e57  __aeabi_idiv0                 
00000e57  __aeabi_ldiv0                 
00000e59  __TI_auto_init_nobinit_nopinit
00000e9d  __aeabi_uidiv                 
00000e9d  __aeabi_uidivmod              
00000edd  SSIConfigSetExpClk            
00000f19  SysCtlPeripheralPresent       
00000f51  SysCtlPeripheralEnable        
00000f85  _c_int00_noargs               
00000fb9  GPIODirModeSet                
00000fe5  UARTDisable                   
00001005  __TI_zero_init_nomemset       
00001021  GPIOPinTypeGPIOOutput         
0000103b  GPIOPinTypeSSI                
00001051  UARTEnable                    
00001065  SSIDataGetNonBlocking         
00001077  __TI_decompress_none          
00001085  ResetISR                      
00001091  SSIDataPut                    
0000109b  SSIEnable                     
000010a5  UARTCharGet                   
000010af  UARTCharPut                   
000010b9  SSIBusy                       
000010c1  SSIIntEnable                  
000010c9  GPIOPinWrite                  
000010cf  SysCtlDelay                   
000010d5  _system_pre_init              
000010d9  C$$EXIT                       
000010d9  abort                         
00001220  __TI_Handler_Table_Base       
0000122c  __TI_Handler_Table_Limit      
00001240  __TI_CINIT_Base               
00001250  __TI_CINIT_Limit              
20000000  __stack                       
20000200  RX_text                       
20000200  __STACK_END                   
20000200  __STACK_TOP                   
20000220  command                       
20000238  text                          
ffffffff  __TI_pprof_out_hndl           
ffffffff  __TI_prof_data_size           
ffffffff  __TI_prof_data_start          
ffffffff  __binit__                     
ffffffff  __c_args__                    
ffffffff  binit                         
UNDEFED   __mpu_init                    
UNDEFED   _system_post_cinit            

[68 symbols]
