******************************************************************************
                  TI ARM Linker PC v18.12.3                    
******************************************************************************
>> Linked Fri Jan 28 15:40:03 2022

OUTPUT FILE NAME:   <NokiaLCD_Text_Data.out>
ENTRY POINT SYMBOL: "_c_int00_noargs"  address: 00000ad9


MEMORY CONFIGURATION

         name            origin    length      used     unused   attr    fill
----------------------  --------  ---------  --------  --------  ----  --------
  FLASH                 00000000   00040000  00001482  0003eb7e  R  X
  SRAM                  20000000   00008000  0000021c  00007de4  RW X


SEGMENT ALLOCATION MAP

run origin  load origin   length   init length attrs members
----------  ----------- ---------- ----------- ----- -------
00000000    00000000    00001488   00001488    r-x
  00000000    00000000    0000026c   0000026c    r-- .intvecs
  0000026c    0000026c    0000096e   0000096e    r-x .text
  00000bdc    00000bdc    00000890   00000890    r-- .const
  00001470    00001470    00000018   00000018    r-- .cinit
20000000    20000000    0000021c   00000000    rw-
  20000000    20000000    00000200   00000000    rw- .stack
  20000200    20000200    0000001c   00000000    rw- .data


SECTION ALLOCATION MAP

 output                                  attributes/
section   page    origin      length       input sections
--------  ----  ----------  ----------   ----------------
.intvecs   0    00000000    0000026c     
                  00000000    0000026c     tm4c123gh6pm_startup_ccs.obj (.intvecs)

.text      0    0000026c    0000096e     
                  0000026c    000001c4     Nokia_Driver.obj (.text)
                  00000430    0000016c     driverlib.lib : gpio.obj (.text:GPIOPadConfigSet)
                  0000059c    0000012c     main.obj (.text)
                  000006c8    00000118     driverlib.lib : sysctl.obj (.text:SysCtlClockGet)
                  000007e0    000000f4                   : sysctl.obj (.text:SysCtlClockSet)
                  000008d4    0000009c     rtsv7M4_T_le_v4SPD16_eabi.lib : memcpy_t2.asm.obj (.text)
                  00000970    00000068                                   : copy_decompress_lzss.c.obj (.text:decompress:lzss:__TI_decompress_lzss)
                  000009d8    0000004c     driverlib.lib : gpio.obj (.text:GPIOPinConfigure)
                  00000a24    00000044     rtsv7M4_T_le_v4SPD16_eabi.lib : autoinit.c.obj (.text:__TI_auto_init_nobinit_nopinit:__TI_auto_init_nobinit_nopinit)
                  00000a68    0000003c     driverlib.lib : ssi.obj (.text:SSIConfigSetExpClk)
                  00000aa4    00000034                   : sysctl.obj (.text:SysCtlPeripheralEnable)
                  00000ad8    00000034     rtsv7M4_T_le_v4SPD16_eabi.lib : boot_cortex_m.c.obj (.text:_c_int00_noargs:_c_int00_noargs)
                  00000b0c    0000002c     driverlib.lib : gpio.obj (.text:GPIODirModeSet)
                  00000b38    0000001a                   : gpio.obj (.text:GPIOPinTypeGPIOOutput)
                  00000b52    00000016                   : gpio.obj (.text:GPIOPinTypeGPIOInput)
                  00000b68    00000016                   : gpio.obj (.text:GPIOPinTypeSSI)
                  00000b7e    00000012                   : ssi.obj (.text:SSIDataGetNonBlocking)
                  00000b90    0000000e     rtsv7M4_T_le_v4SPD16_eabi.lib : copy_decompress_none.c.obj (.text:decompress:none:__TI_decompress_none)
                  00000b9e    0000000c     tm4c123gh6pm_startup_ccs.obj (.text)
                  00000baa    0000000a     driverlib.lib : ssi.obj (.text:SSIDataPut)
                  00000bb4    0000000a                   : ssi.obj (.text:SSIEnable)
                  00000bbe    00000008                   : ssi.obj (.text:SSIBusy)
                  00000bc6    00000006                   : gpio.obj (.text:GPIOPinWrite)
                  00000bcc    00000006                   : sysctl.obj (.text:SysCtlDelay)
                  00000bd2    00000004     rtsv7M4_T_le_v4SPD16_eabi.lib : pre_init.c.obj (.text:_system_pre_init)
                  00000bd6    00000004                                   : exit.c.obj (.text:abort:abort)

.const     0    00000bdc    00000890     
                  00000bdc    00000780     Nokia_Driver.obj (.const:ASCII)
                  0000135c    00000090     driverlib.lib : gpio.obj (.const:g_pui32GPIOBaseAddrs)
                  000013ec    0000006c                   : sysctl.obj (.const:g_pui32Xtals)
                  00001458    00000014     Nokia_Driver.obj (.const:$P$T0$1)

.cinit     0    00001470    00000018     
                  00001470    00000008     (.cinit..data.load) [load image, compression = lzss]
                  00001478    00000008     (__TI_handler_table)
                  00001480    00000008     (__TI_cinit_table)

.init_array 
*          0    00000000    00000000     UNINITIALIZED

.data      0    20000200    0000001c     UNINITIALIZED
                  20000200    00000018     main.obj (.data:RX_text)
                  20000218    00000004     Nokia_Driver.obj (.data)

.stack     0    20000000    00000200     UNINITIALIZED
                  20000000    00000004     rtsv7M4_T_le_v4SPD16_eabi.lib : boot_cortex_m.c.obj (.stack)
                  20000004    000001fc     --HOLE--

MODULE SUMMARY

       Module                         code   ro data   rw data
       ------                         ----   -------   -------
    .\
       Nokia_Driver.obj               452    1940      4      
       tm4c123gh6pm_startup_ccs.obj   12     620       0      
       main.obj                       300    0         24     
    +--+------------------------------+------+---------+---------+
       Total:                         764    2560      28     
                                                              
    ../driverlib.lib
       gpio.obj                       560    144       0      
       sysctl.obj                     582    108       0      
       ssi.obj                        106    0         0      
    +--+------------------------------+------+---------+---------+
       Total:                         1248   252       0      
                                                              
    C:\ti\ccs920\ccs\tools\compiler\ti-cgt-arm_18.12.3.LTS\lib\rtsv7M4_T_le_v4SPD16_eabi.lib
       memcpy_t2.asm.obj              156    0         0      
       copy_decompress_lzss.c.obj     104    0         0      
       autoinit.c.obj                 68     0         0      
       boot_cortex_m.c.obj            52     0         0      
       copy_decompress_none.c.obj     14     0         0      
       exit.c.obj                     4      0         0      
       pre_init.c.obj                 4      0         0      
    +--+------------------------------+------+---------+---------+
       Total:                         402    0         0      
                                                              
       Stack:                         0      0         512    
       Linker Generated:              0      24        0      
    +--+------------------------------+------+---------+---------+
       Grand Total:                   2414   2836      540    


LINKER GENERATED COPY TABLES

__TI_cinit_table @ 00001480 records: 1, size/record: 8, table size: 8
	.data: load addr=00001470, load size=00000008 bytes, run addr=20000200, run size=0000001c bytes, compression=lzss


LINKER GENERATED HANDLER TABLE

__TI_handler_table @ 00001478 records: 2, size/record: 4, table size: 8
	index: 0, handler: __TI_decompress_lzss
	index: 1, handler: __TI_decompress_none


GLOBAL SYMBOLS: SORTED ALPHABETICALLY BY Name 

address   name                          
-------   ----                          
00000bd7  C$$EXIT                       
00000b0d  GPIODirModeSet                
00000431  GPIOPadConfigSet              
000009d9  GPIOPinConfigure              
00000b53  GPIOPinTypeGPIOInput          
00000b39  GPIOPinTypeGPIOOutput         
00000b69  GPIOPinTypeSSI                
00000bc7  GPIOPinWrite                  
000002c1  LcdCharacter                  
00000323  LcdClear                      
00000307  LcdString                     
00000355  Position                      
20000200  RX_text                       
00000b9f  ResetISR                      
000003d7  Reset_Init                    
0000026d  SPI_Init                      
00000bbf  SSIBusy                       
00000a69  SSIConfigSetExpClk            
00000b7f  SSIDataGetNonBlocking         
00000bab  SSIDataPut                    
00000bb5  SSIEnable                     
000003b1  Switch_LED_Init               
000006c9  SysCtlClockGet                
000007e1  SysCtlClockSet                
00000bcd  SysCtlDelay                   
00000aa5  SysCtlPeripheralEnable        
20000200  __STACK_END                   
00000200  __STACK_SIZE                  
20000200  __STACK_TOP                   
00001480  __TI_CINIT_Base               
00001488  __TI_CINIT_Limit              
00001478  __TI_Handler_Table_Base       
00001480  __TI_Handler_Table_Limit      
00000a25  __TI_auto_init_nobinit_nopinit
00000971  __TI_decompress_lzss          
00000b91  __TI_decompress_none          
ffffffff  __TI_pprof_out_hndl           
ffffffff  __TI_prof_data_size           
ffffffff  __TI_prof_data_start          
00000000  __TI_static_base__            
000008d5  __aeabi_memcpy                
000008d5  __aeabi_memcpy4               
000008d5  __aeabi_memcpy8               
ffffffff  __binit__                     
ffffffff  __c_args__                    
UNDEFED   __mpu_init                    
20000000  __stack                       
00000ad9  _c_int00_noargs               
UNDEFED   _system_post_cinit            
00000bd3  _system_pre_init              
00000bd7  abort                         
ffffffff  binit                         
00000000  g_pfnVectors                  
20000218  index                         
0000059d  main                          
000008d5  memcpy                        


GLOBAL SYMBOLS: SORTED BY Symbol Address 

address   name                          
-------   ----                          
00000000  __TI_static_base__            
00000000  g_pfnVectors                  
00000200  __STACK_SIZE                  
0000026d  SPI_Init                      
000002c1  LcdCharacter                  
00000307  LcdString                     
00000323  LcdClear                      
00000355  Position                      
000003b1  Switch_LED_Init               
000003d7  Reset_Init                    
00000431  GPIOPadConfigSet              
0000059d  main                          
000006c9  SysCtlClockGet                
000007e1  SysCtlClockSet                
000008d5  __aeabi_memcpy                
000008d5  __aeabi_memcpy4               
000008d5  __aeabi_memcpy8               
000008d5  memcpy                        
00000971  __TI_decompress_lzss          
000009d9  GPIOPinConfigure              
00000a25  __TI_auto_init_nobinit_nopinit
00000a69  SSIConfigSetExpClk            
00000aa5  SysCtlPeripheralEnable        
00000ad9  _c_int00_noargs               
00000b0d  GPIODirModeSet                
00000b39  GPIOPinTypeGPIOOutput         
00000b53  GPIOPinTypeGPIOInput          
00000b69  GPIOPinTypeSSI                
00000b7f  SSIDataGetNonBlocking         
00000b91  __TI_decompress_none          
00000b9f  ResetISR                      
00000bab  SSIDataPut                    
00000bb5  SSIEnable                     
00000bbf  SSIBusy                       
00000bc7  GPIOPinWrite                  
00000bcd  SysCtlDelay                   
00000bd3  _system_pre_init              
00000bd7  C$$EXIT                       
00000bd7  abort                         
00001478  __TI_Handler_Table_Base       
00001480  __TI_CINIT_Base               
00001480  __TI_Handler_Table_Limit      
00001488  __TI_CINIT_Limit              
20000000  __stack                       
20000200  RX_text                       
20000200  __STACK_END                   
20000200  __STACK_TOP                   
20000218  index                         
ffffffff  __TI_pprof_out_hndl           
ffffffff  __TI_prof_data_size           
ffffffff  __TI_prof_data_start          
ffffffff  __binit__                     
ffffffff  __c_args__                    
ffffffff  binit                         
UNDEFED   __mpu_init                    
UNDEFED   _system_post_cinit            

[56 symbols]
