******************************************************************************
                  TI ARM Linker PC v18.12.3                    
******************************************************************************
>> Linked Fri May 27 11:08:00 2022

OUTPUT FILE NAME:   <Digital_clock.out>
ENTRY POINT SYMBOL: "_c_int00_noargs"  address: 00000861


MEMORY CONFIGURATION

         name            origin    length      used     unused   attr    fill
----------------------  --------  ---------  --------  --------  ----  --------
  FLASH                 00000000   00040000  00000a3a  0003f5c6  R  X
  SRAM                  20000000   00008000  0000049c  00007b64  RW X


SEGMENT ALLOCATION MAP

run origin  load origin   length   init length attrs members
----------  ----------- ---------- ----------- ----- -------
00000000    00000000    00000a40   00000a40    r-x
  00000000    00000000    0000026c   0000026c    r-- .intvecs
  0000026c    0000026c    000006ea   000006ea    r-x .text
  00000958    00000958    000000b4   000000b4    r-- .const
  00000a10    00000a10    00000030   00000030    r-- .cinit
20000000    20000000    000004a0   00000000    rw-
  20000000    20000000    0000026c   00000000    rw- .vtable
  20000270    20000270    00000200   00000000    rw- .stack
  20000470    20000470    00000020   00000000    rw- .data
  20000490    20000490    00000010   00000000    rw- .sysmem


SECTION ALLOCATION MAP

 output                                  attributes/
section   page    origin      length       input sections
--------  ----  ----------  ----------   ----------------
.intvecs   0    00000000    0000026c     
                  00000000    0000026c     tm4c123gh6pm_startup_ccs.obj (.intvecs)

.text      0    0000026c    000006ea     
                  0000026c    0000016c     driverlib.lib : gpio.obj (.text:GPIOPadConfigSet)
                  000003d8    000000f4                   : sysctl.obj (.text:SysCtlClockSet)
                  000004cc    000000d0     main.obj (.text)
                  0000059c    0000009c     rtsv7M4_T_le_v4SPD16_eabi.lib : memcpy_t2.asm.obj (.text)
                  00000638    00000068     driverlib.lib : interrupt.obj (.text:IntEnable)
                  000006a0    00000068     rtsv7M4_T_le_v4SPD16_eabi.lib : copy_decompress_lzss.c.obj (.text:decompress:lzss:__TI_decompress_lzss)
                  00000708    00000060     driverlib.lib : timer.obj (.text:TimerConfigure)
                  00000768    0000004c                   : timer.obj (.text:_TimerIntNumberGet)
                  000007b4    00000044     rtsv7M4_T_le_v4SPD16_eabi.lib : autoinit.c.obj (.text:__TI_auto_init_nobinit_nopinit:__TI_auto_init_nobinit_nopinit)
                  000007f8    00000034     driverlib.lib : interrupt.obj (.text:IntRegister)
                  0000082c    00000034                   : sysctl.obj (.text:SysCtlPeripheralEnable)
                  00000860    00000034     rtsv7M4_T_le_v4SPD16_eabi.lib : boot_cortex_m.c.obj (.text:_c_int00_noargs:_c_int00_noargs)
                  00000894    0000002c     driverlib.lib : gpio.obj (.text:GPIODirModeSet)
                  000008c0    0000001c     rtsv7M4_T_le_v4SPD16_eabi.lib : copy_zero_init.c.obj (.text:decompress:ZI:__TI_zero_init_nomemset:__TI_zero_init_nomemset)
                  000008dc    0000001a     driverlib.lib : gpio.obj (.text:GPIOPinTypeGPIOOutput)
                  000008f6    00000018                   : timer.obj (.text:TimerIntRegister)
                  0000090e    0000000e                   : timer.obj (.text:TimerEnable)
                  0000091c    0000000e     rtsv7M4_T_le_v4SPD16_eabi.lib : copy_decompress_none.c.obj (.text:decompress:none:__TI_decompress_none)
                  0000092a    0000000c     tm4c123gh6pm_startup_ccs.obj (.text)
                  00000936    00000008     driverlib.lib : timer.obj (.text:TimerIntEnable)
                  0000093e    00000006                   : sysctl.obj (.text:SysCtlDelay)
                  00000944    00000006                   : timer.obj (.text:TimerLoadSet64)
                  0000094a    00000004                   : timer.obj (.text:TimerIntClear)
                  0000094e    00000004     rtsv7M4_T_le_v4SPD16_eabi.lib : pre_init.c.obj (.text:_system_pre_init)
                  00000952    00000004                                   : exit.c.obj (.text:abort:abort)

.const     0    00000958    000000b4     
                  00000958    00000060     driverlib.lib : timer.obj (.const:g_ppui32TimerIntMap)
                  000009b8    00000040                   : timer.obj (.const:g_ppui32TimerIntMapSnowflake)
                  000009f8    00000014                   : interrupt.obj (.const:g_pui32EnRegs)

.cinit     0    00000a10    00000030     
                  00000a10    0000000c     (.cinit..data.load) [load image, compression = lzss]
                  00000a1c    0000000c     (__TI_handler_table)
                  00000a28    00000008     (.cinit..vtable.load) [load image, compression = zero_init]
                  00000a30    00000010     (__TI_cinit_table)

.init_array 
*          0    00000000    00000000     UNINITIALIZED

.vtable    0    20000000    0000026c     UNINITIALIZED
                  20000000    0000026c     driverlib.lib : interrupt.obj (.vtable)

.stack     0    20000270    00000200     UNINITIALIZED
                  20000270    00000004     rtsv7M4_T_le_v4SPD16_eabi.lib : boot_cortex_m.c.obj (.stack)
                  20000274    000001fc     --HOLE--

.data      0    20000470    00000020     UNINITIALIZED
                  20000470    00000020     main.obj (.data)

.sysmem    0    20000490    00000010     UNINITIALIZED
                  20000490    00000010     rtsv7M4_T_le_v4SPD16_eabi.lib : memory.c.obj (.sysmem)

MODULE SUMMARY

       Module                         code   ro data   rw data
       ------                         ----   -------   -------
    .\
       tm4c123gh6pm_startup_ccs.obj   12     620       0      
       main.obj                       208    0         32     
    +--+------------------------------+------+---------+---------+
       Total:                         220    620       32     
                                                              
    ../driverlib.lib
       interrupt.obj                  156    20        620    
       gpio.obj                       434    0         0      
       timer.obj                      228    160       0      
       sysctl.obj                     302    0         0      
    +--+------------------------------+------+---------+---------+
       Total:                         1120   180       620    
                                                              
    C:\ti\ccs920\ccs\tools\compiler\ti-cgt-arm_18.12.3.LTS\lib\rtsv7M4_T_le_v4SPD16_eabi.lib
       memcpy_t2.asm.obj              156    0         0      
       copy_decompress_lzss.c.obj     104    0         0      
       autoinit.c.obj                 68     0         0      
       boot_cortex_m.c.obj            52     0         0      
       copy_zero_init.c.obj           28     0         0      
       copy_decompress_none.c.obj     14     0         0      
       exit.c.obj                     4      0         0      
       pre_init.c.obj                 4      0         0      
    +--+------------------------------+------+---------+---------+
       Total:                         430    0         0      
                                                              
       Heap:                          0      0         16     
       Stack:                         0      0         512    
       Linker Generated:              0      48        0      
    +--+------------------------------+------+---------+---------+
       Grand Total:                   1770   848       1180   


LINKER GENERATED COPY TABLES

__TI_cinit_table @ 00000a30 records: 2, size/record: 8, table size: 16
	.data: load addr=00000a10, load size=0000000c bytes, run addr=20000470, run size=00000020 bytes, compression=lzss
	.vtable: load addr=00000a28, load size=00000008 bytes, run addr=20000000, run size=0000026c bytes, compression=zero_init


LINKER GENERATED HANDLER TABLE

__TI_handler_table @ 00000a1c records: 3, size/record: 4, table size: 12
	index: 0, handler: __TI_zero_init
	index: 1, handler: __TI_decompress_lzss
	index: 2, handler: __TI_decompress_none


GLOBAL SYMBOLS: SORTED ALPHABETICALLY BY Name 

address   name                          
-------   ----                          
00000953  C$$EXIT                       
00000895  GPIODirModeSet                
0000026d  GPIOPadConfigSet              
000008dd  GPIOPinTypeGPIOOutput         
00000639  IntEnable                     
000007f9  IntRegister                   
0000092b  ResetISR                      
000003d9  SysCtlClockSet                
0000093f  SysCtlDelay                   
0000082d  SysCtlPeripheralEnable        
0000051f  Timer0IntHandler              
00000709  TimerConfigure                
0000090f  TimerEnable                   
0000094b  TimerIntClear                 
00000937  TimerIntEnable                
000008f7  TimerIntRegister              
00000945  TimerLoadSet64                
20000470  __STACK_END                   
00000200  __STACK_SIZE                  
20000470  __STACK_TOP                   
00000010  __SYSMEM_SIZE                 
00000a30  __TI_CINIT_Base               
00000a40  __TI_CINIT_Limit              
00000a1c  __TI_Handler_Table_Base       
00000a28  __TI_Handler_Table_Limit      
000007b5  __TI_auto_init_nobinit_nopinit
000006a1  __TI_decompress_lzss          
0000091d  __TI_decompress_none          
ffffffff  __TI_pprof_out_hndl           
ffffffff  __TI_prof_data_size           
ffffffff  __TI_prof_data_start          
00000000  __TI_static_base__            
000008c1  __TI_zero_init_nomemset       
0000059d  __aeabi_memcpy                
0000059d  __aeabi_memcpy4               
0000059d  __aeabi_memcpy8               
ffffffff  __binit__                     
ffffffff  __c_args__                    
UNDEFED   __mpu_init                    
20000270  __stack                       
00000861  _c_int00_noargs               
20000490  _sys_memory                   
UNDEFED   _system_post_cinit            
0000094f  _system_pre_init              
00000953  abort                         
20000474  avg                           
ffffffff  binit                         
20000000  g_pfnRAMVectors               
00000000  g_pfnVectors                  
2000048c  hour                          
20000470  i                             
000004cd  main                          
0000059d  memcpy                        
20000488  mins                          
20000478  oneflag                       
20000480  onesec                        


GLOBAL SYMBOLS: SORTED BY Symbol Address 

address   name                          
-------   ----                          
00000000  __TI_static_base__            
00000000  g_pfnVectors                  
00000010  __SYSMEM_SIZE                 
00000200  __STACK_SIZE                  
0000026d  GPIOPadConfigSet              
000003d9  SysCtlClockSet                
000004cd  main                          
0000051f  Timer0IntHandler              
0000059d  __aeabi_memcpy                
0000059d  __aeabi_memcpy4               
0000059d  __aeabi_memcpy8               
0000059d  memcpy                        
00000639  IntEnable                     
000006a1  __TI_decompress_lzss          
00000709  TimerConfigure                
000007b5  __TI_auto_init_nobinit_nopinit
000007f9  IntRegister                   
0000082d  SysCtlPeripheralEnable        
00000861  _c_int00_noargs               
00000895  GPIODirModeSet                
000008c1  __TI_zero_init_nomemset       
000008dd  GPIOPinTypeGPIOOutput         
000008f7  TimerIntRegister              
0000090f  TimerEnable                   
0000091d  __TI_decompress_none          
0000092b  ResetISR                      
00000937  TimerIntEnable                
0000093f  SysCtlDelay                   
00000945  TimerLoadSet64                
0000094b  TimerIntClear                 
0000094f  _system_pre_init              
00000953  C$$EXIT                       
00000953  abort                         
00000a1c  __TI_Handler_Table_Base       
00000a28  __TI_Handler_Table_Limit      
00000a30  __TI_CINIT_Base               
00000a40  __TI_CINIT_Limit              
20000000  g_pfnRAMVectors               
20000270  __stack                       
20000470  __STACK_END                   
20000470  __STACK_TOP                   
20000470  i                             
20000474  avg                           
20000478  oneflag                       
20000480  onesec                        
20000488  mins                          
2000048c  hour                          
20000490  _sys_memory                   
ffffffff  __TI_pprof_out_hndl           
ffffffff  __TI_prof_data_size           
ffffffff  __TI_prof_data_start          
ffffffff  __binit__                     
ffffffff  __c_args__                    
ffffffff  binit                         
UNDEFED   __mpu_init                    
UNDEFED   _system_post_cinit            

[56 symbols]
