******************************************************************************
                  TI ARM Linker PC v18.12.3                    
******************************************************************************
>> Linked Sun Jan 31 23:40:39 2021

OUTPUT FILE NAME:   <practice.out>
ENTRY POINT SYMBOL: "_c_int00_noargs"  address: 00000841


MEMORY CONFIGURATION

         name            origin    length      used     unused   attr    fill
----------------------  --------  ---------  --------  --------  ----  --------
  FLASH                 00000000   00040000  00000a74  0003f58c  R  X
  SRAM                  20000000   00008000  0000046c  00007b94  RW X


SEGMENT ALLOCATION MAP

run origin  load origin   length   init length attrs members
----------  ----------- ---------- ----------- ----- -------
00000000    00000000    00000a74   00000a74    r-x
  00000000    00000000    0000026c   0000026c    r-- .intvecs
  0000026c    0000026c    000006d4   000006d4    r-x .text
  00000940    00000940    00000120   00000120    r-- .const
  00000a60    00000a60    00000014   00000014    r-- .cinit
20000000    20000000    00000470   00000000    rw-
  20000000    20000000    0000026c   00000000    rw- .vtable
  20000270    20000270    00000200   00000000    rw- .stack


SECTION ALLOCATION MAP

 output                                  attributes/
section   page    origin      length       input sections
--------  ----  ----------  ----------   ----------------
.intvecs   0    00000000    0000026c     
                  00000000    0000026c     tm4c123gh6pm_startup_ccs.obj (.intvecs)

.text      0    0000026c    000006d4     
                  0000026c    0000016c     driverlib.lib : gpio.obj (.text:GPIOPadConfigSet)
                  000003d8    00000118                   : sysctl.obj (.text:SysCtlClockGet)
                  000004f0    000000f4                   : sysctl.obj (.text:SysCtlClockSet)
                  000005e4    0000009c     main.obj (.text)
                  00000680    00000068     driverlib.lib : interrupt.obj (.text:IntEnable)
                  000006e8    00000060                   : timer.obj (.text:TimerConfigure)
                  00000748    0000004c                   : timer.obj (.text:_TimerIntNumberGet)
                  00000794    00000044     rtsv7M4_T_le_v4SPD16_eabi.lib : autoinit.c.obj (.text:__TI_auto_init_nobinit_nopinit:__TI_auto_init_nobinit_nopinit)
                  000007d8    00000034     driverlib.lib : interrupt.obj (.text:IntRegister)
                  0000080c    00000034                   : sysctl.obj (.text:SysCtlPeripheralEnable)
                  00000840    00000034     rtsv7M4_T_le_v4SPD16_eabi.lib : boot_cortex_m.c.obj (.text:_c_int00_noargs:_c_int00_noargs)
                  00000874    0000002c     driverlib.lib : gpio.obj (.text:GPIODirModeSet)
                  000008a0    0000001c     rtsv7M4_T_le_v4SPD16_eabi.lib : copy_zero_init.c.obj (.text:decompress:ZI:__TI_zero_init_nomemset:__TI_zero_init_nomemset)
                  000008bc    0000001a     driverlib.lib : gpio.obj (.text:GPIOPinTypeGPIOOutput)
                  000008d6    00000018                   : timer.obj (.text:TimerIntRegister)
                  000008ee    00000012                   : timer.obj (.text:TimerLoadSet)
                  00000900    0000000e                   : timer.obj (.text:TimerEnable)
                  0000090e    0000000c     tm4c123gh6pm_startup_ccs.obj (.text)
                  0000091a    00000008     driverlib.lib : timer.obj (.text:TimerIntEnable)
                  00000922    00000006                   : gpio.obj (.text:GPIOPinRead)
                  00000928    00000006                   : gpio.obj (.text:GPIOPinWrite)
                  0000092e    00000006                   : sysctl.obj (.text:SysCtlDelay)
                  00000934    00000004                   : timer.obj (.text:TimerIntClear)
                  00000938    00000004     rtsv7M4_T_le_v4SPD16_eabi.lib : pre_init.c.obj (.text:_system_pre_init)
                  0000093c    00000004                                   : exit.c.obj (.text:abort:abort)

.const     0    00000940    00000120     
                  00000940    0000006c     driverlib.lib : sysctl.obj (.const:g_pui32Xtals)
                  000009ac    00000060                   : timer.obj (.const:g_ppui32TimerIntMap)
                  00000a0c    00000040                   : timer.obj (.const:g_ppui32TimerIntMapSnowflake)
                  00000a4c    00000014                   : interrupt.obj (.const:g_pui32EnRegs)

.cinit     0    00000a60    00000014     
                  00000a60    00000008     (.cinit..vtable.load) [load image, compression = zero_init]
                  00000a68    00000004     (__TI_handler_table)
                  00000a6c    00000008     (__TI_cinit_table)

.init_array 
*          0    00000000    00000000     UNINITIALIZED

.vtable    0    20000000    0000026c     UNINITIALIZED
                  20000000    0000026c     driverlib.lib : interrupt.obj (.vtable)

.stack     0    20000270    00000200     UNINITIALIZED
                  20000270    00000004     rtsv7M4_T_le_v4SPD16_eabi.lib : boot_cortex_m.c.obj (.stack)
                  20000274    000001fc     --HOLE--

MODULE SUMMARY

       Module                         code   ro data   rw data
       ------                         ----   -------   -------
    .\
       tm4c123gh6pm_startup_ccs.obj   12     620       0      
       main.obj                       156    0         0      
    +--+------------------------------+------+---------+---------+
       Total:                         168    620       0      
                                                              
    ../driverlib.lib
       interrupt.obj                  156    20        620    
       sysctl.obj                     582    108       0      
       gpio.obj                       446    0         0      
       timer.obj                      240    160       0      
    +--+------------------------------+------+---------+---------+
       Total:                         1424   288       620    
                                                              
    C:\ti\ccs920\ccs\tools\compiler\ti-cgt-arm_18.12.3.LTS\lib\rtsv7M4_T_le_v4SPD16_eabi.lib
       autoinit.c.obj                 68     0         0      
       boot_cortex_m.c.obj            52     0         0      
       copy_zero_init.c.obj           28     0         0      
       exit.c.obj                     4      0         0      
       pre_init.c.obj                 4      0         0      
    +--+------------------------------+------+---------+---------+
       Total:                         156    0         0      
                                                              
       Stack:                         0      0         512    
       Linker Generated:              0      20        0      
    +--+------------------------------+------+---------+---------+
       Grand Total:                   1748   928       1132   


LINKER GENERATED COPY TABLES

__TI_cinit_table @ 00000a6c records: 1, size/record: 8, table size: 8
	.vtable: load addr=00000a60, load size=00000008 bytes, run addr=20000000, run size=0000026c bytes, compression=zero_init


LINKER GENERATED HANDLER TABLE

__TI_handler_table @ 00000a68 records: 1, size/record: 4, table size: 4
	index: 0, handler: __TI_zero_init


GLOBAL SYMBOLS: SORTED ALPHABETICALLY BY Name 

address   name                          
-------   ----                          
0000093d  C$$EXIT                       
00000875  GPIODirModeSet                
0000026d  GPIOPadConfigSet              
00000923  GPIOPinRead                   
000008bd  GPIOPinTypeGPIOOutput         
00000929  GPIOPinWrite                  
00000681  IntEnable                     
000007d9  IntRegister                   
0000090f  ResetISR                      
000003d9  SysCtlClockGet                
000004f1  SysCtlClockSet                
0000092f  SysCtlDelay                   
0000080d  SysCtlPeripheralEnable        
0000063d  Timer0IntHandler              
000006e9  TimerConfigure                
00000901  TimerEnable                   
00000935  TimerIntClear                 
0000091b  TimerIntEnable                
000008d7  TimerIntRegister              
000008ef  TimerLoadSet                  
20000470  __STACK_END                   
00000200  __STACK_SIZE                  
20000470  __STACK_TOP                   
00000a6c  __TI_CINIT_Base               
00000a74  __TI_CINIT_Limit              
00000a68  __TI_Handler_Table_Base       
00000a6c  __TI_Handler_Table_Limit      
00000795  __TI_auto_init_nobinit_nopinit
ffffffff  __TI_pprof_out_hndl           
ffffffff  __TI_prof_data_size           
ffffffff  __TI_prof_data_start          
00000000  __TI_static_base__            
000008a1  __TI_zero_init_nomemset       
ffffffff  __binit__                     
ffffffff  __c_args__                    
UNDEFED   __mpu_init                    
20000270  __stack                       
00000841  _c_int00_noargs               
UNDEFED   _system_post_cinit            
00000939  _system_pre_init              
0000093d  abort                         
ffffffff  binit                         
20000000  g_pfnRAMVectors               
00000000  g_pfnVectors                  
000005e5  main                          


GLOBAL SYMBOLS: SORTED BY Symbol Address 

address   name                          
-------   ----                          
00000000  __TI_static_base__            
00000000  g_pfnVectors                  
00000200  __STACK_SIZE                  
0000026d  GPIOPadConfigSet              
000003d9  SysCtlClockGet                
000004f1  SysCtlClockSet                
000005e5  main                          
0000063d  Timer0IntHandler              
00000681  IntEnable                     
000006e9  TimerConfigure                
00000795  __TI_auto_init_nobinit_nopinit
000007d9  IntRegister                   
0000080d  SysCtlPeripheralEnable        
00000841  _c_int00_noargs               
00000875  GPIODirModeSet                
000008a1  __TI_zero_init_nomemset       
000008bd  GPIOPinTypeGPIOOutput         
000008d7  TimerIntRegister              
000008ef  TimerLoadSet                  
00000901  TimerEnable                   
0000090f  ResetISR                      
0000091b  TimerIntEnable                
00000923  GPIOPinRead                   
00000929  GPIOPinWrite                  
0000092f  SysCtlDelay                   
00000935  TimerIntClear                 
00000939  _system_pre_init              
0000093d  C$$EXIT                       
0000093d  abort                         
00000a68  __TI_Handler_Table_Base       
00000a6c  __TI_CINIT_Base               
00000a6c  __TI_Handler_Table_Limit      
00000a74  __TI_CINIT_Limit              
20000000  g_pfnRAMVectors               
20000270  __stack                       
20000470  __STACK_END                   
20000470  __STACK_TOP                   
ffffffff  __TI_pprof_out_hndl           
ffffffff  __TI_prof_data_size           
ffffffff  __TI_prof_data_start          
ffffffff  __binit__                     
ffffffff  __c_args__                    
ffffffff  binit                         
UNDEFED   __mpu_init                    
UNDEFED   _system_post_cinit            

[45 symbols]
