******************************************************************************
                  TI ARM Linker PC v18.12.3                    
******************************************************************************
>> Linked Fri Oct 21 16:58:55 2022

OUTPUT FILE NAME:   <I2C_BH1750.out>
ENTRY POINT SYMBOL: "_c_int00_noargs"  address: 0000111d


MEMORY CONFIGURATION

         name            origin    length      used     unused   attr    fill
----------------------  --------  ---------  --------  --------  ----  --------
  FLASH                 00000000   00040000  000013be  0003ec42  R  X
  SRAM                  20000000   00008000  00000205  00007dfb  RW X


SEGMENT ALLOCATION MAP

run origin  load origin   length   init length attrs members
----------  ----------- ---------- ----------- ----- -------
00000000    00000000    000013c0   000013c0    r-x
  00000000    00000000    0000026c   0000026c    r-- .intvecs
  0000026c    0000026c    0000100e   0000100e    r-x .text
  0000127c    0000127c    0000012c   0000012c    r-- .const
  000013a8    000013a8    00000018   00000018    r-- .cinit
20000000    20000000    00000205   00000000    rw-
  20000000    20000000    00000200   00000000    rw- .stack
  20000200    20000200    00000005   00000000    rw- .data


SECTION ALLOCATION MAP

 output                                  attributes/
section   page    origin      length       input sections
--------  ----  ----------  ----------   ----------------
.intvecs   0    00000000    0000026c     
                  00000000    0000026c     tm4c123gh6pm_startup_ccs.obj (.intvecs)

.text      0    0000026c    0000100e     
                  0000026c    00000694     main.obj (.text)
                  00000900    0000016c     driverlib.lib : gpio.obj (.text:GPIOPadConfigSet)
                  00000a6c    00000136     rtsv7M4_T_le_v4SPD16_eabi.lib : fd_div_t2.asm.obj (.text)
                  00000ba2    00000002                                   : div0.asm.obj (.text)
                  00000ba4    00000118     driverlib.lib : sysctl.obj (.text:SysCtlClockGet)
                  00000cbc    000000f4                   : sysctl.obj (.text:SysCtlClockSet)
                  00000db0    0000009c     rtsv7M4_T_le_v4SPD16_eabi.lib : memcpy_t2.asm.obj (.text)
                  00000e4c    00000068                                   : copy_decompress_lzss.c.obj (.text:decompress:lzss:__TI_decompress_lzss)
                  00000eb4    00000050     driverlib.lib : sysctl.obj (.text:SysCtlPeripheralReset)
                  00000f04    0000004c                   : gpio.obj (.text:GPIOPinConfigure)
                  00000f50    0000004c                   : i2c.obj (.text:I2CMasterInitExpClk)
                  00000f9c    00000048     rtsv7M4_T_le_v4SPD16_eabi.lib : fd_toi_t2.asm.obj (.text)
                  00000fe4    00000046     driverlib.lib : uart.obj (.text:UARTConfigSetExpClk)
                  0000102a    00000002     --HOLE-- [fill = 0]
                  0000102c    00000044     rtsv7M4_T_le_v4SPD16_eabi.lib : autoinit.c.obj (.text:__TI_auto_init_nobinit_nopinit:__TI_auto_init_nobinit_nopinit)
                  00001070    00000040                                   : u_divt2.asm.obj (.text)
                  000010b0    00000038     driverlib.lib : sysctl.obj (.text:SysCtlPeripheralPresent)
                  000010e8    00000034                   : sysctl.obj (.text:SysCtlPeripheralEnable)
                  0000111c    00000034     rtsv7M4_T_le_v4SPD16_eabi.lib : boot_cortex_m.c.obj (.text:_c_int00_noargs:_c_int00_noargs)
                  00001150    0000002c     driverlib.lib : gpio.obj (.text:GPIODirModeSet)
                  0000117c    00000020                   : uart.obj (.text:UARTDisable)
                  0000119c    00000020     rtsv7M4_T_le_v4SPD16_eabi.lib : u_tofd_t2.asm.obj (.text)
                  000011bc    00000016     driverlib.lib : gpio.obj (.text:GPIOPinTypeI2C)
                  000011d2    00000016                   : gpio.obj (.text:GPIOPinTypeI2CSCL)
                  000011e8    00000016                   : gpio.obj (.text:GPIOPinTypeUART)
                  000011fe    00000014                   : uart.obj (.text:UARTEnable)
                  00001212    0000000e     rtsv7M4_T_le_v4SPD16_eabi.lib : copy_decompress_none.c.obj (.text:decompress:none:__TI_decompress_none)
                  00001220    0000000c     tm4c123gh6pm_startup_ccs.obj (.text)
                  0000122c    0000000a     driverlib.lib : i2c.obj (.text:I2CMasterEnable)
                  00001236    0000000a                   : uart.obj (.text:UARTCharGet)
                  00001240    0000000a                   : uart.obj (.text:UARTCharPut)
                  0000124a    00000008                   : i2c.obj (.text:I2CMasterBusy)
                  00001252    00000008                   : i2c.obj (.text:I2CMasterSlaveAddrSet)
                  0000125a    00000006                   : sysctl.obj (.text:SysCtlDelay)
                  00001260    00000006                   : uart.obj (.text:UARTClockSourceSet)
                  00001266    00000004                   : i2c.obj (.text:I2CMasterControl)
                  0000126a    00000004                   : i2c.obj (.text:I2CMasterDataGet)
                  0000126e    00000004                   : i2c.obj (.text:I2CMasterDataPut)
                  00001272    00000004     rtsv7M4_T_le_v4SPD16_eabi.lib : pre_init.c.obj (.text:_system_pre_init)
                  00001276    00000004                                   : exit.c.obj (.text:abort:abort)

.const     0    0000127c    0000012c     
                  0000127c    00000090     driverlib.lib : gpio.obj (.const:g_pui32GPIOBaseAddrs)
                  0000130c    0000006c                   : sysctl.obj (.const:g_pui32Xtals)
                  00001378    00000012     main.obj (.const:.string)
                  0000138a    00000002     --HOLE-- [fill = 0]
                  0000138c    0000000c     main.obj (.const:g_ui32UARTBase)
                  00001398    0000000c     main.obj (.const:g_ui32UARTPeriph)
                  000013a4    00000004     main.obj (.const)

.cinit     0    000013a8    00000018     
                  000013a8    00000008     (__TI_handler_table)
                  000013b0    00000007     (.cinit..data.load) [load image, compression = lzss]
                  000013b7    00000001     --HOLE-- [fill = 0]
                  000013b8    00000008     (__TI_cinit_table)

.init_array 
*          0    00000000    00000000     UNINITIALIZED

.data      0    20000200    00000005     UNINITIALIZED
                  20000200    00000005     main.obj (.data)

.stack     0    20000000    00000200     UNINITIALIZED
                  20000000    00000004     rtsv7M4_T_le_v4SPD16_eabi.lib : boot_cortex_m.c.obj (.stack)
                  20000004    000001fc     --HOLE--

MODULE SUMMARY

       Module                         code   ro data   rw data
       ------                         ----   -------   -------
    .\
       main.obj                       1684   46        5      
       tm4c123gh6pm_startup_ccs.obj   12     620       0      
    +--+------------------------------+------+---------+---------+
       Total:                         1696   666       5      
                                                              
    ../driverlib.lib
       sysctl.obj                     718    108       0      
       gpio.obj                       550    144       0      
       uart.obj                       148    0         0      
       i2c.obj                        114    0         0      
    +--+------------------------------+------+---------+---------+
       Total:                         1530   252       0      
                                                              
    C:\ti\ccs920\ccs\tools\compiler\ti-cgt-arm_18.12.3.LTS\lib\rtsv7M4_T_le_v4SPD16_eabi.lib
       fd_div_t2.asm.obj              310    0         0      
       memcpy_t2.asm.obj              156    0         0      
       copy_decompress_lzss.c.obj     104    0         0      
       fd_toi_t2.asm.obj              72     0         0      
       autoinit.c.obj                 68     0         0      
       u_divt2.asm.obj                64     0         0      
       boot_cortex_m.c.obj            52     0         0      
       u_tofd_t2.asm.obj              32     0         0      
       copy_decompress_none.c.obj     14     0         0      
       exit.c.obj                     4      0         0      
       pre_init.c.obj                 4      0         0      
       div0.asm.obj                   2      0         0      
    +--+------------------------------+------+---------+---------+
       Total:                         882    0         0      
                                                              
       Stack:                         0      0         512    
       Linker Generated:              0      23        0      
    +--+------------------------------+------+---------+---------+
       Grand Total:                   4108   941       517    


LINKER GENERATED COPY TABLES

__TI_cinit_table @ 000013b8 records: 1, size/record: 8, table size: 8
	.data: load addr=000013b0, load size=00000007 bytes, run addr=20000200, run size=00000005 bytes, compression=lzss


LINKER GENERATED HANDLER TABLE

__TI_handler_table @ 000013a8 records: 2, size/record: 4, table size: 8
	index: 0, handler: __TI_decompress_lzss
	index: 1, handler: __TI_decompress_none


GLOBAL SYMBOLS: SORTED ALPHABETICALLY BY Name 

address   name                          
-------   ----                          
00001277  C$$EXIT                       
00001151  GPIODirModeSet                
00000901  GPIOPadConfigSet              
00000f05  GPIOPinConfigure              
000011bd  GPIOPinTypeI2C                
000011d3  GPIOPinTypeI2CSCL             
000011e9  GPIOPinTypeUART               
0000124b  I2CMasterBusy                 
00001267  I2CMasterControl              
0000126b  I2CMasterDataGet              
0000126f  I2CMasterDataPut              
0000122d  I2CMasterEnable               
00000f51  I2CMasterInitExpClk           
00001253  I2CMasterSlaveAddrSet         
00000703  I2C_Init                      
0000078f  I2C_Read                      
00000743  I2C_Write                     
000007e3  InitConsole                   
00001221  ResetISR                      
00000ba5  SysCtlClockGet                
00000cbd  SysCtlClockSet                
0000125b  SysCtlDelay                   
000010e9  SysCtlPeripheralEnable        
000010b1  SysCtlPeripheralPresent       
00000eb5  SysCtlPeripheralReset         
00001237  UARTCharGet                   
00001241  UARTCharPut                   
00001261  UARTClockSourceSet            
00000fe5  UARTConfigSetExpClk           
0000117d  UARTDisable                   
000011ff  UARTEnable                    
0000026d  UARTStdioConfig               
000003bd  UARTgetc                      
00000303  UARTgets                      
000006df  UARTprintf                    
000003e5  UARTvprintf                   
000002b3  UARTwrite                     
20000200  __STACK_END                   
00000200  __STACK_SIZE                  
20000200  __STACK_TOP                   
000013b8  __TI_CINIT_Base               
000013c0  __TI_CINIT_Limit              
000013a8  __TI_Handler_Table_Base       
000013b0  __TI_Handler_Table_Limit      
0000102d  __TI_auto_init_nobinit_nopinit
00000e4d  __TI_decompress_lzss          
00001213  __TI_decompress_none          
ffffffff  __TI_pprof_out_hndl           
ffffffff  __TI_prof_data_size           
ffffffff  __TI_prof_data_start          
00000000  __TI_static_base__            
00000f9d  __aeabi_d2iz                  
00000a6d  __aeabi_ddiv                  
00000ba3  __aeabi_idiv0                 
00000ba3  __aeabi_ldiv0                 
00000db1  __aeabi_memcpy                
00000db1  __aeabi_memcpy4               
00000db1  __aeabi_memcpy8               
0000119d  __aeabi_ui2d                  
00001071  __aeabi_uidiv                 
00001071  __aeabi_uidivmod              
ffffffff  __binit__                     
ffffffff  __c_args__                    
UNDEFED   __mpu_init                    
20000000  __stack                       
0000111d  _c_int00_noargs               
UNDEFED   _system_post_cinit            
00001273  _system_pre_init              
00001277  abort                         
ffffffff  binit                         
00000000  g_pfnVectors                  
0000081f  main                          
00000db1  memcpy                        


GLOBAL SYMBOLS: SORTED BY Symbol Address 

address   name                          
-------   ----                          
00000000  __TI_static_base__            
00000000  g_pfnVectors                  
00000200  __STACK_SIZE                  
0000026d  UARTStdioConfig               
000002b3  UARTwrite                     
00000303  UARTgets                      
000003bd  UARTgetc                      
000003e5  UARTvprintf                   
000006df  UARTprintf                    
00000703  I2C_Init                      
00000743  I2C_Write                     
0000078f  I2C_Read                      
000007e3  InitConsole                   
0000081f  main                          
00000901  GPIOPadConfigSet              
00000a6d  __aeabi_ddiv                  
00000ba3  __aeabi_idiv0                 
00000ba3  __aeabi_ldiv0                 
00000ba5  SysCtlClockGet                
00000cbd  SysCtlClockSet                
00000db1  __aeabi_memcpy                
00000db1  __aeabi_memcpy4               
00000db1  __aeabi_memcpy8               
00000db1  memcpy                        
00000e4d  __TI_decompress_lzss          
00000eb5  SysCtlPeripheralReset         
00000f05  GPIOPinConfigure              
00000f51  I2CMasterInitExpClk           
00000f9d  __aeabi_d2iz                  
00000fe5  UARTConfigSetExpClk           
0000102d  __TI_auto_init_nobinit_nopinit
00001071  __aeabi_uidiv                 
00001071  __aeabi_uidivmod              
000010b1  SysCtlPeripheralPresent       
000010e9  SysCtlPeripheralEnable        
0000111d  _c_int00_noargs               
00001151  GPIODirModeSet                
0000117d  UARTDisable                   
0000119d  __aeabi_ui2d                  
000011bd  GPIOPinTypeI2C                
000011d3  GPIOPinTypeI2CSCL             
000011e9  GPIOPinTypeUART               
000011ff  UARTEnable                    
00001213  __TI_decompress_none          
00001221  ResetISR                      
0000122d  I2CMasterEnable               
00001237  UARTCharGet                   
00001241  UARTCharPut                   
0000124b  I2CMasterBusy                 
00001253  I2CMasterSlaveAddrSet         
0000125b  SysCtlDelay                   
00001261  UARTClockSourceSet            
00001267  I2CMasterControl              
0000126b  I2CMasterDataGet              
0000126f  I2CMasterDataPut              
00001273  _system_pre_init              
00001277  C$$EXIT                       
00001277  abort                         
000013a8  __TI_Handler_Table_Base       
000013b0  __TI_Handler_Table_Limit      
000013b8  __TI_CINIT_Base               
000013c0  __TI_CINIT_Limit              
20000000  __stack                       
20000200  __STACK_END                   
20000200  __STACK_TOP                   
ffffffff  __TI_pprof_out_hndl           
ffffffff  __TI_prof_data_size           
ffffffff  __TI_prof_data_start          
ffffffff  __binit__                     
ffffffff  __c_args__                    
ffffffff  binit                         
UNDEFED   __mpu_init                    
UNDEFED   _system_post_cinit            

[73 symbols]
