******************************************************************************
                  TI ARM Linker PC v18.12.3                    
******************************************************************************
>> Linked Thu Oct 20 15:15:45 2022

OUTPUT FILE NAME:   <I2C_PCF8591.out>
ENTRY POINT SYMBOL: "_c_int00_noargs"  address: 00000f59


MEMORY CONFIGURATION

         name            origin    length      used     unused   attr    fill
----------------------  --------  ---------  --------  --------  ----  --------
  FLASH                 00000000   00040000  000011da  0003ee26  R  X
  SRAM                  20000000   00008000  00000205  00007dfb  RW X


SEGMENT ALLOCATION MAP

run origin  load origin   length   init length attrs members
----------  ----------- ---------- ----------- ----- -------
00000000    00000000    000011e0   000011e0    r-x
  00000000    00000000    0000026c   0000026c    r-- .intvecs
  0000026c    0000026c    00000e2a   00000e2a    r-x .text
  00001098    00001098    0000012c   0000012c    r-- .const
  000011c8    000011c8    00000018   00000018    r-- .cinit
20000000    20000000    00000205   00000000    rw-
  20000000    20000000    00000200   00000000    rw- .stack
  20000200    20000200    00000005   00000000    rw- .data


SECTION ALLOCATION MAP

 output                                  attributes/
section   page    origin      length       input sections
--------  ----  ----------  ----------   ----------------
.intvecs   0    00000000    0000026c     
                  00000000    0000026c     tm4c123gh6pm_startup_ccs.obj (.intvecs)

.text      0    0000026c    00000e2a     
                  0000026c    00000650     main.obj (.text)
                  000008bc    0000016c     driverlib.lib : gpio.obj (.text:GPIOPadConfigSet)
                  00000a28    00000118                   : sysctl.obj (.text:SysCtlClockGet)
                  00000b40    000000f4                   : sysctl.obj (.text:SysCtlClockSet)
                  00000c34    0000009c     rtsv7M4_T_le_v4SPD16_eabi.lib : memcpy_t2.asm.obj (.text)
                  00000cd0    00000068                                   : copy_decompress_lzss.c.obj (.text:decompress:lzss:__TI_decompress_lzss)
                  00000d38    00000050     driverlib.lib : sysctl.obj (.text:SysCtlPeripheralReset)
                  00000d88    0000004c                   : gpio.obj (.text:GPIOPinConfigure)
                  00000dd4    0000004c                   : i2c.obj (.text:I2CMasterInitExpClk)
                  00000e20    00000046                   : uart.obj (.text:UARTConfigSetExpClk)
                  00000e66    00000002     rtsv7M4_T_le_v4SPD16_eabi.lib : div0.asm.obj (.text)
                  00000e68    00000044                                   : autoinit.c.obj (.text:__TI_auto_init_nobinit_nopinit:__TI_auto_init_nobinit_nopinit)
                  00000eac    00000040                                   : u_divt2.asm.obj (.text)
                  00000eec    00000038     driverlib.lib : sysctl.obj (.text:SysCtlPeripheralPresent)
                  00000f24    00000034                   : sysctl.obj (.text:SysCtlPeripheralEnable)
                  00000f58    00000034     rtsv7M4_T_le_v4SPD16_eabi.lib : boot_cortex_m.c.obj (.text:_c_int00_noargs:_c_int00_noargs)
                  00000f8c    0000002c     driverlib.lib : gpio.obj (.text:GPIODirModeSet)
                  00000fb8    00000020                   : uart.obj (.text:UARTDisable)
                  00000fd8    00000016                   : gpio.obj (.text:GPIOPinTypeI2C)
                  00000fee    00000016                   : gpio.obj (.text:GPIOPinTypeI2CSCL)
                  00001004    00000016                   : gpio.obj (.text:GPIOPinTypeUART)
                  0000101a    00000014                   : uart.obj (.text:UARTEnable)
                  0000102e    0000000e     rtsv7M4_T_le_v4SPD16_eabi.lib : copy_decompress_none.c.obj (.text:decompress:none:__TI_decompress_none)
                  0000103c    0000000c     tm4c123gh6pm_startup_ccs.obj (.text)
                  00001048    0000000a     driverlib.lib : i2c.obj (.text:I2CMasterEnable)
                  00001052    0000000a                   : uart.obj (.text:UARTCharGet)
                  0000105c    0000000a                   : uart.obj (.text:UARTCharPut)
                  00001066    00000008                   : i2c.obj (.text:I2CMasterBusy)
                  0000106e    00000008                   : i2c.obj (.text:I2CMasterSlaveAddrSet)
                  00001076    00000006                   : sysctl.obj (.text:SysCtlDelay)
                  0000107c    00000006                   : uart.obj (.text:UARTClockSourceSet)
                  00001082    00000004                   : i2c.obj (.text:I2CMasterControl)
                  00001086    00000004                   : i2c.obj (.text:I2CMasterDataGet)
                  0000108a    00000004                   : i2c.obj (.text:I2CMasterDataPut)
                  0000108e    00000004     rtsv7M4_T_le_v4SPD16_eabi.lib : pre_init.c.obj (.text:_system_pre_init)
                  00001092    00000004                                   : exit.c.obj (.text:abort:abort)

.const     0    00001098    0000012c     
                  00001098    00000090     driverlib.lib : gpio.obj (.const:g_pui32GPIOBaseAddrs)
                  00001128    0000006c                   : sysctl.obj (.const:g_pui32Xtals)
                  00001194    00000012     main.obj (.const:.string)
                  000011a6    00000002     --HOLE-- [fill = 0]
                  000011a8    0000000c     main.obj (.const:g_ui32UARTBase)
                  000011b4    0000000c     main.obj (.const:g_ui32UARTPeriph)
                  000011c0    00000004     main.obj (.const)

.cinit     0    000011c8    00000018     
                  000011c8    00000008     (__TI_handler_table)
                  000011d0    00000007     (.cinit..data.load) [load image, compression = lzss]
                  000011d7    00000001     --HOLE-- [fill = 0]
                  000011d8    00000008     (__TI_cinit_table)

.init_array 
*          0    00000000    00000000     UNINITIALIZED

.data      0    20000200    00000005     UNINITIALIZED
                  20000200    00000005     main.obj (.data)

.stack     0    20000000    00000200     UNINITIALIZED
                  20000000    00000004     rtsv7M4_T_le_v4SPD16_eabi.lib : boot_cortex_m.c.obj (.stack)
                  20000004    000001fc     --HOLE--

MODULE SUMMARY

       Module                         code   ro data   rw data
       ------                         ----   -------   -------
    .\
       main.obj                       1616   46        5      
       tm4c123gh6pm_startup_ccs.obj   12     620       0      
    +--+------------------------------+------+---------+---------+
       Total:                         1628   666       5      
                                                              
    ../driverlib.lib
       sysctl.obj                     718    108       0      
       gpio.obj                       550    144       0      
       uart.obj                       148    0         0      
       i2c.obj                        114    0         0      
    +--+------------------------------+------+---------+---------+
       Total:                         1530   252       0      
                                                              
    C:\ti\ccs920\ccs\tools\compiler\ti-cgt-arm_18.12.3.LTS\lib\rtsv7M4_T_le_v4SPD16_eabi.lib
       memcpy_t2.asm.obj              156    0         0      
       copy_decompress_lzss.c.obj     104    0         0      
       autoinit.c.obj                 68     0         0      
       u_divt2.asm.obj                64     0         0      
       boot_cortex_m.c.obj            52     0         0      
       copy_decompress_none.c.obj     14     0         0      
       exit.c.obj                     4      0         0      
       pre_init.c.obj                 4      0         0      
       div0.asm.obj                   2      0         0      
    +--+------------------------------+------+---------+---------+
       Total:                         468    0         0      
                                                              
       Stack:                         0      0         512    
       Linker Generated:              0      23        0      
    +--+------------------------------+------+---------+---------+
       Grand Total:                   3626   941       517    


LINKER GENERATED COPY TABLES

__TI_cinit_table @ 000011d8 records: 1, size/record: 8, table size: 8
	.data: load addr=000011d0, load size=00000007 bytes, run addr=20000200, run size=00000005 bytes, compression=lzss


LINKER GENERATED HANDLER TABLE

__TI_handler_table @ 000011c8 records: 2, size/record: 4, table size: 8
	index: 0, handler: __TI_decompress_lzss
	index: 1, handler: __TI_decompress_none


GLOBAL SYMBOLS: SORTED ALPHABETICALLY BY Name 

address   name                          
-------   ----                          
00001093  C$$EXIT                       
00000f8d  GPIODirModeSet                
000008bd  GPIOPadConfigSet              
00000d89  GPIOPinConfigure              
00000fd9  GPIOPinTypeI2C                
00000fef  GPIOPinTypeI2CSCL             
00001005  GPIOPinTypeUART               
00001067  I2CMasterBusy                 
00001083  I2CMasterControl              
00001087  I2CMasterDataGet              
0000108b  I2CMasterDataPut              
00001049  I2CMasterEnable               
00000dd5  I2CMasterInitExpClk           
0000106f  I2CMasterSlaveAddrSet         
00000703  I2C_Init                      
0000078f  I2C_Read                      
00000743  I2C_Write                     
000007e3  InitConsole                   
0000103d  ResetISR                      
00000a29  SysCtlClockGet                
00000b41  SysCtlClockSet                
00001077  SysCtlDelay                   
00000f25  SysCtlPeripheralEnable        
00000eed  SysCtlPeripheralPresent       
00000d39  SysCtlPeripheralReset         
00001053  UARTCharGet                   
0000105d  UARTCharPut                   
0000107d  UARTClockSourceSet            
00000e21  UARTConfigSetExpClk           
00000fb9  UARTDisable                   
0000101b  UARTEnable                    
0000026d  UARTStdioConfig               
000003bd  UARTgetc                      
00000303  UARTgets                      
000006df  UARTprintf                    
000003e5  UARTvprintf                   
000002b3  UARTwrite                     
20000200  __STACK_END                   
00000200  __STACK_SIZE                  
20000200  __STACK_TOP                   
000011d8  __TI_CINIT_Base               
000011e0  __TI_CINIT_Limit              
000011c8  __TI_Handler_Table_Base       
000011d0  __TI_Handler_Table_Limit      
00000e69  __TI_auto_init_nobinit_nopinit
00000cd1  __TI_decompress_lzss          
0000102f  __TI_decompress_none          
ffffffff  __TI_pprof_out_hndl           
ffffffff  __TI_prof_data_size           
ffffffff  __TI_prof_data_start          
00000000  __TI_static_base__            
00000e67  __aeabi_idiv0                 
00000e67  __aeabi_ldiv0                 
00000c35  __aeabi_memcpy                
00000c35  __aeabi_memcpy4               
00000c35  __aeabi_memcpy8               
00000ead  __aeabi_uidiv                 
00000ead  __aeabi_uidivmod              
ffffffff  __binit__                     
ffffffff  __c_args__                    
UNDEFED   __mpu_init                    
20000000  __stack                       
00000f59  _c_int00_noargs               
UNDEFED   _system_post_cinit            
0000108f  _system_pre_init              
00001093  abort                         
ffffffff  binit                         
00000000  g_pfnVectors                  
0000081f  main                          
00000c35  memcpy                        


GLOBAL SYMBOLS: SORTED BY Symbol Address 

address   name                          
-------   ----                          
00000000  __TI_static_base__            
00000000  g_pfnVectors                  
00000200  __STACK_SIZE                  
0000026d  UARTStdioConfig               
000002b3  UARTwrite                     
00000303  UARTgets                      
000003bd  UARTgetc                      
000003e5  UARTvprintf                   
000006df  UARTprintf                    
00000703  I2C_Init                      
00000743  I2C_Write                     
0000078f  I2C_Read                      
000007e3  InitConsole                   
0000081f  main                          
000008bd  GPIOPadConfigSet              
00000a29  SysCtlClockGet                
00000b41  SysCtlClockSet                
00000c35  __aeabi_memcpy                
00000c35  __aeabi_memcpy4               
00000c35  __aeabi_memcpy8               
00000c35  memcpy                        
00000cd1  __TI_decompress_lzss          
00000d39  SysCtlPeripheralReset         
00000d89  GPIOPinConfigure              
00000dd5  I2CMasterInitExpClk           
00000e21  UARTConfigSetExpClk           
00000e67  __aeabi_idiv0                 
00000e67  __aeabi_ldiv0                 
00000e69  __TI_auto_init_nobinit_nopinit
00000ead  __aeabi_uidiv                 
00000ead  __aeabi_uidivmod              
00000eed  SysCtlPeripheralPresent       
00000f25  SysCtlPeripheralEnable        
00000f59  _c_int00_noargs               
00000f8d  GPIODirModeSet                
00000fb9  UARTDisable                   
00000fd9  GPIOPinTypeI2C                
00000fef  GPIOPinTypeI2CSCL             
00001005  GPIOPinTypeUART               
0000101b  UARTEnable                    
0000102f  __TI_decompress_none          
0000103d  ResetISR                      
00001049  I2CMasterEnable               
00001053  UARTCharGet                   
0000105d  UARTCharPut                   
00001067  I2CMasterBusy                 
0000106f  I2CMasterSlaveAddrSet         
00001077  SysCtlDelay                   
0000107d  UARTClockSourceSet            
00001083  I2CMasterControl              
00001087  I2CMasterDataGet              
0000108b  I2CMasterDataPut              
0000108f  _system_pre_init              
00001093  C$$EXIT                       
00001093  abort                         
000011c8  __TI_Handler_Table_Base       
000011d0  __TI_Handler_Table_Limit      
000011d8  __TI_CINIT_Base               
000011e0  __TI_CINIT_Limit              
20000000  __stack                       
20000200  __STACK_END                   
20000200  __STACK_TOP                   
ffffffff  __TI_pprof_out_hndl           
ffffffff  __TI_prof_data_size           
ffffffff  __TI_prof_data_start          
ffffffff  __binit__                     
ffffffff  __c_args__                    
ffffffff  binit                         
UNDEFED   __mpu_init                    
UNDEFED   _system_post_cinit            

[70 symbols]
