******************************************************************************
                  TI ARM Linker PC v18.12.3                    
******************************************************************************
>> Linked Tue Apr 19 11:40:05 2022

OUTPUT FILE NAME:   <LCD_16_X_2.out>
ENTRY POINT SYMBOL: "_c_int00_noinit_noargs"  address: 00000939


MEMORY CONFIGURATION

         name            origin    length      used     unused   attr    fill
----------------------  --------  ---------  --------  --------  ----  --------
  FLASH                 00000000   00040000  0000099e  0003f662  R  X
  SRAM                  20000000   00008000  00000200  00007e00  RW X


SEGMENT ALLOCATION MAP

run origin  load origin   length   init length attrs members
----------  ----------- ---------- ----------- ----- -------
00000000    00000000    0000099e   0000099e    r-x
  00000000    00000000    0000026c   0000026c    r-- .intvecs
  0000026c    0000026c    00000732   00000732    r-x .text
20000000    20000000    00000200   00000000    rw-
  20000000    20000000    00000200   00000000    rw- .stack


SECTION ALLOCATION MAP

 output                                  attributes/
section   page    origin      length       input sections
--------  ----  ----------  ----------   ----------------
.intvecs   0    00000000    0000026c     
                  00000000    0000026c     tm4c123gh6pm_startup_ccs.obj (.intvecs)

.text      0    0000026c    00000732     
                  0000026c    000003b0     LCD.obj (.text)
                  0000061c    0000016c     driverlib.lib : gpio.obj (.text:GPIOPadConfigSet)
                  00000788    000000f4                   : sysctl.obj (.text:SysCtlClockSet)
                  0000087c    0000005c     main.obj (.text)
                  000008d8    00000034     driverlib.lib : sysctl.obj (.text:SysCtlPeripheralEnable)
                  0000090c    0000002c                   : gpio.obj (.text:GPIODirModeSet)
                  00000938    0000002c     rtsv7M4_T_le_v4SPD16_eabi.lib : boot_cortex_m.c.obj (.text:_c_int00_noinit_noargs:_c_int00_noinit_noargs)
                  00000964    0000001a     driverlib.lib : gpio.obj (.text:GPIOPinTypeGPIOOutput)
                  0000097e    0000000c     tm4c123gh6pm_startup_ccs.obj (.text)
                  0000098a    00000006     driverlib.lib : gpio.obj (.text:GPIOPinWrite)
                  00000990    00000006                   : sysctl.obj (.text:SysCtlDelay)
                  00000996    00000004     rtsv7M4_T_le_v4SPD16_eabi.lib : pre_init.c.obj (.text:_system_pre_init)
                  0000099a    00000004                                   : exit.c.obj (.text:abort:abort)

.cinit     0    00000000    00000000     UNINITIALIZED

.init_array 
*          0    00000000    00000000     UNINITIALIZED

.stack     0    20000000    00000200     UNINITIALIZED
                  20000000    00000004     rtsv7M4_T_le_v4SPD16_eabi.lib : boot_cortex_m.c.obj (.stack)
                  20000004    000001fc     --HOLE--

MODULE SUMMARY

       Module                         code   ro data   rw data
       ------                         ----   -------   -------
    .\
       LCD.obj                        944    0         0      
       tm4c123gh6pm_startup_ccs.obj   12     620       0      
       main.obj                       92     0         0      
    +--+------------------------------+------+---------+---------+
       Total:                         1048   620       0      
                                                              
    ../driverlib.lib
       gpio.obj                       440    0         0      
       sysctl.obj                     302    0         0      
    +--+------------------------------+------+---------+---------+
       Total:                         742    0         0      
                                                              
    C:\ti\ccs920\ccs\tools\compiler\ti-cgt-arm_18.12.3.LTS\lib\rtsv7M4_T_le_v4SPD16_eabi.lib
       boot_cortex_m.c.obj            44     0         0      
       exit.c.obj                     4      0         0      
       pre_init.c.obj                 4      0         0      
    +--+------------------------------+------+---------+---------+
       Total:                         52     0         0      
                                                              
       Stack:                         0      0         512    
    +--+------------------------------+------+---------+---------+
       Grand Total:                   1842   620       512    


GLOBAL SYMBOLS: SORTED ALPHABETICALLY BY Name 

address   name                  
-------   ----                  
0000099b  C$$EXIT               
00000449  Display_character     
000004e5  Display_string        
0000090d  GPIODirModeSet        
0000061d  GPIOPadConfigSet      
00000965  GPIOPinTypeGPIOOutput 
0000098b  GPIOPinWrite          
000005c1  LCD_Clear             
000003ad  LCD_Command           
000005d1  LCD_cursorPosition    
0000026d  LCD_init              
0000097f  ResetISR              
00000789  SysCtlClockSet        
00000991  SysCtlDelay           
000008d9  SysCtlPeripheralEnable
20000200  __STACK_END           
00000200  __STACK_SIZE          
20000200  __STACK_TOP           
ffffffff  __TI_pprof_out_hndl   
ffffffff  __TI_prof_data_size   
ffffffff  __TI_prof_data_start  
00000000  __TI_static_base__    
ffffffff  __binit__             
ffffffff  __c_args__            
UNDEFED   __mpu_init            
20000000  __stack               
00000939  _c_int00_noinit_noargs
00000997  _system_pre_init      
0000099b  abort                 
ffffffff  binit                 
00000000  g_pfnVectors          
0000087d  main                  


GLOBAL SYMBOLS: SORTED BY Symbol Address 

address   name                  
-------   ----                  
00000000  __TI_static_base__    
00000000  g_pfnVectors          
00000200  __STACK_SIZE          
0000026d  LCD_init              
000003ad  LCD_Command           
00000449  Display_character     
000004e5  Display_string        
000005c1  LCD_Clear             
000005d1  LCD_cursorPosition    
0000061d  GPIOPadConfigSet      
00000789  SysCtlClockSet        
0000087d  main                  
000008d9  SysCtlPeripheralEnable
0000090d  GPIODirModeSet        
00000939  _c_int00_noinit_noargs
00000965  GPIOPinTypeGPIOOutput 
0000097f  ResetISR              
0000098b  GPIOPinWrite          
00000991  SysCtlDelay           
00000997  _system_pre_init      
0000099b  C$$EXIT               
0000099b  abort                 
20000000  __stack               
20000200  __STACK_END           
20000200  __STACK_TOP           
ffffffff  __TI_pprof_out_hndl   
ffffffff  __TI_prof_data_size   
ffffffff  __TI_prof_data_start  
ffffffff  __binit__             
ffffffff  __c_args__            
ffffffff  binit                 
UNDEFED   __mpu_init            

[32 symbols]
