******************************************************************************
                  TI ARM Linker PC v18.12.3                    
******************************************************************************
>> Linked Thu Feb 17 14:23:14 2022

OUTPUT FILE NAME:   <Timer_Delay.out>
ENTRY POINT SYMBOL: "_c_int00_noargs"  address: 00000825


MEMORY CONFIGURATION

         name            origin    length      used     unused   attr    fill
----------------------  --------  ---------  --------  --------  ----  --------
  FLASH                 00000000   00040000  00000a04  0003f5fc  R  X
  SRAM                  20000000   00008000  00000470  00007b90  RW X


SEGMENT ALLOCATION MAP

run origin  load origin   length   init length attrs members
----------  ----------- ---------- ----------- ----- -------
00000000    00000000    00000a08   00000a08    r-x
  00000000    00000000    0000026c   0000026c    r-- .intvecs
  0000026c    0000026c    000006b4   000006b4    r-x .text
  00000920    00000920    000000b4   000000b4    r-- .const
  000009d8    000009d8    00000030   00000030    r-- .cinit
20000000    20000000    00000470   00000000    rw-
  20000000    20000000    0000026c   00000000    rw- .vtable
  2000026c    2000026c    00000004   00000000    rw- .data
  20000270    20000270    00000200   00000000    rw- .stack


SECTION ALLOCATION MAP

 output                                  attributes/
section   page    origin      length       input sections
--------  ----  ----------  ----------   ----------------
.intvecs   0    00000000    0000026c     
                  00000000    0000026c     tm4c123gh6pm_startup_ccs.obj (.intvecs)

.text      0    0000026c    000006b4     
                  0000026c    0000016c     driverlib.lib : gpio.obj (.text:GPIOPadConfigSet)
                  000003d8    000000f4                   : sysctl.obj (.text:SysCtlClockSet)
                  000004cc    0000009c     rtsv7M4_T_le_v4SPD16_eabi.lib : memcpy_t2.asm.obj (.text)
                  00000568    00000094     main.obj (.text)
                  000005fc    00000068     driverlib.lib : interrupt.obj (.text:IntEnable)
                  00000664    00000068     rtsv7M4_T_le_v4SPD16_eabi.lib : copy_decompress_lzss.c.obj (.text:decompress:lzss:__TI_decompress_lzss)
                  000006cc    00000060     driverlib.lib : timer.obj (.text:TimerConfigure)
                  0000072c    0000004c                   : timer.obj (.text:_TimerIntNumberGet)
                  00000778    00000044     rtsv7M4_T_le_v4SPD16_eabi.lib : autoinit.c.obj (.text:__TI_auto_init_nobinit_nopinit:__TI_auto_init_nobinit_nopinit)
                  000007bc    00000034     driverlib.lib : interrupt.obj (.text:IntRegister)
                  000007f0    00000034                   : sysctl.obj (.text:SysCtlPeripheralEnable)
                  00000824    00000034     rtsv7M4_T_le_v4SPD16_eabi.lib : boot_cortex_m.c.obj (.text:_c_int00_noargs:_c_int00_noargs)
                  00000858    0000002c     driverlib.lib : gpio.obj (.text:GPIODirModeSet)
                  00000884    0000001c     rtsv7M4_T_le_v4SPD16_eabi.lib : copy_zero_init.c.obj (.text:decompress:ZI:__TI_zero_init_nomemset:__TI_zero_init_nomemset)
                  000008a0    0000001a     driverlib.lib : gpio.obj (.text:GPIOPinTypeGPIOOutput)
                  000008ba    00000018                   : timer.obj (.text:TimerIntRegister)
                  000008d2    0000000e                   : timer.obj (.text:TimerEnable)
                  000008e0    0000000e     rtsv7M4_T_le_v4SPD16_eabi.lib : copy_decompress_none.c.obj (.text:decompress:none:__TI_decompress_none)
                  000008ee    0000000c     tm4c123gh6pm_startup_ccs.obj (.text)
                  000008fa    00000008     driverlib.lib : timer.obj (.text:TimerIntEnable)
                  00000902    00000006                   : gpio.obj (.text:GPIOPinWrite)
                  00000908    00000006                   : sysctl.obj (.text:SysCtlDelay)
                  0000090e    00000006                   : timer.obj (.text:TimerLoadSet64)
                  00000914    00000004                   : timer.obj (.text:TimerIntClear)
                  00000918    00000004     rtsv7M4_T_le_v4SPD16_eabi.lib : pre_init.c.obj (.text:_system_pre_init)
                  0000091c    00000004                                   : exit.c.obj (.text:abort:abort)

.const     0    00000920    000000b4     
                  00000920    00000060     driverlib.lib : timer.obj (.const:g_ppui32TimerIntMap)
                  00000980    00000040                   : timer.obj (.const:g_ppui32TimerIntMapSnowflake)
                  000009c0    00000014                   : interrupt.obj (.const:g_pui32EnRegs)

.cinit     0    000009d8    00000030     
                  000009d8    0000000c     (__TI_handler_table)
                  000009e4    00000004     --HOLE-- [fill = 0]
                  000009e8    00000008     (.cinit..vtable.load) [load image, compression = zero_init]
                  000009f0    00000007     (.cinit..data.load) [load image, compression = lzss]
                  000009f7    00000001     --HOLE-- [fill = 0]
                  000009f8    00000010     (__TI_cinit_table)

.init_array 
*          0    00000000    00000000     UNINITIALIZED

.vtable    0    20000000    0000026c     UNINITIALIZED
                  20000000    0000026c     driverlib.lib : interrupt.obj (.vtable)

.data      0    2000026c    00000004     UNINITIALIZED
                  2000026c    00000004     main.obj (.data)

.stack     0    20000270    00000200     UNINITIALIZED
                  20000270    00000004     rtsv7M4_T_le_v4SPD16_eabi.lib : boot_cortex_m.c.obj (.stack)
                  20000274    000001fc     --HOLE--

MODULE SUMMARY

       Module                         code   ro data   rw data
       ------                         ----   -------   -------
    .\
       tm4c123gh6pm_startup_ccs.obj   12     620       0      
       main.obj                       148    0         4      
    +--+------------------------------+------+---------+---------+
       Total:                         160    620       4      
                                                              
    ../driverlib.lib
       interrupt.obj                  156    20        620    
       gpio.obj                       440    0         0      
       timer.obj                      228    160       0      
       sysctl.obj                     302    0         0      
    +--+------------------------------+------+---------+---------+
       Total:                         1126   180       620    
                                                              
    C:\ti\ccs920\ccs\tools\compiler\ti-cgt-arm_18.12.3.LTS\lib\rtsv7M4_T_le_v4SPD16_eabi.lib
       memcpy_t2.asm.obj              156    0         0      
       copy_decompress_lzss.c.obj     104    0         0      
       autoinit.c.obj                 68     0         0      
       boot_cortex_m.c.obj            52     0         0      
       copy_zero_init.c.obj           28     0         0      
       copy_decompress_none.c.obj     14     0         0      
       exit.c.obj                     4      0         0      
       pre_init.c.obj                 4      0         0      
    +--+------------------------------+------+---------+---------+
       Total:                         430    0         0      
                                                              
       Stack:                         0      0         512    
       Linker Generated:              0      43        0      
    +--+------------------------------+------+---------+---------+
       Grand Total:                   1716   843       1136   


LINKER GENERATED COPY TABLES

__TI_cinit_table @ 000009f8 records: 2, size/record: 8, table size: 16
	.vtable: load addr=000009e8, load size=00000008 bytes, run addr=20000000, run size=0000026c bytes, compression=zero_init
	.data: load addr=000009f0, load size=00000007 bytes, run addr=2000026c, run size=00000004 bytes, compression=lzss


LINKER GENERATED HANDLER TABLE

__TI_handler_table @ 000009d8 records: 3, size/record: 4, table size: 12
	index: 0, handler: __TI_zero_init
	index: 1, handler: __TI_decompress_lzss
	index: 2, handler: __TI_decompress_none


GLOBAL SYMBOLS: SORTED ALPHABETICALLY BY Name 

address   name                          
-------   ----                          
0000091d  C$$EXIT                       
00000859  GPIODirModeSet                
0000026d  GPIOPadConfigSet              
000008a1  GPIOPinTypeGPIOOutput         
00000903  GPIOPinWrite                  
000005fd  IntEnable                     
000007bd  IntRegister                   
000008ef  ResetISR                      
000003d9  SysCtlClockSet                
00000909  SysCtlDelay                   
000007f1  SysCtlPeripheralEnable        
000005bf  Timer0IntHandler              
000006cd  TimerConfigure                
000008d3  TimerEnable                   
00000915  TimerIntClear                 
000008fb  TimerIntEnable                
000008bb  TimerIntRegister              
0000090f  TimerLoadSet64                
20000470  __STACK_END                   
00000200  __STACK_SIZE                  
20000470  __STACK_TOP                   
000009f8  __TI_CINIT_Base               
00000a08  __TI_CINIT_Limit              
000009d8  __TI_Handler_Table_Base       
000009e4  __TI_Handler_Table_Limit      
00000779  __TI_auto_init_nobinit_nopinit
00000665  __TI_decompress_lzss          
000008e1  __TI_decompress_none          
ffffffff  __TI_pprof_out_hndl           
ffffffff  __TI_prof_data_size           
ffffffff  __TI_prof_data_start          
00000000  __TI_static_base__            
00000885  __TI_zero_init_nomemset       
000004cd  __aeabi_memcpy                
000004cd  __aeabi_memcpy4               
000004cd  __aeabi_memcpy8               
ffffffff  __binit__                     
ffffffff  __c_args__                    
UNDEFED   __mpu_init                    
20000270  __stack                       
00000825  _c_int00_noargs               
UNDEFED   _system_post_cinit            
00000919  _system_pre_init              
0000091d  abort                         
ffffffff  binit                         
20000000  g_pfnRAMVectors               
00000000  g_pfnVectors                  
2000026c  i                             
00000569  main                          
000004cd  memcpy                        


GLOBAL SYMBOLS: SORTED BY Symbol Address 

address   name                          
-------   ----                          
00000000  __TI_static_base__            
00000000  g_pfnVectors                  
00000200  __STACK_SIZE                  
0000026d  GPIOPadConfigSet              
000003d9  SysCtlClockSet                
000004cd  __aeabi_memcpy                
000004cd  __aeabi_memcpy4               
000004cd  __aeabi_memcpy8               
000004cd  memcpy                        
00000569  main                          
000005bf  Timer0IntHandler              
000005fd  IntEnable                     
00000665  __TI_decompress_lzss          
000006cd  TimerConfigure                
00000779  __TI_auto_init_nobinit_nopinit
000007bd  IntRegister                   
000007f1  SysCtlPeripheralEnable        
00000825  _c_int00_noargs               
00000859  GPIODirModeSet                
00000885  __TI_zero_init_nomemset       
000008a1  GPIOPinTypeGPIOOutput         
000008bb  TimerIntRegister              
000008d3  TimerEnable                   
000008e1  __TI_decompress_none          
000008ef  ResetISR                      
000008fb  TimerIntEnable                
00000903  GPIOPinWrite                  
00000909  SysCtlDelay                   
0000090f  TimerLoadSet64                
00000915  TimerIntClear                 
00000919  _system_pre_init              
0000091d  C$$EXIT                       
0000091d  abort                         
000009d8  __TI_Handler_Table_Base       
000009e4  __TI_Handler_Table_Limit      
000009f8  __TI_CINIT_Base               
00000a08  __TI_CINIT_Limit              
20000000  g_pfnRAMVectors               
2000026c  i                             
20000270  __stack                       
20000470  __STACK_END                   
20000470  __STACK_TOP                   
ffffffff  __TI_pprof_out_hndl           
ffffffff  __TI_prof_data_size           
ffffffff  __TI_prof_data_start          
ffffffff  __binit__                     
ffffffff  __c_args__                    
ffffffff  binit                         
UNDEFED   __mpu_init                    
UNDEFED   _system_post_cinit            

[50 symbols]
