******************************************************************************
                  TI ARM Linker PC v18.12.3                    
******************************************************************************
>> Linked Tue Mar  1 14:59:16 2022

OUTPUT FILE NAME:   <Z_Dummy.out>
ENTRY POINT SYMBOL: "_c_int00_noargs"  address: 000008fd


MEMORY CONFIGURATION

         name            origin    length      used     unused   attr    fill
----------------------  --------  ---------  --------  --------  ----  --------
  FLASH                 00000000   00040000  00000ae4  0003f51c  R  X
  SRAM                  20000000   00008000  00000484  00007b7c  RW X


SEGMENT ALLOCATION MAP

run origin  load origin   length   init length attrs members
----------  ----------- ---------- ----------- ----- -------
00000000    00000000    00000ae8   00000ae8    r-x
  00000000    00000000    0000026c   0000026c    r-- .intvecs
  0000026c    0000026c    0000078c   0000078c    r-x .text
  000009f8    000009f8    000000b4   000000b4    r-- .const
  00000ab0    00000ab0    00000038   00000038    r-- .cinit
20000000    20000000    00000488   00000000    rw-
  20000000    20000000    0000026c   00000000    rw- .vtable
  20000270    20000270    00000200   00000000    rw- .stack
  20000470    20000470    00000018   00000000    rw- .data


SECTION ALLOCATION MAP

 output                                  attributes/
section   page    origin      length       input sections
--------  ----  ----------  ----------   ----------------
.intvecs   0    00000000    0000026c     
                  00000000    0000026c     tm4c123gh6pm_startup_ccs.obj (.intvecs)

.text      0    0000026c    0000078c     
                  0000026c    0000016c     driverlib.lib : gpio.obj (.text:GPIOPadConfigSet)
                  000003d8    000000f4                   : sysctl.obj (.text:SysCtlClockSet)
                  000004cc    000000d4     main.obj (.text)
                  000005a0    0000009c     rtsv7M4_T_le_v4SPD16_eabi.lib : memcpy_t2.asm.obj (.text)
                  0000063c    00000096                                   : ull_div_t2.asm.obj (.text)
                  000006d2    00000002                                   : div0.asm.obj (.text)
                  000006d4    00000068     driverlib.lib : interrupt.obj (.text:IntEnable)
                  0000073c    00000068     rtsv7M4_T_le_v4SPD16_eabi.lib : copy_decompress_lzss.c.obj (.text:decompress:lzss:__TI_decompress_lzss)
                  000007a4    00000060     driverlib.lib : timer.obj (.text:TimerConfigure)
                  00000804    0000004c                   : timer.obj (.text:_TimerIntNumberGet)
                  00000850    00000044     rtsv7M4_T_le_v4SPD16_eabi.lib : autoinit.c.obj (.text:__TI_auto_init_nobinit_nopinit:__TI_auto_init_nobinit_nopinit)
                  00000894    00000034     driverlib.lib : interrupt.obj (.text:IntRegister)
                  000008c8    00000034                   : sysctl.obj (.text:SysCtlPeripheralEnable)
                  000008fc    00000034     rtsv7M4_T_le_v4SPD16_eabi.lib : boot_cortex_m.c.obj (.text:_c_int00_noargs:_c_int00_noargs)
                  00000930    0000002c     driverlib.lib : gpio.obj (.text:GPIODirModeSet)
                  0000095c    0000001c     rtsv7M4_T_le_v4SPD16_eabi.lib : copy_zero_init.c.obj (.text:decompress:ZI:__TI_zero_init_nomemset:__TI_zero_init_nomemset)
                  00000978    0000001a     driverlib.lib : gpio.obj (.text:GPIOPinTypeGPIOOutput)
                  00000992    00000018                   : timer.obj (.text:TimerIntRegister)
                  000009aa    0000000e                   : timer.obj (.text:TimerEnable)
                  000009b8    0000000e     rtsv7M4_T_le_v4SPD16_eabi.lib : copy_decompress_none.c.obj (.text:decompress:none:__TI_decompress_none)
                  000009c6    0000000c     tm4c123gh6pm_startup_ccs.obj (.text)
                  000009d2    00000008     driverlib.lib : timer.obj (.text:TimerIntEnable)
                  000009da    00000006                   : gpio.obj (.text:GPIOPinWrite)
                  000009e0    00000006                   : sysctl.obj (.text:SysCtlDelay)
                  000009e6    00000006                   : timer.obj (.text:TimerLoadSet64)
                  000009ec    00000004                   : timer.obj (.text:TimerIntClear)
                  000009f0    00000004     rtsv7M4_T_le_v4SPD16_eabi.lib : pre_init.c.obj (.text:_system_pre_init)
                  000009f4    00000004                                   : exit.c.obj (.text:abort:abort)

.const     0    000009f8    000000b4     
                  000009f8    00000060     driverlib.lib : timer.obj (.const:g_ppui32TimerIntMap)
                  00000a58    00000040                   : timer.obj (.const:g_ppui32TimerIntMapSnowflake)
                  00000a98    00000014                   : interrupt.obj (.const:g_pui32EnRegs)

.cinit     0    00000ab0    00000038     
                  00000ab0    00000010     (.cinit..data.load) [load image, compression = lzss]
                  00000ac0    0000000c     (__TI_handler_table)
                  00000acc    00000004     --HOLE-- [fill = 0]
                  00000ad0    00000008     (.cinit..vtable.load) [load image, compression = zero_init]
                  00000ad8    00000010     (__TI_cinit_table)

.init_array 
*          0    00000000    00000000     UNINITIALIZED

.vtable    0    20000000    0000026c     UNINITIALIZED
                  20000000    0000026c     driverlib.lib : interrupt.obj (.vtable)

.data      0    20000470    00000018     UNINITIALIZED
                  20000470    00000018     main.obj (.data)

.stack     0    20000270    00000200     UNINITIALIZED
                  20000270    00000004     rtsv7M4_T_le_v4SPD16_eabi.lib : boot_cortex_m.c.obj (.stack)
                  20000274    000001fc     --HOLE--

MODULE SUMMARY

       Module                         code   ro data   rw data
       ------                         ----   -------   -------
    .\
       tm4c123gh6pm_startup_ccs.obj   12     620       0      
       main.obj                       212    0         24     
    +--+------------------------------+------+---------+---------+
       Total:                         224    620       24     
                                                              
    ../driverlib.lib
       interrupt.obj                  156    20        620    
       gpio.obj                       440    0         0      
       timer.obj                      228    160       0      
       sysctl.obj                     302    0         0      
    +--+------------------------------+------+---------+---------+
       Total:                         1126   180       620    
                                                              
    C:\ti\ccs920\ccs\tools\compiler\ti-cgt-arm_18.12.3.LTS\lib\rtsv7M4_T_le_v4SPD16_eabi.lib
       memcpy_t2.asm.obj              156    0         0      
       ull_div_t2.asm.obj             150    0         0      
       copy_decompress_lzss.c.obj     104    0         0      
       autoinit.c.obj                 68     0         0      
       boot_cortex_m.c.obj            52     0         0      
       copy_zero_init.c.obj           28     0         0      
       copy_decompress_none.c.obj     14     0         0      
       exit.c.obj                     4      0         0      
       pre_init.c.obj                 4      0         0      
       div0.asm.obj                   2      0         0      
    +--+------------------------------+------+---------+---------+
       Total:                         582    0         0      
                                                              
       Stack:                         0      0         512    
       Linker Generated:              0      52        0      
    +--+------------------------------+------+---------+---------+
       Grand Total:                   1932   852       1156   


LINKER GENERATED COPY TABLES

__TI_cinit_table @ 00000ad8 records: 2, size/record: 8, table size: 16
	.data: load addr=00000ab0, load size=00000010 bytes, run addr=20000470, run size=00000018 bytes, compression=lzss
	.vtable: load addr=00000ad0, load size=00000008 bytes, run addr=20000000, run size=0000026c bytes, compression=zero_init


LINKER GENERATED HANDLER TABLE

__TI_handler_table @ 00000ac0 records: 3, size/record: 4, table size: 12
	index: 0, handler: __TI_zero_init
	index: 1, handler: __TI_decompress_lzss
	index: 2, handler: __TI_decompress_none


GLOBAL SYMBOLS: SORTED ALPHABETICALLY BY Name 

address   name                          
-------   ----                          
000009f5  C$$EXIT                       
00000931  GPIODirModeSet                
0000026d  GPIOPadConfigSet              
00000979  GPIOPinTypeGPIOOutput         
000009db  GPIOPinWrite                  
000006d5  IntEnable                     
00000895  IntRegister                   
000009c7  ResetISR                      
000003d9  SysCtlClockSet                
000009e1  SysCtlDelay                   
000008c9  SysCtlPeripheralEnable        
00000541  Timer0IntHandler              
000007a5  TimerConfigure                
000009ab  TimerEnable                   
000009ed  TimerIntClear                 
000009d3  TimerIntEnable                
00000993  TimerIntRegister              
000009e7  TimerLoadSet64                
20000470  __STACK_END                   
00000200  __STACK_SIZE                  
20000470  __STACK_TOP                   
00000ad8  __TI_CINIT_Base               
00000ae8  __TI_CINIT_Limit              
00000ac0  __TI_Handler_Table_Base       
00000acc  __TI_Handler_Table_Limit      
00000851  __TI_auto_init_nobinit_nopinit
0000073d  __TI_decompress_lzss          
000009b9  __TI_decompress_none          
ffffffff  __TI_pprof_out_hndl           
ffffffff  __TI_prof_data_size           
ffffffff  __TI_prof_data_start          
00000000  __TI_static_base__            
0000095d  __TI_zero_init_nomemset       
000006d3  __aeabi_idiv0                 
000006d3  __aeabi_ldiv0                 
000005a1  __aeabi_memcpy                
000005a1  __aeabi_memcpy4               
000005a1  __aeabi_memcpy8               
0000063d  __aeabi_uldivmod              
ffffffff  __binit__                     
ffffffff  __c_args__                    
UNDEFED   __mpu_init                    
20000270  __stack                       
000008fd  _c_int00_noargs               
UNDEFED   _system_post_cinit            
000009f1  _system_pre_init              
000009f5  abort                         
20000474  avg                           
ffffffff  binit                         
20000480  flag                          
20000000  g_pfnRAMVectors               
00000000  g_pfnVectors                  
20000470  i                             
000004cd  main                          
000005a1  memcpy                        
20000478  value                         


GLOBAL SYMBOLS: SORTED BY Symbol Address 

address   name                          
-------   ----                          
00000000  __TI_static_base__            
00000000  g_pfnVectors                  
00000200  __STACK_SIZE                  
0000026d  GPIOPadConfigSet              
000003d9  SysCtlClockSet                
000004cd  main                          
00000541  Timer0IntHandler              
000005a1  __aeabi_memcpy                
000005a1  __aeabi_memcpy4               
000005a1  __aeabi_memcpy8               
000005a1  memcpy                        
0000063d  __aeabi_uldivmod              
000006d3  __aeabi_idiv0                 
000006d3  __aeabi_ldiv0                 
000006d5  IntEnable                     
0000073d  __TI_decompress_lzss          
000007a5  TimerConfigure                
00000851  __TI_auto_init_nobinit_nopinit
00000895  IntRegister                   
000008c9  SysCtlPeripheralEnable        
000008fd  _c_int00_noargs               
00000931  GPIODirModeSet                
0000095d  __TI_zero_init_nomemset       
00000979  GPIOPinTypeGPIOOutput         
00000993  TimerIntRegister              
000009ab  TimerEnable                   
000009b9  __TI_decompress_none          
000009c7  ResetISR                      
000009d3  TimerIntEnable                
000009db  GPIOPinWrite                  
000009e1  SysCtlDelay                   
000009e7  TimerLoadSet64                
000009ed  TimerIntClear                 
000009f1  _system_pre_init              
000009f5  C$$EXIT                       
000009f5  abort                         
00000ac0  __TI_Handler_Table_Base       
00000acc  __TI_Handler_Table_Limit      
00000ad8  __TI_CINIT_Base               
00000ae8  __TI_CINIT_Limit              
20000000  g_pfnRAMVectors               
20000270  __stack                       
20000470  __STACK_END                   
20000470  __STACK_TOP                   
20000470  i                             
20000474  avg                           
20000478  value                         
20000480  flag                          
ffffffff  __TI_pprof_out_hndl           
ffffffff  __TI_prof_data_size           
ffffffff  __TI_prof_data_start          
ffffffff  __binit__                     
ffffffff  __c_args__                    
ffffffff  binit                         
UNDEFED   __mpu_init                    
UNDEFED   _system_post_cinit            

[56 symbols]
