******************************************************************************
                  TI ARM Linker PC v18.12.3                    
******************************************************************************
>> Linked Thu May 26 20:33:37 2022

OUTPUT FILE NAME:   <Z_RFID_Attendance_System.out>
ENTRY POINT SYMBOL: "_c_int00_noargs"  address: 000011bd


MEMORY CONFIGURATION

         name            origin    length      used     unused   attr    fill
----------------------  --------  ---------  --------  --------  ----  --------
  FLASH                 00000000   00040000  00001452  0003ebae  R  X
  SRAM                  20000000   00008000  00000269  00007d97  RW X


SEGMENT ALLOCATION MAP

run origin  load origin   length   init length attrs members
----------  ----------- ---------- ----------- ----- -------
00000000    00000000    00001458   00001458    r-x
  00000000    00000000    0000026c   0000026c    r-- .intvecs
  0000026c    0000026c    000010d6   000010d6    r-x .text
  00001344    00001344    000000c0   000000c0    r-- .const
  00001408    00001408    00000050   00000050    r-- .cinit
20000000    20000000    0000026d   00000000    rw-
  20000000    20000000    00000200   00000000    rw- .stack
  20000200    20000200    0000004c   00000000    rw- .data
  20000250    20000250    00000010   00000000    rw- .sysmem
  20000260    20000260    0000000d   00000000    rw- .bss


SECTION ALLOCATION MAP

 output                                  attributes/
section   page    origin      length       input sections
--------  ----  ----------  ----------   ----------------
.intvecs   0    00000000    0000026c     
                  00000000    0000026c     tm4c123gh6pm_startup_ccs.obj (.intvecs)

.text      0    0000026c    000010d6     
                  0000026c    000006c4     main.obj (.text)
                  00000930    0000016c     driverlib.lib : gpio.obj (.text:GPIOPadConfigSet)
                  00000a9c    0000014c     print.obj (.text)
                  00000be8    000000f4     driverlib.lib : sysctl.obj (.text:SysCtlClockSet)
                  00000cdc    000000f4     rtsv7M4_T_le_v4SPD16_eabi.lib : memory.c.obj (.text:aligned_alloc)
                  00000dd0    000000e8                                   : memory.c.obj (.text:free)
                  00000eb8    0000009c                                   : memcpy_t2.asm.obj (.text)
                  00000f54    0000007c                                   : memory.c.obj (.text:split)
                  00000fd0    00000068                                   : copy_decompress_lzss.c.obj (.text:decompress:lzss:__TI_decompress_lzss)
                  00001038    0000004c     driverlib.lib : gpio.obj (.text:GPIOPinConfigure)
                  00001084    00000046                   : uart.obj (.text:UARTConfigSetExpClk)
                  000010ca    00000002     rtsv7M4_T_le_v4SPD16_eabi.lib : _lock.c.obj (.text:_nop)
                  000010cc    00000044                                   : autoinit.c.obj (.text:__TI_auto_init_nobinit_nopinit:__TI_auto_init_nobinit_nopinit)
                  00001110    00000040                                   : u_divt2.asm.obj (.text)
                  00001150    00000038     driverlib.lib : sysctl.obj (.text:SysCtlPeripheralPresent)
                  00001188    00000034                   : sysctl.obj (.text:SysCtlPeripheralEnable)
                  000011bc    00000034     rtsv7M4_T_le_v4SPD16_eabi.lib : boot_cortex_m.c.obj (.text:_c_int00_noargs:_c_int00_noargs)
                  000011f0    0000002c     driverlib.lib : gpio.obj (.text:GPIODirModeSet)
                  0000121c    00000028     rtsv7M4_T_le_v4SPD16_eabi.lib : memory.c.obj (.text:free_list_insert)
                  00001244    00000020     driverlib.lib : uart.obj (.text:UARTDisable)
                  00001264    0000001c     rtsv7M4_T_le_v4SPD16_eabi.lib : copy_zero_init.c.obj (.text:decompress:ZI:__TI_zero_init_nomemset:__TI_zero_init_nomemset)
                  00001280    0000001c                                   : memory.c.obj (.text:free_list_remove)
                  0000129c    0000001a     driverlib.lib : gpio.obj (.text:GPIOPinTypeGPIOOutput)
                  000012b6    00000016                   : gpio.obj (.text:GPIOPinTypeGPIOInput)
                  000012cc    00000016                   : gpio.obj (.text:GPIOPinTypeUART)
                  000012e2    00000014                   : uart.obj (.text:UARTEnable)
                  000012f6    0000000e     rtsv7M4_T_le_v4SPD16_eabi.lib : copy_decompress_none.c.obj (.text:decompress:none:__TI_decompress_none)
                  00001304    0000000c     tm4c123gh6pm_startup_ccs.obj (.text)
                  00001310    0000000a     driverlib.lib : uart.obj (.text:UARTCharGet)
                  0000131a    0000000a                   : uart.obj (.text:UARTCharPut)
                  00001324    00000008     rtsv7M4_T_le_v4SPD16_eabi.lib : memory.c.obj (.text:malloc)
                  0000132c    00000006     driverlib.lib : sysctl.obj (.text:SysCtlDelay)
                  00001332    00000006                   : uart.obj (.text:UARTClockSourceSet)
                  00001338    00000004     rtsv7M4_T_le_v4SPD16_eabi.lib : pre_init.c.obj (.text:_system_pre_init)
                  0000133c    00000004                                   : exit.c.obj (.text:abort:abort)
                  00001340    00000002                                   : div0.asm.obj (.text)

.const     0    00001344    000000c0     
                  00001344    00000090     driverlib.lib : gpio.obj (.const:g_pui32GPIOBaseAddrs)
                  000013d4    00000012     main.obj (.const:.string)
                  000013e6    00000002     --HOLE-- [fill = 0]
                  000013e8    0000000c     main.obj (.const:g_ui32UARTBase)
                  000013f4    0000000c     main.obj (.const:g_ui32UARTPeriph)
                  00001400    00000004     main.obj (.const)

.cinit     0    00001408    00000050     
                  00001408    00000029     (.cinit..data.load) [load image, compression = lzss]
                  00001431    00000003     --HOLE-- [fill = 0]
                  00001434    0000000c     (__TI_handler_table)
                  00001440    00000008     (.cinit..bss.load) [load image, compression = zero_init]
                  00001448    00000010     (__TI_cinit_table)

.init_array 
*          0    00000000    00000000     UNINITIALIZED

.stack     0    20000000    00000200     UNINITIALIZED
                  20000000    00000004     rtsv7M4_T_le_v4SPD16_eabi.lib : boot_cortex_m.c.obj (.stack)
                  20000004    000001fc     --HOLE--

.data      0    20000200    0000004c     UNINITIALIZED
                  20000200    00000025     main.obj (.data)
                  20000225    0000000b     main.obj (.data:User1)
                  20000230    0000000b     main.obj (.data:User2)
                  2000023b    00000001     --HOLE--
                  2000023c    00000008     rtsv7M4_T_le_v4SPD16_eabi.lib : _lock.c.obj (.data:$O1$$)
                  20000244    00000008                                   : memory.c.obj (.data:$O1$$)

.sysmem    0    20000250    00000010     UNINITIALIZED
                  20000250    00000010     rtsv7M4_T_le_v4SPD16_eabi.lib : memory.c.obj (.sysmem)

.bss       0    20000260    0000000d     UNINITIALIZED
                  20000260    0000000c     (.common:dest)
                  2000026c    00000001     (.common:data)

MODULE SUMMARY

       Module                         code   ro data   rw data
       ------                         ----   -------   -------
    .\
       main.obj                       1732   46        72     
       tm4c123gh6pm_startup_ccs.obj   12     620       0      
       print.obj                      332    0         0      
    +--+------------------------------+------+---------+---------+
       Total:                         2076   666       72     
                                                              
    ../driverlib.lib
       gpio.obj                       554    144       0      
       sysctl.obj                     358    0         0      
       uart.obj                       148    0         0      
    +--+------------------------------+------+---------+---------+
       Total:                         1060   144       0      
                                                              
    C:\ti\ccs920\ccs\tools\compiler\ti-cgt-arm_18.12.3.LTS\lib\rtsv7M4_T_le_v4SPD16_eabi.lib
       memory.c.obj                   676    0         8      
       memcpy_t2.asm.obj              156    0         0      
       copy_decompress_lzss.c.obj     104    0         0      
       autoinit.c.obj                 68     0         0      
       u_divt2.asm.obj                64     0         0      
       boot_cortex_m.c.obj            52     0         0      
       copy_zero_init.c.obj           28     0         0      
       copy_decompress_none.c.obj     14     0         0      
       _lock.c.obj                    2      0         8      
       exit.c.obj                     4      0         0      
       pre_init.c.obj                 4      0         0      
       div0.asm.obj                   2      0         0      
    +--+------------------------------+------+---------+---------+
       Total:                         1174   0         16     
                                                              
       Heap:                          0      0         16     
       Stack:                         0      0         512    
       Linker Generated:              0      77        0      
    +--+------------------------------+------+---------+---------+
       Grand Total:                   4310   887       616    


LINKER GENERATED COPY TABLES

__TI_cinit_table @ 00001448 records: 2, size/record: 8, table size: 16
	.data: load addr=00001408, load size=00000029 bytes, run addr=20000200, run size=0000004c bytes, compression=lzss
	.bss: load addr=00001440, load size=00000008 bytes, run addr=20000260, run size=0000000d bytes, compression=zero_init


LINKER GENERATED HANDLER TABLE

__TI_handler_table @ 00001434 records: 3, size/record: 4, table size: 12
	index: 0, handler: __TI_decompress_lzss
	index: 1, handler: __TI_decompress_none
	index: 2, handler: __TI_zero_init


GLOBAL SYMBOLS: SORTED ALPHABETICALLY BY Name 

address   name                          
-------   ----                          
0000133d  C$$EXIT                       
000011f1  GPIODirModeSet                
00000931  GPIOPadConfigSet              
00001039  GPIOPinConfigure              
000012b7  GPIOPinTypeGPIOInput          
0000129d  GPIOPinTypeGPIOOutput         
000012cd  GPIOPinTypeUART               
2000021c  Praveen_Attendance            
20000218  Rahul_Attendance              
00001305  ResetISR                      
00000be9  SysCtlClockSet                
0000132d  SysCtlDelay                   
00001189  SysCtlPeripheralEnable        
00001151  SysCtlPeripheralPresent       
20000220  Total_Classes                 
00001311  UARTCharGet                   
0000131b  UARTCharPut                   
00001333  UARTClockSourceSet            
00001085  UARTConfigSetExpClk           
00001245  UARTDisable                   
000012e3  UARTEnable                    
0000026d  UARTStdioConfig               
00000adf  UART_1                        
000003bd  UARTgetc                      
00000303  UARTgets                      
000006df  UARTprintf                    
000003e5  UARTvprintf                   
000002b3  UARTwrite                     
20000225  User1                         
20000230  User2                         
20000200  __STACK_END                   
00000200  __STACK_SIZE                  
20000200  __STACK_TOP                   
00000010  __SYSMEM_SIZE                 
00001448  __TI_CINIT_Base               
00001458  __TI_CINIT_Limit              
00001434  __TI_Handler_Table_Base       
00001440  __TI_Handler_Table_Limit      
000010cd  __TI_auto_init_nobinit_nopinit
00000fd1  __TI_decompress_lzss          
000012f7  __TI_decompress_none          
ffffffff  __TI_pprof_out_hndl           
ffffffff  __TI_prof_data_size           
ffffffff  __TI_prof_data_start          
00000000  __TI_static_base__            
00001265  __TI_zero_init_nomemset       
00001341  __aeabi_idiv0                 
00001341  __aeabi_ldiv0                 
00000eb9  __aeabi_memcpy                
00000eb9  __aeabi_memcpy4               
00000eb9  __aeabi_memcpy8               
00001111  __aeabi_uidiv                 
00001111  __aeabi_uidivmod              
ffffffff  __binit__                     
ffffffff  __c_args__                    
UNDEFED   __mpu_init                    
20000000  __stack                       
000011bd  _c_int00_noargs               
2000023c  _lock                         
000010cb  _nop                          
20000250  _sys_memory                   
UNDEFED   _system_post_cinit            
00001339  _system_pre_init              
20000240  _unlock                       
0000133d  abort                         
00000cdd  aligned_alloc                 
ffffffff  binit                         
20000214  blue                          
2000026c  data                          
20000260  dest                          
20000208  flag                          
00000dd1  free                          
00000000  g_pfnVectors                  
20000204  i                             
00000b45  i_to_a                        
2000020c  j                             
00000707  main                          
00001325  malloc                        
00000cdd  memalign                      
00000eb9  memcpy                        
00000b19  no_of_digits                  
00000a9d  print_init                    
20000210  red                           


GLOBAL SYMBOLS: SORTED BY Symbol Address 

address   name                          
-------   ----                          
00000000  __TI_static_base__            
00000000  g_pfnVectors                  
00000010  __SYSMEM_SIZE                 
00000200  __STACK_SIZE                  
0000026d  UARTStdioConfig               
000002b3  UARTwrite                     
00000303  UARTgets                      
000003bd  UARTgetc                      
000003e5  UARTvprintf                   
000006df  UARTprintf                    
00000707  main                          
00000931  GPIOPadConfigSet              
00000a9d  print_init                    
00000adf  UART_1                        
00000b19  no_of_digits                  
00000b45  i_to_a                        
00000be9  SysCtlClockSet                
00000cdd  aligned_alloc                 
00000cdd  memalign                      
00000dd1  free                          
00000eb9  __aeabi_memcpy                
00000eb9  __aeabi_memcpy4               
00000eb9  __aeabi_memcpy8               
00000eb9  memcpy                        
00000fd1  __TI_decompress_lzss          
00001039  GPIOPinConfigure              
00001085  UARTConfigSetExpClk           
000010cb  _nop                          
000010cd  __TI_auto_init_nobinit_nopinit
00001111  __aeabi_uidiv                 
00001111  __aeabi_uidivmod              
00001151  SysCtlPeripheralPresent       
00001189  SysCtlPeripheralEnable        
000011bd  _c_int00_noargs               
000011f1  GPIODirModeSet                
00001245  UARTDisable                   
00001265  __TI_zero_init_nomemset       
0000129d  GPIOPinTypeGPIOOutput         
000012b7  GPIOPinTypeGPIOInput          
000012cd  GPIOPinTypeUART               
000012e3  UARTEnable                    
000012f7  __TI_decompress_none          
00001305  ResetISR                      
00001311  UARTCharGet                   
0000131b  UARTCharPut                   
00001325  malloc                        
0000132d  SysCtlDelay                   
00001333  UARTClockSourceSet            
00001339  _system_pre_init              
0000133d  C$$EXIT                       
0000133d  abort                         
00001341  __aeabi_idiv0                 
00001341  __aeabi_ldiv0                 
00001434  __TI_Handler_Table_Base       
00001440  __TI_Handler_Table_Limit      
00001448  __TI_CINIT_Base               
00001458  __TI_CINIT_Limit              
20000000  __stack                       
20000200  __STACK_END                   
20000200  __STACK_TOP                   
20000204  i                             
20000208  flag                          
2000020c  j                             
20000210  red                           
20000214  blue                          
20000218  Rahul_Attendance              
2000021c  Praveen_Attendance            
20000220  Total_Classes                 
20000225  User1                         
20000230  User2                         
2000023c  _lock                         
20000240  _unlock                       
20000250  _sys_memory                   
20000260  dest                          
2000026c  data                          
ffffffff  __TI_pprof_out_hndl           
ffffffff  __TI_prof_data_size           
ffffffff  __TI_prof_data_start          
ffffffff  __binit__                     
ffffffff  __c_args__                    
ffffffff  binit                         
UNDEFED   __mpu_init                    
UNDEFED   _system_post_cinit            

[83 symbols]
