******************************************************************************
                  TI ARM Linker PC v18.12.3                    
******************************************************************************
>> Linked Fri Dec  2 10:39:11 2022

OUTPUT FILE NAME:   <MSRIT.out>
ENTRY POINT SYMBOL: "_c_int00_noargs"  address: 00000a81


MEMORY CONFIGURATION

         name            origin    length      used     unused   attr    fill
----------------------  --------  ---------  --------  --------  ----  --------
  FLASH                 00000000   00040000  00000bdf  0003f421  R  X
  SRAM                  20000000   00008000  00000205  00007dfb  RW X


SEGMENT ALLOCATION MAP

run origin  load origin   length   init length attrs members
----------  ----------- ---------- ----------- ----- -------
00000000    00000000    00000be0   00000be0    r-x
  00000000    00000000    0000026c   0000026c    r-- .intvecs
  0000026c    0000026c    00000932   00000932    r-x .text
  00000b9e    00000b9e    00000011   00000011    r-- .const
  00000bb0    00000bb0    00000030   00000030    r-- .cinit
20000000    20000000    00000205   00000000    rw-
  20000000    20000000    00000200   00000000    rw- .stack
  20000200    20000200    00000004   00000000    rw- .bss
  20000204    20000204    00000001   00000000    rw- .data


SECTION ALLOCATION MAP

 output                                  attributes/
section   page    origin      length       input sections
--------  ----  ----------  ----------   ----------------
.intvecs   0    00000000    0000026c     
                  00000000    0000026c     tm4c123gh6pm_startup_ccs.obj (.intvecs)

.text      0    0000026c    00000932     
                  0000026c    00000370     main.obj (.text)
                  000005dc    0000016c     driverlib.lib : gpio.obj (.text:GPIOPadConfigSet)
                  00000748    000000f4                   : sysctl.obj (.text:SysCtlClockSet)
                  0000083c    0000009c     rtsv7M4_T_le_v4SPD16_eabi.lib : memcpy_t2.asm.obj (.text)
                  000008d8    0000007a     driverlib.lib : adc.obj (.text:ADCSequenceStepConfigure)
                  00000952    00000068     rtsv7M4_T_le_v4SPD16_eabi.lib : copy_decompress_lzss.c.obj (.text:decompress:lzss:__TI_decompress_lzss)
                  000009ba    0000004e     driverlib.lib : adc.obj (.text:ADCSequenceConfigure)
                  00000a08    00000044     rtsv7M4_T_le_v4SPD16_eabi.lib : autoinit.c.obj (.text:__TI_auto_init_nobinit_nopinit:__TI_auto_init_nobinit_nopinit)
                  00000a4c    00000034     driverlib.lib : sysctl.obj (.text:SysCtlPeripheralEnable)
                  00000a80    00000034     rtsv7M4_T_le_v4SPD16_eabi.lib : boot_cortex_m.c.obj (.text:_c_int00_noargs:_c_int00_noargs)
                  00000ab4    0000002c     driverlib.lib : gpio.obj (.text:GPIODirModeSet)
                  00000ae0    0000001e                   : adc.obj (.text:ADCSequenceDataGet)
                  00000afe    0000001c     rtsv7M4_T_le_v4SPD16_eabi.lib : copy_zero_init.c.obj (.text:decompress:ZI:__TI_zero_init_nomemset:__TI_zero_init_nomemset)
                  00000b1a    0000001a     driverlib.lib : gpio.obj (.text:GPIOPinTypeGPIOOutput)
                  00000b34    00000018                   : adc.obj (.text:ADCProcessorTrigger)
                  00000b4c    00000016                   : gpio.obj (.text:GPIOPinTypeADC)
                  00000b62    0000000e                   : adc.obj (.text:ADCSequenceEnable)
                  00000b70    0000000e     rtsv7M4_T_le_v4SPD16_eabi.lib : copy_decompress_none.c.obj (.text:decompress:none:__TI_decompress_none)
                  00000b7e    0000000c     tm4c123gh6pm_startup_ccs.obj (.text)
                  00000b8a    00000006     driverlib.lib : gpio.obj (.text:GPIOPinWrite)
                  00000b90    00000006                   : sysctl.obj (.text:SysCtlDelay)
                  00000b96    00000004     rtsv7M4_T_le_v4SPD16_eabi.lib : pre_init.c.obj (.text:_system_pre_init)
                  00000b9a    00000004                                   : exit.c.obj (.text:abort:abort)

.const     0    00000b9e    00000011     
                  00000b9e    00000011     main.obj (.const:.string:Display)

.cinit     0    00000bb0    00000030     
                  00000bb0    0000000c     (__TI_handler_table)
                  00000bbc    00000004     --HOLE-- [fill = 0]
                  00000bc0    00000008     (.cinit..bss.load) [load image, compression = zero_init]
                  00000bc8    00000005     (.cinit..data.load) [load image, compression = lzss]
                  00000bcd    00000003     --HOLE-- [fill = 0]
                  00000bd0    00000010     (__TI_cinit_table)

.init_array 
*          0    00000000    00000000     UNINITIALIZED

.bss       0    20000200    00000004     UNINITIALIZED
                  20000200    00000004     (.common:potValue)

.data      0    20000204    00000001     UNINITIALIZED
                  20000204    00000001     main.obj (.data)

.stack     0    20000000    00000200     UNINITIALIZED
                  20000000    00000004     rtsv7M4_T_le_v4SPD16_eabi.lib : boot_cortex_m.c.obj (.stack)
                  20000004    000001fc     --HOLE--

MODULE SUMMARY

       Module                         code   ro data   rw data
       ------                         ----   -------   -------
    .\
       main.obj                       880    17        5      
       tm4c123gh6pm_startup_ccs.obj   12     620       0      
    +--+------------------------------+------+---------+---------+
       Total:                         892    637       5      
                                                              
    ../driverlib.lib
       gpio.obj                       462    0         0      
       sysctl.obj                     302    0         0      
       adc.obj                        268    0         0      
    +--+------------------------------+------+---------+---------+
       Total:                         1032   0         0      
                                                              
    C:\ti\ccs920\ccs\tools\compiler\ti-cgt-arm_18.12.3.LTS\lib\rtsv7M4_T_le_v4SPD16_eabi.lib
       memcpy_t2.asm.obj              156    0         0      
       copy_decompress_lzss.c.obj     104    0         0      
       autoinit.c.obj                 68     0         0      
       boot_cortex_m.c.obj            52     0         0      
       copy_zero_init.c.obj           28     0         0      
       copy_decompress_none.c.obj     14     0         0      
       exit.c.obj                     4      0         0      
       pre_init.c.obj                 4      0         0      
    +--+------------------------------+------+---------+---------+
       Total:                         430    0         0      
                                                              
       Stack:                         0      0         512    
       Linker Generated:              0      41        0      
    +--+------------------------------+------+---------+---------+
       Grand Total:                   2354   678       517    


LINKER GENERATED COPY TABLES

__TI_cinit_table @ 00000bd0 records: 2, size/record: 8, table size: 16
	.bss: load addr=00000bc0, load size=00000008 bytes, run addr=20000200, run size=00000004 bytes, compression=zero_init
	.data: load addr=00000bc8, load size=00000005 bytes, run addr=20000204, run size=00000001 bytes, compression=lzss


LINKER GENERATED HANDLER TABLE

__TI_handler_table @ 00000bb0 records: 3, size/record: 4, table size: 12
	index: 0, handler: __TI_decompress_lzss
	index: 1, handler: __TI_decompress_none
	index: 2, handler: __TI_zero_init


GLOBAL SYMBOLS: SORTED ALPHABETICALLY BY Name 

address   name                          
-------   ----                          
00000b35  ADCProcessorTrigger           
000009bb  ADCSequenceConfigure          
00000ae1  ADCSequenceDataGet            
00000b63  ADCSequenceEnable             
000008d9  ADCSequenceStepConfigure      
0000026d  ADC_Init                      
00000b9b  C$$EXIT                       
000002bf  DelayUsec                     
00000b9e  Display                       
000003f5  Display_Decimal               
00000ab5  GPIODirModeSet                
000005dd  GPIOPadConfigSet              
00000b4d  GPIOPinTypeADC                
00000b1b  GPIOPinTypeGPIOOutput         
00000b8b  GPIOPinWrite                  
000002a5  Init                          
00000367  ReadResult                    
00000b7f  ResetISR                      
000003d5  SetBrightness                 
00000749  SysCtlClockSet                
00000b91  SysCtlDelay                   
00000a4d  SysCtlPeripheralEnable        
00000383  WriteByte                     
20000200  __STACK_END                   
00000200  __STACK_SIZE                  
20000200  __STACK_TOP                   
00000bd0  __TI_CINIT_Base               
00000be0  __TI_CINIT_Limit              
00000bb0  __TI_Handler_Table_Base       
00000bbc  __TI_Handler_Table_Limit      
00000a09  __TI_auto_init_nobinit_nopinit
00000953  __TI_decompress_lzss          
00000b71  __TI_decompress_none          
ffffffff  __TI_pprof_out_hndl           
ffffffff  __TI_prof_data_size           
ffffffff  __TI_prof_data_start          
00000000  __TI_static_base__            
00000aff  __TI_zero_init_nomemset       
0000083d  __aeabi_memcpy                
0000083d  __aeabi_memcpy4               
0000083d  __aeabi_memcpy8               
ffffffff  __binit__                     
ffffffff  __c_args__                    
UNDEFED   __mpu_init                    
20000000  __stack                       
00000a81  _c_int00_noargs               
UNDEFED   _system_post_cinit            
00000b97  _system_pre_init              
00000b9b  abort                         
ffffffff  binit                         
000002f3  clk_high                      
00000301  clk_low                       
0000030f  data_high                     
0000031d  data_low                      
20000204  displayColon                  
00000000  g_pfnVectors                  
000004a9  main                          
0000083d  memcpy                        
20000200  potValue                      
0000032b  start                         
00000341  stop                          


GLOBAL SYMBOLS: SORTED BY Symbol Address 

address   name                          
-------   ----                          
00000000  __TI_static_base__            
00000000  g_pfnVectors                  
00000200  __STACK_SIZE                  
0000026d  ADC_Init                      
000002a5  Init                          
000002bf  DelayUsec                     
000002f3  clk_high                      
00000301  clk_low                       
0000030f  data_high                     
0000031d  data_low                      
0000032b  start                         
00000341  stop                          
00000367  ReadResult                    
00000383  WriteByte                     
000003d5  SetBrightness                 
000003f5  Display_Decimal               
000004a9  main                          
000005dd  GPIOPadConfigSet              
00000749  SysCtlClockSet                
0000083d  __aeabi_memcpy                
0000083d  __aeabi_memcpy4               
0000083d  __aeabi_memcpy8               
0000083d  memcpy                        
000008d9  ADCSequenceStepConfigure      
00000953  __TI_decompress_lzss          
000009bb  ADCSequenceConfigure          
00000a09  __TI_auto_init_nobinit_nopinit
00000a4d  SysCtlPeripheralEnable        
00000a81  _c_int00_noargs               
00000ab5  GPIODirModeSet                
00000ae1  ADCSequenceDataGet            
00000aff  __TI_zero_init_nomemset       
00000b1b  GPIOPinTypeGPIOOutput         
00000b35  ADCProcessorTrigger           
00000b4d  GPIOPinTypeADC                
00000b63  ADCSequenceEnable             
00000b71  __TI_decompress_none          
00000b7f  ResetISR                      
00000b8b  GPIOPinWrite                  
00000b91  SysCtlDelay                   
00000b97  _system_pre_init              
00000b9b  C$$EXIT                       
00000b9b  abort                         
00000b9e  Display                       
00000bb0  __TI_Handler_Table_Base       
00000bbc  __TI_Handler_Table_Limit      
00000bd0  __TI_CINIT_Base               
00000be0  __TI_CINIT_Limit              
20000000  __stack                       
20000200  __STACK_END                   
20000200  __STACK_TOP                   
20000200  potValue                      
20000204  displayColon                  
ffffffff  __TI_pprof_out_hndl           
ffffffff  __TI_prof_data_size           
ffffffff  __TI_prof_data_start          
ffffffff  __binit__                     
ffffffff  __c_args__                    
ffffffff  binit                         
UNDEFED   __mpu_init                    
UNDEFED   _system_post_cinit            

[61 symbols]
