******************************************************************************
                  TI ARM Linker PC v18.12.3                    
******************************************************************************
>> Linked Fri Jun  4 17:25:09 2021

OUTPUT FILE NAME:   <1_I2C_Master_SMSS.out>
ENTRY POINT SYMBOL: "_c_int00_noargs"  address: 00000fe5


MEMORY CONFIGURATION

         name            origin    length      used     unused   attr    fill
----------------------  --------  ---------  --------  --------  ----  --------
  FLASH                 00000000   00040000  0000128e  0003ed72  R  X
  SRAM                  20000000   00008000  00000205  00007dfb  RW X


SEGMENT ALLOCATION MAP

run origin  load origin   length   init length attrs members
----------  ----------- ---------- ----------- ----- -------
00000000    00000000    00001290   00001290    r-x
  00000000    00000000    0000026c   0000026c    r-- .intvecs
  0000026c    0000026c    00000ede   00000ede    r-x .text
  0000114c    0000114c    0000012c   0000012c    r-- .const
  00001278    00001278    00000018   00000018    r-- .cinit
20000000    20000000    00000205   00000000    rw-
  20000000    20000000    00000200   00000000    rw- .stack
  20000200    20000200    00000005   00000000    rw- .data


SECTION ALLOCATION MAP

 output                                  attributes/
section   page    origin      length       input sections
--------  ----  ----------  ----------   ----------------
.intvecs   0    00000000    0000026c     
                  00000000    0000026c     tm4c123gh6pm_startup_ccs.obj (.intvecs)

.text      0    0000026c    00000ede     
                  0000026c    000006dc     main.obj (.text)
                  00000948    0000016c     driverlib.lib : gpio.obj (.text:GPIOPadConfigSet)
                  00000ab4    00000118                   : sysctl.obj (.text:SysCtlClockGet)
                  00000bcc    000000f4                   : sysctl.obj (.text:SysCtlClockSet)
                  00000cc0    0000009c     rtsv7M4_T_le_v4SPD16_eabi.lib : memcpy_t2.asm.obj (.text)
                  00000d5c    00000068                                   : copy_decompress_lzss.c.obj (.text:decompress:lzss:__TI_decompress_lzss)
                  00000dc4    00000050     driverlib.lib : sysctl.obj (.text:SysCtlPeripheralReset)
                  00000e14    0000004c                   : gpio.obj (.text:GPIOPinConfigure)
                  00000e60    0000004c                   : i2c.obj (.text:I2CMasterInitExpClk)
                  00000eac    00000046                   : uart.obj (.text:UARTConfigSetExpClk)
                  00000ef2    00000002     rtsv7M4_T_le_v4SPD16_eabi.lib : div0.asm.obj (.text)
                  00000ef4    00000044                                   : autoinit.c.obj (.text:__TI_auto_init_nobinit_nopinit:__TI_auto_init_nobinit_nopinit)
                  00000f38    00000040                                   : u_divt2.asm.obj (.text)
                  00000f78    00000038     driverlib.lib : sysctl.obj (.text:SysCtlPeripheralPresent)
                  00000fb0    00000034                   : sysctl.obj (.text:SysCtlPeripheralEnable)
                  00000fe4    00000034     rtsv7M4_T_le_v4SPD16_eabi.lib : boot_cortex_m.c.obj (.text:_c_int00_noargs:_c_int00_noargs)
                  00001018    0000002c     driverlib.lib : gpio.obj (.text:GPIODirModeSet)
                  00001044    00000020                   : uart.obj (.text:UARTDisable)
                  00001064    00000016                   : gpio.obj (.text:GPIOPinTypeI2C)
                  0000107a    00000016                   : gpio.obj (.text:GPIOPinTypeI2CSCL)
                  00001090    00000016                   : gpio.obj (.text:GPIOPinTypeUART)
                  000010a6    00000014                   : uart.obj (.text:UARTEnable)
                  000010ba    00000010                   : interrupt.obj (.text:IntMasterEnable)
                  000010ca    0000000e                   : uart.obj (.text:UARTCharsAvail)
                  000010d8    0000000e     rtsv7M4_T_le_v4SPD16_eabi.lib : copy_decompress_none.c.obj (.text:decompress:none:__TI_decompress_none)
                  000010e6    0000000c     driverlib.lib : cpu.obj (.text:CPUcpsie)
                  000010f2    0000000c     tm4c123gh6pm_startup_ccs.obj (.text)
                  000010fe    0000000a     driverlib.lib : i2c.obj (.text:I2CMasterEnable)
                  00001108    0000000a                   : uart.obj (.text:UARTCharGet)
                  00001112    0000000a                   : uart.obj (.text:UARTCharPut)
                  0000111c    00000008                   : i2c.obj (.text:I2CMasterSlaveAddrSet)
                  00001124    00000006                   : i2c.obj (.text:I2CMasterIntEnable)
                  0000112a    00000006                   : sysctl.obj (.text:SysCtlDelay)
                  00001130    00000006                   : uart.obj (.text:UARTClockSourceSet)
                  00001136    00000004                   : i2c.obj (.text:I2CMasterControl)
                  0000113a    00000004                   : i2c.obj (.text:I2CMasterDataPut)
                  0000113e    00000004                   : i2c.obj (.text:I2CMasterLineStateGet)
                  00001142    00000004     rtsv7M4_T_le_v4SPD16_eabi.lib : pre_init.c.obj (.text:_system_pre_init)
                  00001146    00000004                                   : exit.c.obj (.text:abort:abort)

.const     0    0000114c    0000012c     
                  0000114c    00000090     driverlib.lib : gpio.obj (.const:g_pui32GPIOBaseAddrs)
                  000011dc    0000006c                   : sysctl.obj (.const:g_pui32Xtals)
                  00001248    00000012     main.obj (.const:.string)
                  0000125a    00000002     --HOLE-- [fill = 0]
                  0000125c    0000000c     main.obj (.const:g_ui32UARTBase)
                  00001268    0000000c     main.obj (.const:g_ui32UARTPeriph)
                  00001274    00000004     main.obj (.const)

.cinit     0    00001278    00000018     
                  00001278    00000008     (__TI_handler_table)
                  00001280    00000007     (.cinit..data.load) [load image, compression = lzss]
                  00001287    00000001     --HOLE-- [fill = 0]
                  00001288    00000008     (__TI_cinit_table)

.init_array 
*          0    00000000    00000000     UNINITIALIZED

.data      0    20000200    00000005     UNINITIALIZED
                  20000200    00000005     main.obj (.data)

.stack     0    20000000    00000200     UNINITIALIZED
                  20000000    00000004     rtsv7M4_T_le_v4SPD16_eabi.lib : boot_cortex_m.c.obj (.stack)
                  20000004    000001fc     --HOLE--

MODULE SUMMARY

       Module                         code   ro data   rw data
       ------                         ----   -------   -------
    .\
       main.obj                       1756   46        5      
       tm4c123gh6pm_startup_ccs.obj   12     620       0      
    +--+------------------------------+------+---------+---------+
       Total:                         1768   666       5      
                                                              
    ../driverlib.lib
       sysctl.obj                     718    108       0      
       gpio.obj                       550    144       0      
       uart.obj                       162    0         0      
       i2c.obj                        112    0         0      
       interrupt.obj                  16     0         0      
       cpu.obj                        12     0         0      
    +--+------------------------------+------+---------+---------+
       Total:                         1570   252       0      
                                                              
    C:\ti\ccs920\ccs\tools\compiler\ti-cgt-arm_18.12.3.LTS\lib\rtsv7M4_T_le_v4SPD16_eabi.lib
       memcpy_t2.asm.obj              156    0         0      
       copy_decompress_lzss.c.obj     104    0         0      
       autoinit.c.obj                 68     0         0      
       u_divt2.asm.obj                64     0         0      
       boot_cortex_m.c.obj            52     0         0      
       copy_decompress_none.c.obj     14     0         0      
       exit.c.obj                     4      0         0      
       pre_init.c.obj                 4      0         0      
       div0.asm.obj                   2      0         0      
    +--+------------------------------+------+---------+---------+
       Total:                         468    0         0      
                                                              
       Stack:                         0      0         512    
       Linker Generated:              0      23        0      
    +--+------------------------------+------+---------+---------+
       Grand Total:                   3806   941       517    


LINKER GENERATED COPY TABLES

__TI_cinit_table @ 00001288 records: 1, size/record: 8, table size: 8
	.data: load addr=00001280, load size=00000007 bytes, run addr=20000200, run size=00000005 bytes, compression=lzss


LINKER GENERATED HANDLER TABLE

__TI_handler_table @ 00001278 records: 2, size/record: 4, table size: 8
	index: 0, handler: __TI_decompress_lzss
	index: 1, handler: __TI_decompress_none


GLOBAL SYMBOLS: SORTED ALPHABETICALLY BY Name 

address   name                          
-------   ----                          
00001147  C$$EXIT                       
000010e7  CPUcpsie                      
00001019  GPIODirModeSet                
00000949  GPIOPadConfigSet              
00000e15  GPIOPinConfigure              
00001065  GPIOPinTypeI2C                
0000107b  GPIOPinTypeI2CSCL             
00001091  GPIOPinTypeUART               
0000073f  I2C0_Init                     
0000077f  I2C0_Send                     
00001137  I2CMasterControl              
0000113b  I2CMasterDataPut              
000010ff  I2CMasterEnable               
00000e61  I2CMasterInitExpClk           
00001125  I2CMasterIntEnable            
0000113f  I2CMasterLineStateGet         
0000111d  I2CMasterSlaveAddrSet         
00000703  InitConsole                   
000010bb  IntMasterEnable               
000010f3  ResetISR                      
00000ab5  SysCtlClockGet                
00000bcd  SysCtlClockSet                
0000112b  SysCtlDelay                   
00000fb1  SysCtlPeripheralEnable        
00000f79  SysCtlPeripheralPresent       
00000dc5  SysCtlPeripheralReset         
00001109  UARTCharGet                   
00001113  UARTCharPut                   
000010cb  UARTCharsAvail                
00001131  UARTClockSourceSet            
00000ead  UARTConfigSetExpClk           
00001045  UARTDisable                   
000010a7  UARTEnable                    
0000026d  UARTStdioConfig               
000003bd  UARTgetc                      
00000303  UARTgets                      
000006df  UARTprintf                    
000003e5  UARTvprintf                   
000002b3  UARTwrite                     
20000200  __STACK_END                   
00000200  __STACK_SIZE                  
20000200  __STACK_TOP                   
00001288  __TI_CINIT_Base               
00001290  __TI_CINIT_Limit              
00001278  __TI_Handler_Table_Base       
00001280  __TI_Handler_Table_Limit      
00000ef5  __TI_auto_init_nobinit_nopinit
00000d5d  __TI_decompress_lzss          
000010d9  __TI_decompress_none          
ffffffff  __TI_pprof_out_hndl           
ffffffff  __TI_prof_data_size           
ffffffff  __TI_prof_data_start          
00000000  __TI_static_base__            
00000ef3  __aeabi_idiv0                 
00000ef3  __aeabi_ldiv0                 
00000cc1  __aeabi_memcpy                
00000cc1  __aeabi_memcpy4               
00000cc1  __aeabi_memcpy8               
00000f39  __aeabi_uidiv                 
00000f39  __aeabi_uidivmod              
ffffffff  __binit__                     
ffffffff  __c_args__                    
UNDEFED   __mpu_init                    
20000000  __stack                       
00000fe5  _c_int00_noargs               
UNDEFED   _system_post_cinit            
00001143  _system_pre_init              
00001147  abort                         
ffffffff  binit                         
00000000  g_pfnVectors                  
000007c3  main                          
00000cc1  memcpy                        


GLOBAL SYMBOLS: SORTED BY Symbol Address 

address   name                          
-------   ----                          
00000000  __TI_static_base__            
00000000  g_pfnVectors                  
00000200  __STACK_SIZE                  
0000026d  UARTStdioConfig               
000002b3  UARTwrite                     
00000303  UARTgets                      
000003bd  UARTgetc                      
000003e5  UARTvprintf                   
000006df  UARTprintf                    
00000703  InitConsole                   
0000073f  I2C0_Init                     
0000077f  I2C0_Send                     
000007c3  main                          
00000949  GPIOPadConfigSet              
00000ab5  SysCtlClockGet                
00000bcd  SysCtlClockSet                
00000cc1  __aeabi_memcpy                
00000cc1  __aeabi_memcpy4               
00000cc1  __aeabi_memcpy8               
00000cc1  memcpy                        
00000d5d  __TI_decompress_lzss          
00000dc5  SysCtlPeripheralReset         
00000e15  GPIOPinConfigure              
00000e61  I2CMasterInitExpClk           
00000ead  UARTConfigSetExpClk           
00000ef3  __aeabi_idiv0                 
00000ef3  __aeabi_ldiv0                 
00000ef5  __TI_auto_init_nobinit_nopinit
00000f39  __aeabi_uidiv                 
00000f39  __aeabi_uidivmod              
00000f79  SysCtlPeripheralPresent       
00000fb1  SysCtlPeripheralEnable        
00000fe5  _c_int00_noargs               
00001019  GPIODirModeSet                
00001045  UARTDisable                   
00001065  GPIOPinTypeI2C                
0000107b  GPIOPinTypeI2CSCL             
00001091  GPIOPinTypeUART               
000010a7  UARTEnable                    
000010bb  IntMasterEnable               
000010cb  UARTCharsAvail                
000010d9  __TI_decompress_none          
000010e7  CPUcpsie                      
000010f3  ResetISR                      
000010ff  I2CMasterEnable               
00001109  UARTCharGet                   
00001113  UARTCharPut                   
0000111d  I2CMasterSlaveAddrSet         
00001125  I2CMasterIntEnable            
0000112b  SysCtlDelay                   
00001131  UARTClockSourceSet            
00001137  I2CMasterControl              
0000113b  I2CMasterDataPut              
0000113f  I2CMasterLineStateGet         
00001143  _system_pre_init              
00001147  C$$EXIT                       
00001147  abort                         
00001278  __TI_Handler_Table_Base       
00001280  __TI_Handler_Table_Limit      
00001288  __TI_CINIT_Base               
00001290  __TI_CINIT_Limit              
20000000  __stack                       
20000200  __STACK_END                   
20000200  __STACK_TOP                   
ffffffff  __TI_pprof_out_hndl           
ffffffff  __TI_prof_data_size           
ffffffff  __TI_prof_data_start          
ffffffff  __binit__                     
ffffffff  __c_args__                    
ffffffff  binit                         
UNDEFED   __mpu_init                    
UNDEFED   _system_post_cinit            

[72 symbols]
