******************************************************************************
                  TI ARM Linker PC v18.12.3                    
******************************************************************************
>> Linked Fri Dec 18 11:51:33 2020

OUTPUT FILE NAME:   <I2C.out>
ENTRY POINT SYMBOL: "_c_int00_noargs"  address: 000010b9


MEMORY CONFIGURATION

         name            origin    length      used     unused   attr    fill
----------------------  --------  ---------  --------  --------  ----  --------
  FLASH                 00000000   00040000  000013d4  0003ec2c  R  X
  SRAM                  20000000   00008000  00000207  00007df9  RW X


SEGMENT ALLOCATION MAP

run origin  load origin   length   init length attrs members
----------  ----------- ---------- ----------- ----- -------
00000000    00000000    000013d8   000013d8    r-x
  00000000    00000000    0000026c   0000026c    r-- .intvecs
  0000026c    0000026c    0000100c   0000100c    r-x .text
  00001278    00001278    0000012c   0000012c    r-- .const
  000013a8    000013a8    00000030   00000030    r-- .cinit
20000000    20000000    00000208   00000000    rw-
  20000000    20000000    00000200   00000000    rw- .stack
  20000200    20000200    00000005   00000000    rw- .data
  20000206    20000206    00000002   00000000    rw- .bss


SECTION ALLOCATION MAP

 output                                  attributes/
section   page    origin      length       input sections
--------  ----  ----------  ----------   ----------------
.intvecs   0    00000000    0000026c     
                  00000000    0000026c     tm4c123gh6pm_startup_ccs.obj (.intvecs)

.text      0    0000026c    0000100c     
                  0000026c    000007b0     main.obj (.text)
                  00000a1c    0000016c     driverlib.lib : gpio.obj (.text:GPIOPadConfigSet)
                  00000b88    00000118                   : sysctl.obj (.text:SysCtlClockGet)
                  00000ca0    000000f4                   : sysctl.obj (.text:SysCtlClockSet)
                  00000d94    0000009c     rtsv7M4_T_le_v4SPD16_eabi.lib : memcpy_t2.asm.obj (.text)
                  00000e30    00000068                                   : copy_decompress_lzss.c.obj (.text:decompress:lzss:__TI_decompress_lzss)
                  00000e98    00000050     driverlib.lib : sysctl.obj (.text:SysCtlPeripheralReset)
                  00000ee8    0000004c                   : gpio.obj (.text:GPIOPinConfigure)
                  00000f34    0000004c                   : i2c.obj (.text:I2CMasterInitExpClk)
                  00000f80    00000046                   : uart.obj (.text:UARTConfigSetExpClk)
                  00000fc6    00000002     rtsv7M4_T_le_v4SPD16_eabi.lib : div0.asm.obj (.text)
                  00000fc8    00000044                                   : autoinit.c.obj (.text:__TI_auto_init_nobinit_nopinit:__TI_auto_init_nobinit_nopinit)
                  0000100c    00000040                                   : u_divt2.asm.obj (.text)
                  0000104c    00000038     driverlib.lib : sysctl.obj (.text:SysCtlPeripheralPresent)
                  00001084    00000034                   : sysctl.obj (.text:SysCtlPeripheralEnable)
                  000010b8    00000034     rtsv7M4_T_le_v4SPD16_eabi.lib : boot_cortex_m.c.obj (.text:_c_int00_noargs:_c_int00_noargs)
                  000010ec    0000002c     driverlib.lib : gpio.obj (.text:GPIODirModeSet)
                  00001118    00000020                   : uart.obj (.text:UARTDisable)
                  00001138    0000001c     rtsv7M4_T_le_v4SPD16_eabi.lib : copy_zero_init.c.obj (.text:decompress:ZI:__TI_zero_init_nomemset:__TI_zero_init_nomemset)
                  00001154    0000001a     driverlib.lib : gpio.obj (.text:GPIOPinTypeGPIOOutput)
                  0000116e    00000016                   : gpio.obj (.text:GPIOPinTypeGPIOInput)
                  00001184    00000016                   : gpio.obj (.text:GPIOPinTypeI2C)
                  0000119a    00000016                   : gpio.obj (.text:GPIOPinTypeI2CSCL)
                  000011b0    00000016                   : gpio.obj (.text:GPIOPinTypeUART)
                  000011c6    00000014                   : uart.obj (.text:UARTEnable)
                  000011da    00000010                   : interrupt.obj (.text:IntMasterEnable)
                  000011ea    0000000e                   : uart.obj (.text:UARTCharsAvail)
                  000011f8    0000000e     rtsv7M4_T_le_v4SPD16_eabi.lib : copy_decompress_none.c.obj (.text:decompress:none:__TI_decompress_none)
                  00001206    0000000c     driverlib.lib : cpu.obj (.text:CPUcpsie)
                  00001212    0000000c     tm4c123gh6pm_startup_ccs.obj (.text)
                  0000121e    0000000a     driverlib.lib : i2c.obj (.text:I2CMasterEnable)
                  00001228    0000000a                   : uart.obj (.text:UARTCharGet)
                  00001232    0000000a                   : uart.obj (.text:UARTCharPut)
                  0000123c    00000008                   : i2c.obj (.text:I2CMasterBusy)
                  00001244    00000008                   : i2c.obj (.text:I2CMasterSlaveAddrSet)
                  0000124c    00000006                   : gpio.obj (.text:GPIOPinRead)
                  00001252    00000006                   : i2c.obj (.text:I2CMasterIntEnable)
                  00001258    00000006                   : sysctl.obj (.text:SysCtlDelay)
                  0000125e    00000006                   : uart.obj (.text:UARTClockSourceSet)
                  00001264    00000004                   : i2c.obj (.text:I2CMasterControl)
                  00001268    00000004                   : i2c.obj (.text:I2CMasterDataGet)
                  0000126c    00000004                   : i2c.obj (.text:I2CMasterDataPut)
                  00001270    00000004     rtsv7M4_T_le_v4SPD16_eabi.lib : pre_init.c.obj (.text:_system_pre_init)
                  00001274    00000004                                   : exit.c.obj (.text:abort:abort)

.const     0    00001278    0000012c     
                  00001278    00000090     driverlib.lib : gpio.obj (.const:g_pui32GPIOBaseAddrs)
                  00001308    0000006c                   : sysctl.obj (.const:g_pui32Xtals)
                  00001374    00000012     main.obj (.const:.string)
                  00001386    00000002     --HOLE-- [fill = 0]
                  00001388    0000000c     main.obj (.const:g_ui32UARTBase)
                  00001394    0000000c     main.obj (.const:g_ui32UARTPeriph)
                  000013a0    00000004     main.obj (.const)

.cinit     0    000013a8    00000030     
                  000013a8    0000000c     (__TI_handler_table)
                  000013b4    00000004     --HOLE-- [fill = 0]
                  000013b8    00000008     (.cinit..bss.load) [load image, compression = zero_init]
                  000013c0    00000007     (.cinit..data.load) [load image, compression = lzss]
                  000013c7    00000001     --HOLE-- [fill = 0]
                  000013c8    00000010     (__TI_cinit_table)

.init_array 
*          0    00000000    00000000     UNINITIALIZED

.data      0    20000200    00000005     UNINITIALIZED
                  20000200    00000005     main.obj (.data)

.bss       0    20000206    00000002     UNINITIALIZED
                  20000206    00000002     (.common:Rx_data)

.stack     0    20000000    00000200     UNINITIALIZED
                  20000000    00000004     rtsv7M4_T_le_v4SPD16_eabi.lib : boot_cortex_m.c.obj (.stack)
                  20000004    000001fc     --HOLE--

MODULE SUMMARY

       Module                         code   ro data   rw data
       ------                         ----   -------   -------
    .\
       main.obj                       1968   46        7      
       tm4c123gh6pm_startup_ccs.obj   12     620       0      
    +--+------------------------------+------+---------+---------+
       Total:                         1980   666       7      
                                                              
    ../driverlib.lib
       sysctl.obj                     718    108       0      
       gpio.obj                       604    144       0      
       uart.obj                       162    0         0      
       i2c.obj                        120    0         0      
       interrupt.obj                  16     0         0      
       cpu.obj                        12     0         0      
    +--+------------------------------+------+---------+---------+
       Total:                         1632   252       0      
                                                              
    C:\ti\ccs920\ccs\tools\compiler\ti-cgt-arm_18.12.3.LTS\lib\rtsv7M4_T_le_v4SPD16_eabi.lib
       memcpy_t2.asm.obj              156    0         0      
       copy_decompress_lzss.c.obj     104    0         0      
       autoinit.c.obj                 68     0         0      
       u_divt2.asm.obj                64     0         0      
       boot_cortex_m.c.obj            52     0         0      
       copy_zero_init.c.obj           28     0         0      
       copy_decompress_none.c.obj     14     0         0      
       exit.c.obj                     4      0         0      
       pre_init.c.obj                 4      0         0      
       div0.asm.obj                   2      0         0      
    +--+------------------------------+------+---------+---------+
       Total:                         496    0         0      
                                                              
       Stack:                         0      0         512    
       Linker Generated:              0      43        0      
    +--+------------------------------+------+---------+---------+
       Grand Total:                   4108   961       519    


LINKER GENERATED COPY TABLES

__TI_cinit_table @ 000013c8 records: 2, size/record: 8, table size: 16
	.bss: load addr=000013b8, load size=00000008 bytes, run addr=20000206, run size=00000002 bytes, compression=zero_init
	.data: load addr=000013c0, load size=00000007 bytes, run addr=20000200, run size=00000005 bytes, compression=lzss


LINKER GENERATED HANDLER TABLE

__TI_handler_table @ 000013a8 records: 3, size/record: 4, table size: 12
	index: 0, handler: __TI_decompress_lzss
	index: 1, handler: __TI_decompress_none
	index: 2, handler: __TI_zero_init


GLOBAL SYMBOLS: SORTED ALPHABETICALLY BY Name 

address   name                          
-------   ----                          
00001275  C$$EXIT                       
00001207  CPUcpsie                      
000010ed  GPIODirModeSet                
00000a1d  GPIOPadConfigSet              
00000ee9  GPIOPinConfigure              
0000124d  GPIOPinRead                   
0000116f  GPIOPinTypeGPIOInput          
00001155  GPIOPinTypeGPIOOutput         
00001185  GPIOPinTypeI2C                
0000119b  GPIOPinTypeI2CSCL             
000011b1  GPIOPinTypeUART               
0000073f  I2C0_Init                     
0000077f  I2C0_Send                     
0000123d  I2CMasterBusy                 
00001265  I2CMasterControl              
00001269  I2CMasterDataGet              
0000126d  I2CMasterDataPut              
0000121f  I2CMasterEnable               
00000f35  I2CMasterInitExpClk           
00001253  I2CMasterIntEnable            
00001245  I2CMasterSlaveAddrSet         
000007b3  I2CReceive                    
00000703  InitConsole                   
000011db  IntMasterEnable               
0000080b  ReadAccel                     
00001213  ResetISR                      
20000206  Rx_data                       
00000b89  SysCtlClockGet                
00000ca1  SysCtlClockSet                
00001259  SysCtlDelay                   
00001085  SysCtlPeripheralEnable        
0000104d  SysCtlPeripheralPresent       
00000e99  SysCtlPeripheralReset         
00001229  UARTCharGet                   
00001233  UARTCharPut                   
000011eb  UARTCharsAvail                
0000125f  UARTClockSourceSet            
00000f81  UARTConfigSetExpClk           
00001119  UARTDisable                   
000011c7  UARTEnable                    
0000026d  UARTStdioConfig               
000003bd  UARTgetc                      
00000303  UARTgets                      
000006df  UARTprintf                    
000003e5  UARTvprintf                   
000002b3  UARTwrite                     
20000200  __STACK_END                   
00000200  __STACK_SIZE                  
20000200  __STACK_TOP                   
000013c8  __TI_CINIT_Base               
000013d8  __TI_CINIT_Limit              
000013a8  __TI_Handler_Table_Base       
000013b4  __TI_Handler_Table_Limit      
00000fc9  __TI_auto_init_nobinit_nopinit
00000e31  __TI_decompress_lzss          
000011f9  __TI_decompress_none          
ffffffff  __TI_pprof_out_hndl           
ffffffff  __TI_prof_data_size           
ffffffff  __TI_prof_data_start          
00000000  __TI_static_base__            
00001139  __TI_zero_init_nomemset       
00000fc7  __aeabi_idiv0                 
00000fc7  __aeabi_ldiv0                 
00000d95  __aeabi_memcpy                
00000d95  __aeabi_memcpy4               
00000d95  __aeabi_memcpy8               
0000100d  __aeabi_uidiv                 
0000100d  __aeabi_uidivmod              
ffffffff  __binit__                     
ffffffff  __c_args__                    
UNDEFED   __mpu_init                    
20000000  __stack                       
000010b9  _c_int00_noargs               
UNDEFED   _system_post_cinit            
00001271  _system_pre_init              
00001275  abort                         
ffffffff  binit                         
00000000  g_pfnVectors                  
00000871  main                          
00000d95  memcpy                        
0000082b  switch_init                   


GLOBAL SYMBOLS: SORTED BY Symbol Address 

address   name                          
-------   ----                          
00000000  __TI_static_base__            
00000000  g_pfnVectors                  
00000200  __STACK_SIZE                  
0000026d  UARTStdioConfig               
000002b3  UARTwrite                     
00000303  UARTgets                      
000003bd  UARTgetc                      
000003e5  UARTvprintf                   
000006df  UARTprintf                    
00000703  InitConsole                   
0000073f  I2C0_Init                     
0000077f  I2C0_Send                     
000007b3  I2CReceive                    
0000080b  ReadAccel                     
0000082b  switch_init                   
00000871  main                          
00000a1d  GPIOPadConfigSet              
00000b89  SysCtlClockGet                
00000ca1  SysCtlClockSet                
00000d95  __aeabi_memcpy                
00000d95  __aeabi_memcpy4               
00000d95  __aeabi_memcpy8               
00000d95  memcpy                        
00000e31  __TI_decompress_lzss          
00000e99  SysCtlPeripheralReset         
00000ee9  GPIOPinConfigure              
00000f35  I2CMasterInitExpClk           
00000f81  UARTConfigSetExpClk           
00000fc7  __aeabi_idiv0                 
00000fc7  __aeabi_ldiv0                 
00000fc9  __TI_auto_init_nobinit_nopinit
0000100d  __aeabi_uidiv                 
0000100d  __aeabi_uidivmod              
0000104d  SysCtlPeripheralPresent       
00001085  SysCtlPeripheralEnable        
000010b9  _c_int00_noargs               
000010ed  GPIODirModeSet                
00001119  UARTDisable                   
00001139  __TI_zero_init_nomemset       
00001155  GPIOPinTypeGPIOOutput         
0000116f  GPIOPinTypeGPIOInput          
00001185  GPIOPinTypeI2C                
0000119b  GPIOPinTypeI2CSCL             
000011b1  GPIOPinTypeUART               
000011c7  UARTEnable                    
000011db  IntMasterEnable               
000011eb  UARTCharsAvail                
000011f9  __TI_decompress_none          
00001207  CPUcpsie                      
00001213  ResetISR                      
0000121f  I2CMasterEnable               
00001229  UARTCharGet                   
00001233  UARTCharPut                   
0000123d  I2CMasterBusy                 
00001245  I2CMasterSlaveAddrSet         
0000124d  GPIOPinRead                   
00001253  I2CMasterIntEnable            
00001259  SysCtlDelay                   
0000125f  UARTClockSourceSet            
00001265  I2CMasterControl              
00001269  I2CMasterDataGet              
0000126d  I2CMasterDataPut              
00001271  _system_pre_init              
00001275  C$$EXIT                       
00001275  abort                         
000013a8  __TI_Handler_Table_Base       
000013b4  __TI_Handler_Table_Limit      
000013c8  __TI_CINIT_Base               
000013d8  __TI_CINIT_Limit              
20000000  __stack                       
20000200  __STACK_END                   
20000200  __STACK_TOP                   
20000206  Rx_data                       
ffffffff  __TI_pprof_out_hndl           
ffffffff  __TI_prof_data_size           
ffffffff  __TI_prof_data_start          
ffffffff  __binit__                     
ffffffff  __c_args__                    
ffffffff  binit                         
UNDEFED   __mpu_init                    
UNDEFED   _system_post_cinit            

[81 symbols]
