******************************************************************************
                  TI ARM Linker PC v18.12.3                    
******************************************************************************
>> Linked Fri Oct  8 13:52:43 2021

OUTPUT FILE NAME:   <HM10_to_HM10_Master_Lib.out>
ENTRY POINT SYMBOL: "_c_int00_noargs"  address: 00001025


MEMORY CONFIGURATION

         name            origin    length      used     unused   attr    fill
----------------------  --------  ---------  --------  --------  ----  --------
  FLASH                 00000000   00040000  000011f6  0003ee0a  R  X
  SRAM                  20000000   00008000  00000205  00007dfb  RW X


SEGMENT ALLOCATION MAP

run origin  load origin   length   init length attrs members
----------  ----------- ---------- ----------- ----- -------
00000000    00000000    000011f8   000011f8    r-x
  00000000    00000000    0000026c   0000026c    r-- .intvecs
  0000026c    0000026c    00000eb2   00000eb2    r-x .text
  00001120    00001120    000000c0   000000c0    r-- .const
  000011e0    000011e0    00000018   00000018    r-- .cinit
20000000    20000000    00000205   00000000    rw-
  20000000    20000000    00000200   00000000    rw- .stack
  20000200    20000200    00000005   00000000    rw- .data


SECTION ALLOCATION MAP

 output                                  attributes/
section   page    origin      length       input sections
--------  ----  ----------  ----------   ----------------
.intvecs   0    00000000    0000026c     
                  00000000    0000026c     tm4c123gh6pm_startup_ccs.obj (.intvecs)

.text      0    0000026c    00000eb2     
                  0000026c    000005d0     main.obj (.text)
                  0000083c    00000300     AT_Command.obj (.text)
                  00000b3c    0000016c     driverlib.lib : gpio.obj (.text:GPIOPadConfigSet)
                  00000ca8    000000f4                   : sysctl.obj (.text:SysCtlClockSet)
                  00000d9c    0000009c     rtsv7M4_T_le_v4SPD16_eabi.lib : memcpy_t2.asm.obj (.text)
                  00000e38    00000068                                   : copy_decompress_lzss.c.obj (.text:decompress:lzss:__TI_decompress_lzss)
                  00000ea0    0000004c     driverlib.lib : gpio.obj (.text:GPIOPinConfigure)
                  00000eec    00000046                   : uart.obj (.text:UARTConfigSetExpClk)
                  00000f32    00000002     rtsv7M4_T_le_v4SPD16_eabi.lib : div0.asm.obj (.text)
                  00000f34    00000044                                   : autoinit.c.obj (.text:__TI_auto_init_nobinit_nopinit:__TI_auto_init_nobinit_nopinit)
                  00000f78    00000040                                   : u_divt2.asm.obj (.text)
                  00000fb8    00000038     driverlib.lib : sysctl.obj (.text:SysCtlPeripheralPresent)
                  00000ff0    00000034                   : sysctl.obj (.text:SysCtlPeripheralEnable)
                  00001024    00000034     rtsv7M4_T_le_v4SPD16_eabi.lib : boot_cortex_m.c.obj (.text:_c_int00_noargs:_c_int00_noargs)
                  00001058    0000002c     driverlib.lib : gpio.obj (.text:GPIODirModeSet)
                  00001084    00000020                   : uart.obj (.text:UARTDisable)
                  000010a4    00000016                   : gpio.obj (.text:GPIOPinTypeUART)
                  000010ba    00000014                   : uart.obj (.text:UARTEnable)
                  000010ce    0000000e                   : uart.obj (.text:UARTCharsAvail)
                  000010dc    0000000e     rtsv7M4_T_le_v4SPD16_eabi.lib : copy_decompress_none.c.obj (.text:decompress:none:__TI_decompress_none)
                  000010ea    0000000c     tm4c123gh6pm_startup_ccs.obj (.text)
                  000010f6    0000000a     driverlib.lib : uart.obj (.text:UARTCharGet)
                  00001100    0000000a                   : uart.obj (.text:UARTCharPut)
                  0000110a    00000006                   : sysctl.obj (.text:SysCtlDelay)
                  00001110    00000006                   : uart.obj (.text:UARTClockSourceSet)
                  00001116    00000004     rtsv7M4_T_le_v4SPD16_eabi.lib : pre_init.c.obj (.text:_system_pre_init)
                  0000111a    00000004                                   : exit.c.obj (.text:abort:abort)

.const     0    00001120    000000c0     
                  00001120    00000090     driverlib.lib : gpio.obj (.const:g_pui32GPIOBaseAddrs)
                  000011b0    00000012     main.obj (.const:.string)
                  000011c2    00000002     --HOLE-- [fill = 0]
                  000011c4    0000000c     main.obj (.const:g_ui32UARTBase)
                  000011d0    0000000c     main.obj (.const:g_ui32UARTPeriph)
                  000011dc    00000004     main.obj (.const)

.cinit     0    000011e0    00000018     
                  000011e0    00000008     (__TI_handler_table)
                  000011e8    00000007     (.cinit..data.load) [load image, compression = lzss]
                  000011ef    00000001     --HOLE-- [fill = 0]
                  000011f0    00000008     (__TI_cinit_table)

.init_array 
*          0    00000000    00000000     UNINITIALIZED

.data      0    20000200    00000005     UNINITIALIZED
                  20000200    00000005     main.obj (.data)

.stack     0    20000000    00000200     UNINITIALIZED
                  20000000    00000004     rtsv7M4_T_le_v4SPD16_eabi.lib : boot_cortex_m.c.obj (.stack)
                  20000004    000001fc     --HOLE--

MODULE SUMMARY

       Module                         code   ro data   rw data
       ------                         ----   -------   -------
    .\
       main.obj                       1488   46        5      
       AT_Command.obj                 768    0         0      
       tm4c123gh6pm_startup_ccs.obj   12     620       0      
    +--+------------------------------+------+---------+---------+
       Total:                         2268   666       5      
                                                              
    ../driverlib.lib
       gpio.obj                       506    144       0      
       sysctl.obj                     358    0         0      
       uart.obj                       162    0         0      
    +--+------------------------------+------+---------+---------+
       Total:                         1026   144       0      
                                                              
    C:\ti\ccs920\ccs\tools\compiler\ti-cgt-arm_18.12.3.LTS\lib\rtsv7M4_T_le_v4SPD16_eabi.lib
       memcpy_t2.asm.obj              156    0         0      
       copy_decompress_lzss.c.obj     104    0         0      
       autoinit.c.obj                 68     0         0      
       u_divt2.asm.obj                64     0         0      
       boot_cortex_m.c.obj            52     0         0      
       copy_decompress_none.c.obj     14     0         0      
       exit.c.obj                     4      0         0      
       pre_init.c.obj                 4      0         0      
       div0.asm.obj                   2      0         0      
    +--+------------------------------+------+---------+---------+
       Total:                         468    0         0      
                                                              
       Stack:                         0      0         512    
       Linker Generated:              0      23        0      
    +--+------------------------------+------+---------+---------+
       Grand Total:                   3762   833       517    


LINKER GENERATED COPY TABLES

__TI_cinit_table @ 000011f0 records: 1, size/record: 8, table size: 8
	.data: load addr=000011e8, load size=00000007 bytes, run addr=20000200, run size=00000005 bytes, compression=lzss


LINKER GENERATED HANDLER TABLE

__TI_handler_table @ 000011e0 records: 2, size/record: 4, table size: 8
	index: 0, handler: __TI_decompress_lzss
	index: 1, handler: __TI_decompress_none


GLOBAL SYMBOLS: SORTED ALPHABETICALLY BY Name 

address   name                          
-------   ----                          
0000083d  AT                            
00000ae9  AT_ADDR                       
00000987  AT_Conn                       
000009c1  AT_Connl                      
00000a9f  AT_DISC                       
00000a0b  AT_IMME_0                     
000008f3  AT_IMME_1                     
000008a1  AT_RENEW                      
00000a55  AT_RESET                      
00000857  AT_ROLE_1                     
0000093d  AT_Start                      
0000111b  C$$EXIT                       
00001059  GPIODirModeSet                
00000b3d  GPIOPadConfigSet              
00000ea1  GPIOPinConfigure              
000010a5  GPIOPinTypeUART               
000010eb  ResetISR                      
00000ca9  SysCtlClockSet                
0000110b  SysCtlDelay                   
00000ff1  SysCtlPeripheralEnable        
00000fb9  SysCtlPeripheralPresent       
000010f7  UARTCharGet                   
00001101  UARTCharPut                   
000010cf  UARTCharsAvail                
00001111  UARTClockSourceSet            
00000eed  UARTConfigSetExpClk           
00001085  UARTDisable                   
000010bb  UARTEnable                    
0000026d  UARTStdioConfig               
000003bd  UARTgetc                      
00000303  UARTgets                      
000006df  UARTprintf                    
000003e5  UARTvprintf                   
000002b3  UARTwrite                     
20000200  __STACK_END                   
00000200  __STACK_SIZE                  
20000200  __STACK_TOP                   
000011f0  __TI_CINIT_Base               
000011f8  __TI_CINIT_Limit              
000011e0  __TI_Handler_Table_Base       
000011e8  __TI_Handler_Table_Limit      
00000f35  __TI_auto_init_nobinit_nopinit
00000e39  __TI_decompress_lzss          
000010dd  __TI_decompress_none          
ffffffff  __TI_pprof_out_hndl           
ffffffff  __TI_prof_data_size           
ffffffff  __TI_prof_data_start          
00000000  __TI_static_base__            
00000f33  __aeabi_idiv0                 
00000f33  __aeabi_ldiv0                 
00000d9d  __aeabi_memcpy                
00000d9d  __aeabi_memcpy4               
00000d9d  __aeabi_memcpy8               
00000f79  __aeabi_uidiv                 
00000f79  __aeabi_uidivmod              
ffffffff  __binit__                     
ffffffff  __c_args__                    
UNDEFED   __mpu_init                    
20000000  __stack                       
00001025  _c_int00_noargs               
UNDEFED   _system_post_cinit            
00001117  _system_pre_init              
0000111b  abort                         
ffffffff  binit                         
00000000  g_pfnVectors                  
00000703  main                          
00000d9d  memcpy                        


GLOBAL SYMBOLS: SORTED BY Symbol Address 

address   name                          
-------   ----                          
00000000  __TI_static_base__            
00000000  g_pfnVectors                  
00000200  __STACK_SIZE                  
0000026d  UARTStdioConfig               
000002b3  UARTwrite                     
00000303  UARTgets                      
000003bd  UARTgetc                      
000003e5  UARTvprintf                   
000006df  UARTprintf                    
00000703  main                          
0000083d  AT                            
00000857  AT_ROLE_1                     
000008a1  AT_RENEW                      
000008f3  AT_IMME_1                     
0000093d  AT_Start                      
00000987  AT_Conn                       
000009c1  AT_Connl                      
00000a0b  AT_IMME_0                     
00000a55  AT_RESET                      
00000a9f  AT_DISC                       
00000ae9  AT_ADDR                       
00000b3d  GPIOPadConfigSet              
00000ca9  SysCtlClockSet                
00000d9d  __aeabi_memcpy                
00000d9d  __aeabi_memcpy4               
00000d9d  __aeabi_memcpy8               
00000d9d  memcpy                        
00000e39  __TI_decompress_lzss          
00000ea1  GPIOPinConfigure              
00000eed  UARTConfigSetExpClk           
00000f33  __aeabi_idiv0                 
00000f33  __aeabi_ldiv0                 
00000f35  __TI_auto_init_nobinit_nopinit
00000f79  __aeabi_uidiv                 
00000f79  __aeabi_uidivmod              
00000fb9  SysCtlPeripheralPresent       
00000ff1  SysCtlPeripheralEnable        
00001025  _c_int00_noargs               
00001059  GPIODirModeSet                
00001085  UARTDisable                   
000010a5  GPIOPinTypeUART               
000010bb  UARTEnable                    
000010cf  UARTCharsAvail                
000010dd  __TI_decompress_none          
000010eb  ResetISR                      
000010f7  UARTCharGet                   
00001101  UARTCharPut                   
0000110b  SysCtlDelay                   
00001111  UARTClockSourceSet            
00001117  _system_pre_init              
0000111b  C$$EXIT                       
0000111b  abort                         
000011e0  __TI_Handler_Table_Base       
000011e8  __TI_Handler_Table_Limit      
000011f0  __TI_CINIT_Base               
000011f8  __TI_CINIT_Limit              
20000000  __stack                       
20000200  __STACK_END                   
20000200  __STACK_TOP                   
ffffffff  __TI_pprof_out_hndl           
ffffffff  __TI_prof_data_size           
ffffffff  __TI_prof_data_start          
ffffffff  __binit__                     
ffffffff  __c_args__                    
ffffffff  binit                         
UNDEFED   __mpu_init                    
UNDEFED   _system_post_cinit            

[67 symbols]
