******************************************************************************
                  TI ARM Linker PC v18.12.3                    
******************************************************************************
>> Linked Sat May 22 11:37:52 2021

OUTPUT FILE NAME:   <MPU.out>
ENTRY POINT SYMBOL: "_c_int00_noargs"  address: 00000455


MEMORY CONFIGURATION

         name            origin    length      used     unused   attr    fill
----------------------  --------  ---------  --------  --------  ----  --------
  FLASH                 00000000   00040000  00000502  0003fafe  R  X
  SRAM                  20000000   00008000  00000208  00007df8  RW X


SEGMENT ALLOCATION MAP

run origin  load origin   length   init length attrs members
----------  ----------- ---------- ----------- ----- -------
00000000    00000000    00000504   00000504    r-x
  00000000    00000000    0000026c   0000026c    r-- .intvecs
  0000026c    0000026c    00000282   00000282    r-x .text
  000004f0    000004f0    00000014   00000014    r-- .cinit
20000000    20000000    00000208   00000000    rw-
  20000000    20000000    00000200   00000000    rw- .stack
  20000200    20000200    00000008   00000000    rw- .bss


SECTION ALLOCATION MAP

 output                                  attributes/
section   page    origin      length       input sections
--------  ----  ----------  ----------   ----------------
.intvecs   0    00000000    0000026c     
                  00000000    0000026c     tm4c123gh6pm_startup_ccs.obj (.intvecs)

.text      0    0000026c    00000282     
                  0000026c    000000f4     driverlib.lib : sysctl.obj (.text:SysCtlClockSet)
                  00000360    00000068                   : flash.obj (.text:FlashProgram)
                  000003c8    00000048     main.obj (.text)
                  00000410    00000044     rtsv7M4_T_le_v4SPD16_eabi.lib : autoinit.c.obj (.text:__TI_auto_init_nobinit_nopinit:__TI_auto_init_nobinit_nopinit)
                  00000454    00000034                                   : boot_cortex_m.c.obj (.text:_c_int00_noargs:_c_int00_noargs)
                  00000488    00000030     driverlib.lib : flash.obj (.text:FlashErase)
                  000004b8    0000001c     rtsv7M4_T_le_v4SPD16_eabi.lib : copy_zero_init.c.obj (.text:decompress:ZI:__TI_zero_init_nomemset:__TI_zero_init_nomemset)
                  000004d4    0000000c     tm4c123gh6pm_startup_ccs.obj (.text)
                  000004e0    00000006     driverlib.lib : sysctl.obj (.text:SysCtlDelay)
                  000004e6    00000004     rtsv7M4_T_le_v4SPD16_eabi.lib : pre_init.c.obj (.text:_system_pre_init)
                  000004ea    00000004                                   : exit.c.obj (.text:abort:abort)

.cinit     0    000004f0    00000014     
                  000004f0    00000008     (.cinit..bss.load) [load image, compression = zero_init]
                  000004f8    00000004     (__TI_handler_table)
                  000004fc    00000008     (__TI_cinit_table)

.init_array 
*          0    00000000    00000000     UNINITIALIZED

.bss       0    20000200    00000008     UNINITIALIZED
                  20000200    00000008     (.common:Data)

.stack     0    20000000    00000200     UNINITIALIZED
                  20000000    00000004     rtsv7M4_T_le_v4SPD16_eabi.lib : boot_cortex_m.c.obj (.stack)
                  20000004    000001fc     --HOLE--

MODULE SUMMARY

       Module                         code   ro data   rw data
       ------                         ----   -------   -------
    .\
       tm4c123gh6pm_startup_ccs.obj   12     620       0      
       main.obj                       72     0         8      
    +--+------------------------------+------+---------+---------+
       Total:                         84     620       8      
                                                              
    ../driverlib.lib
       sysctl.obj                     250    0         0      
       flash.obj                      152    0         0      
    +--+------------------------------+------+---------+---------+
       Total:                         402    0         0      
                                                              
    C:\ti\ccs920\ccs\tools\compiler\ti-cgt-arm_18.12.3.LTS\lib\rtsv7M4_T_le_v4SPD16_eabi.lib
       autoinit.c.obj                 68     0         0      
       boot_cortex_m.c.obj            52     0         0      
       copy_zero_init.c.obj           28     0         0      
       exit.c.obj                     4      0         0      
       pre_init.c.obj                 4      0         0      
    +--+------------------------------+------+---------+---------+
       Total:                         156    0         0      
                                                              
       Stack:                         0      0         512    
       Linker Generated:              0      20        0      
    +--+------------------------------+------+---------+---------+
       Grand Total:                   642    640       520    


LINKER GENERATED COPY TABLES

__TI_cinit_table @ 000004fc records: 1, size/record: 8, table size: 8
	.bss: load addr=000004f0, load size=00000008 bytes, run addr=20000200, run size=00000008 bytes, compression=zero_init


LINKER GENERATED HANDLER TABLE

__TI_handler_table @ 000004f8 records: 1, size/record: 4, table size: 4
	index: 0, handler: __TI_zero_init


GLOBAL SYMBOLS: SORTED ALPHABETICALLY BY Name 

address   name                          
-------   ----                          
000004eb  C$$EXIT                       
20000200  Data                          
00000489  FlashErase                    
00000361  FlashProgram                  
000004d5  ResetISR                      
0000026d  SysCtlClockSet                
000004e1  SysCtlDelay                   
20000200  __STACK_END                   
00000200  __STACK_SIZE                  
20000200  __STACK_TOP                   
000004fc  __TI_CINIT_Base               
00000504  __TI_CINIT_Limit              
000004f8  __TI_Handler_Table_Base       
000004fc  __TI_Handler_Table_Limit      
00000411  __TI_auto_init_nobinit_nopinit
ffffffff  __TI_pprof_out_hndl           
ffffffff  __TI_prof_data_size           
ffffffff  __TI_prof_data_start          
00000000  __TI_static_base__            
000004b9  __TI_zero_init_nomemset       
ffffffff  __binit__                     
ffffffff  __c_args__                    
UNDEFED   __mpu_init                    
20000000  __stack                       
00000455  _c_int00_noargs               
UNDEFED   _system_post_cinit            
000004e7  _system_pre_init              
000004eb  abort                         
ffffffff  binit                         
00000000  g_pfnVectors                  
000003c9  main                          


GLOBAL SYMBOLS: SORTED BY Symbol Address 

address   name                          
-------   ----                          
00000000  __TI_static_base__            
00000000  g_pfnVectors                  
00000200  __STACK_SIZE                  
0000026d  SysCtlClockSet                
00000361  FlashProgram                  
000003c9  main                          
00000411  __TI_auto_init_nobinit_nopinit
00000455  _c_int00_noargs               
00000489  FlashErase                    
000004b9  __TI_zero_init_nomemset       
000004d5  ResetISR                      
000004e1  SysCtlDelay                   
000004e7  _system_pre_init              
000004eb  C$$EXIT                       
000004eb  abort                         
000004f8  __TI_Handler_Table_Base       
000004fc  __TI_CINIT_Base               
000004fc  __TI_Handler_Table_Limit      
00000504  __TI_CINIT_Limit              
20000000  __stack                       
20000200  Data                          
20000200  __STACK_END                   
20000200  __STACK_TOP                   
ffffffff  __TI_pprof_out_hndl           
ffffffff  __TI_prof_data_size           
ffffffff  __TI_prof_data_start          
ffffffff  __binit__                     
ffffffff  __c_args__                    
ffffffff  binit                         
UNDEFED   __mpu_init                    
UNDEFED   _system_post_cinit            

[31 symbols]
