******************************************************************************
                  TI ARM Linker PC v18.12.3                    
******************************************************************************
>> Linked Mon Feb 21 11:06:00 2022

OUTPUT FILE NAME:   <Timer_64bit.out>
ENTRY POINT SYMBOL: "_c_int00_noargs"  address: 00000899


MEMORY CONFIGURATION

         name            origin    length      used     unused   attr    fill
----------------------  --------  ---------  --------  --------  ----  --------
  FLASH                 00000000   00040000  00000aa4  0003f55c  R  X
  SRAM                  20000000   00008000  0000048c  00007b74  RW X


SEGMENT ALLOCATION MAP

run origin  load origin   length   init length attrs members
----------  ----------- ---------- ----------- ----- -------
00000000    00000000    00000aa8   00000aa8    r-x
  00000000    00000000    0000026c   0000026c    r-- .intvecs
  0000026c    0000026c    00000734   00000734    r-x .text
  000009a0    000009a0    000000b4   000000b4    r-- .const
  00000a58    00000a58    00000050   00000050    r-- .cinit
20000000    20000000    00000490   00000000    rw-
  20000000    20000000    0000026c   00000000    rw- .vtable
  20000270    20000270    00000200   00000000    rw- .stack
  20000470    20000470    00000018   00000000    rw- .data
  20000488    20000488    00000008   00000000    rw- .bss


SECTION ALLOCATION MAP

 output                                  attributes/
section   page    origin      length       input sections
--------  ----  ----------  ----------   ----------------
.intvecs   0    00000000    0000026c     
                  00000000    0000026c     tm4c123gh6pm_startup_ccs.obj (.intvecs)

.text      0    0000026c    00000734     
                  0000026c    0000016c     driverlib.lib : gpio.obj (.text:GPIOPadConfigSet)
                  000003d8    00000108     main.obj (.text)
                  000004e0    000000f4     driverlib.lib : sysctl.obj (.text:SysCtlClockSet)
                  000005d4    0000009c     rtsv7M4_T_le_v4SPD16_eabi.lib : memcpy_t2.asm.obj (.text)
                  00000670    00000068     driverlib.lib : interrupt.obj (.text:IntEnable)
                  000006d8    00000068     rtsv7M4_T_le_v4SPD16_eabi.lib : copy_decompress_lzss.c.obj (.text:decompress:lzss:__TI_decompress_lzss)
                  00000740    00000060     driverlib.lib : timer.obj (.text:TimerConfigure)
                  000007a0    0000004c                   : timer.obj (.text:_TimerIntNumberGet)
                  000007ec    00000044     rtsv7M4_T_le_v4SPD16_eabi.lib : autoinit.c.obj (.text:__TI_auto_init_nobinit_nopinit:__TI_auto_init_nobinit_nopinit)
                  00000830    00000034     driverlib.lib : interrupt.obj (.text:IntRegister)
                  00000864    00000034                   : sysctl.obj (.text:SysCtlPeripheralEnable)
                  00000898    00000034     rtsv7M4_T_le_v4SPD16_eabi.lib : boot_cortex_m.c.obj (.text:_c_int00_noargs:_c_int00_noargs)
                  000008cc    0000002c     driverlib.lib : gpio.obj (.text:GPIODirModeSet)
                  000008f8    0000001c     rtsv7M4_T_le_v4SPD16_eabi.lib : copy_zero_init.c.obj (.text:decompress:ZI:__TI_zero_init_nomemset:__TI_zero_init_nomemset)
                  00000914    0000001a     driverlib.lib : gpio.obj (.text:GPIOPinTypeGPIOOutput)
                  0000092e    00000018                   : timer.obj (.text:TimerIntRegister)
                  00000946    00000012                   : timer.obj (.text:TimerLoadSet)
                  00000958    0000000e                   : timer.obj (.text:TimerEnable)
                  00000966    0000000e     rtsv7M4_T_le_v4SPD16_eabi.lib : copy_decompress_none.c.obj (.text:decompress:none:__TI_decompress_none)
                  00000974    0000000c     tm4c123gh6pm_startup_ccs.obj (.text)
                  00000980    00000008     driverlib.lib : timer.obj (.text:TimerIntEnable)
                  00000988    00000006                   : gpio.obj (.text:GPIOPinWrite)
                  0000098e    00000006                   : sysctl.obj (.text:SysCtlDelay)
                  00000994    00000004                   : timer.obj (.text:TimerIntClear)
                  00000998    00000004     rtsv7M4_T_le_v4SPD16_eabi.lib : pre_init.c.obj (.text:_system_pre_init)
                  0000099c    00000004                                   : exit.c.obj (.text:abort:abort)

.const     0    000009a0    000000b4     
                  000009a0    00000060     driverlib.lib : timer.obj (.const:g_ppui32TimerIntMap)
                  00000a00    00000040                   : timer.obj (.const:g_ppui32TimerIntMapSnowflake)
                  00000a40    00000014                   : interrupt.obj (.const:g_pui32EnRegs)

.cinit     0    00000a58    00000050     
                  00000a58    00000016     (.cinit..data.load) [load image, compression = lzss]
                  00000a6e    00000002     --HOLE-- [fill = 0]
                  00000a70    0000000c     (__TI_handler_table)
                  00000a7c    00000004     --HOLE-- [fill = 0]
                  00000a80    00000008     (.cinit..bss.load) [load image, compression = zero_init]
                  00000a88    00000008     (.cinit..vtable.load) [load image, compression = zero_init]
                  00000a90    00000018     (__TI_cinit_table)

.init_array 
*          0    00000000    00000000     UNINITIALIZED

.vtable    0    20000000    0000026c     UNINITIALIZED
                  20000000    0000026c     driverlib.lib : interrupt.obj (.vtable)

.data      0    20000470    00000018     UNINITIALIZED
                  20000470    00000018     main.obj (.data)

.bss       0    20000488    00000008     UNINITIALIZED
                  20000488    00000004     (.common:Timer_1_Value)
                  2000048c    00000004     (.common:Timer_2_Value)

.stack     0    20000270    00000200     UNINITIALIZED
                  20000270    00000004     rtsv7M4_T_le_v4SPD16_eabi.lib : boot_cortex_m.c.obj (.stack)
                  20000274    000001fc     --HOLE--

MODULE SUMMARY

       Module                         code   ro data   rw data
       ------                         ----   -------   -------
    .\
       tm4c123gh6pm_startup_ccs.obj   12     620       0      
       main.obj                       264    0         32     
    +--+------------------------------+------+---------+---------+
       Total:                         276    620       32     
                                                              
    ../driverlib.lib
       interrupt.obj                  156    20        620    
       gpio.obj                       440    0         0      
       timer.obj                      240    160       0      
       sysctl.obj                     302    0         0      
    +--+------------------------------+------+---------+---------+
       Total:                         1138   180       620    
                                                              
    C:\ti\ccs920\ccs\tools\compiler\ti-cgt-arm_18.12.3.LTS\lib\rtsv7M4_T_le_v4SPD16_eabi.lib
       memcpy_t2.asm.obj              156    0         0      
       copy_decompress_lzss.c.obj     104    0         0      
       autoinit.c.obj                 68     0         0      
       boot_cortex_m.c.obj            52     0         0      
       copy_zero_init.c.obj           28     0         0      
       copy_decompress_none.c.obj     14     0         0      
       exit.c.obj                     4      0         0      
       pre_init.c.obj                 4      0         0      
    +--+------------------------------+------+---------+---------+
       Total:                         430    0         0      
                                                              
       Stack:                         0      0         512    
       Linker Generated:              0      74        0      
    +--+------------------------------+------+---------+---------+
       Grand Total:                   1844   874       1164   


LINKER GENERATED COPY TABLES

__TI_cinit_table @ 00000a90 records: 3, size/record: 8, table size: 24
	.data: load addr=00000a58, load size=00000016 bytes, run addr=20000470, run size=00000018 bytes, compression=lzss
	.bss: load addr=00000a80, load size=00000008 bytes, run addr=20000488, run size=00000008 bytes, compression=zero_init
	.vtable: load addr=00000a88, load size=00000008 bytes, run addr=20000000, run size=0000026c bytes, compression=zero_init


LINKER GENERATED HANDLER TABLE

__TI_handler_table @ 00000a70 records: 3, size/record: 4, table size: 12
	index: 0, handler: __TI_zero_init
	index: 1, handler: __TI_decompress_lzss
	index: 2, handler: __TI_decompress_none


GLOBAL SYMBOLS: SORTED ALPHABETICALLY BY Name 

address   name                          
-------   ----                          
0000099d  C$$EXIT                       
000008cd  GPIODirModeSet                
0000026d  GPIOPadConfigSet              
00000915  GPIOPinTypeGPIOOutput         
00000989  GPIOPinWrite                  
00000671  IntEnable                     
00000831  IntRegister                   
20000480  Period                        
00000975  ResetISR                      
000004e1  SysCtlClockSet                
0000098f  SysCtlDelay                   
00000865  SysCtlPeripheralEnable        
00000441  Timer0IntHandler              
00000741  TimerConfigure                
00000959  TimerEnable                   
00000995  TimerIntClear                 
00000981  TimerIntEnable                
0000092f  TimerIntRegister              
00000947  TimerLoadSet                  
20000488  Timer_1_Value                 
2000048c  Timer_2_Value                 
00000491  Timer_B_ISR                   
20000470  __STACK_END                   
00000200  __STACK_SIZE                  
20000470  __STACK_TOP                   
00000a90  __TI_CINIT_Base               
00000aa8  __TI_CINIT_Limit              
00000a70  __TI_Handler_Table_Base       
00000a7c  __TI_Handler_Table_Limit      
000007ed  __TI_auto_init_nobinit_nopinit
000006d9  __TI_decompress_lzss          
00000967  __TI_decompress_none          
ffffffff  __TI_pprof_out_hndl           
ffffffff  __TI_prof_data_size           
ffffffff  __TI_prof_data_start          
00000000  __TI_static_base__            
000008f9  __TI_zero_init_nomemset       
000005d5  __aeabi_memcpy                
000005d5  __aeabi_memcpy4               
000005d5  __aeabi_memcpy8               
ffffffff  __binit__                     
ffffffff  __c_args__                    
UNDEFED   __mpu_init                    
20000270  __stack                       
00000899  _c_int00_noargs               
UNDEFED   _system_post_cinit            
00000999  _system_pre_init              
0000099d  abort                         
ffffffff  binit                         
20000000  g_pfnRAMVectors               
00000000  g_pfnVectors                  
20000470  i                             
000003d9  main                          
000005d5  memcpy                        
20000484  resister_size                 
20000478  sec                           


GLOBAL SYMBOLS: SORTED BY Symbol Address 

address   name                          
-------   ----                          
00000000  __TI_static_base__            
00000000  g_pfnVectors                  
00000200  __STACK_SIZE                  
0000026d  GPIOPadConfigSet              
000003d9  main                          
00000441  Timer0IntHandler              
00000491  Timer_B_ISR                   
000004e1  SysCtlClockSet                
000005d5  __aeabi_memcpy                
000005d5  __aeabi_memcpy4               
000005d5  __aeabi_memcpy8               
000005d5  memcpy                        
00000671  IntEnable                     
000006d9  __TI_decompress_lzss          
00000741  TimerConfigure                
000007ed  __TI_auto_init_nobinit_nopinit
00000831  IntRegister                   
00000865  SysCtlPeripheralEnable        
00000899  _c_int00_noargs               
000008cd  GPIODirModeSet                
000008f9  __TI_zero_init_nomemset       
00000915  GPIOPinTypeGPIOOutput         
0000092f  TimerIntRegister              
00000947  TimerLoadSet                  
00000959  TimerEnable                   
00000967  __TI_decompress_none          
00000975  ResetISR                      
00000981  TimerIntEnable                
00000989  GPIOPinWrite                  
0000098f  SysCtlDelay                   
00000995  TimerIntClear                 
00000999  _system_pre_init              
0000099d  C$$EXIT                       
0000099d  abort                         
00000a70  __TI_Handler_Table_Base       
00000a7c  __TI_Handler_Table_Limit      
00000a90  __TI_CINIT_Base               
00000aa8  __TI_CINIT_Limit              
20000000  g_pfnRAMVectors               
20000270  __stack                       
20000470  __STACK_END                   
20000470  __STACK_TOP                   
20000470  i                             
20000478  sec                           
20000480  Period                        
20000484  resister_size                 
20000488  Timer_1_Value                 
2000048c  Timer_2_Value                 
ffffffff  __TI_pprof_out_hndl           
ffffffff  __TI_prof_data_size           
ffffffff  __TI_prof_data_start          
ffffffff  __binit__                     
ffffffff  __c_args__                    
ffffffff  binit                         
UNDEFED   __mpu_init                    
UNDEFED   _system_post_cinit            

[56 symbols]
