******************************************************************************
                  TI ARM Linker PC v18.12.3                    
******************************************************************************
>> Linked Tue Jan 12 18:49:25 2021

OUTPUT FILE NAME:   <Lab_Polling_switch.out>
ENTRY POINT SYMBOL: "_c_int00_noinit_noargs"  address: 00000595


MEMORY CONFIGURATION

         name            origin    length      used     unused   attr    fill
----------------------  --------  ---------  --------  --------  ----  --------
  FLASH                 00000000   00040000  00000616  0003f9ea  R  X
  SRAM                  20000000   00008000  00000200  00007e00  RW X


SEGMENT ALLOCATION MAP

run origin  load origin   length   init length attrs members
----------  ----------- ---------- ----------- ----- -------
00000000    00000000    00000616   00000616    r-x
  00000000    00000000    0000026c   0000026c    r-- .intvecs
  0000026c    0000026c    000003aa   000003aa    r-x .text
20000000    20000000    00000200   00000000    rw-
  20000000    20000000    00000200   00000000    rw- .stack


SECTION ALLOCATION MAP

 output                                  attributes/
section   page    origin      length       input sections
--------  ----  ----------  ----------   ----------------
.intvecs   0    00000000    0000026c     
                  00000000    0000026c     tm4c123gh6pm_startup_ccs.obj (.intvecs)

.text      0    0000026c    000003aa     
                  0000026c    0000016c     driverlib.lib : gpio.obj (.text:GPIOPadConfigSet)
                  000003d8    000000f4                   : sysctl.obj (.text:SysCtlClockSet)
                  000004cc    00000068     main.obj (.text)
                  00000534    00000034     driverlib.lib : sysctl.obj (.text:SysCtlPeripheralEnable)
                  00000568    0000002c                   : gpio.obj (.text:GPIODirModeSet)
                  00000594    0000002c     rtsv7M4_T_le_v4SPD16_eabi.lib : boot_cortex_m.c.obj (.text:_c_int00_noinit_noargs:_c_int00_noinit_noargs)
                  000005c0    0000001a     driverlib.lib : gpio.obj (.text:GPIOPinTypeGPIOOutput)
                  000005da    00000016                   : gpio.obj (.text:GPIOPinTypeGPIOInput)
                  000005f0    0000000c     tm4c123gh6pm_startup_ccs.obj (.text)
                  000005fc    00000006     driverlib.lib : gpio.obj (.text:GPIOPinRead)
                  00000602    00000006                   : gpio.obj (.text:GPIOPinWrite)
                  00000608    00000006                   : sysctl.obj (.text:SysCtlDelay)
                  0000060e    00000004     rtsv7M4_T_le_v4SPD16_eabi.lib : pre_init.c.obj (.text:_system_pre_init)
                  00000612    00000004                                   : exit.c.obj (.text:abort:abort)

.cinit     0    00000000    00000000     UNINITIALIZED

.init_array 
*          0    00000000    00000000     UNINITIALIZED

.stack     0    20000000    00000200     UNINITIALIZED
                  20000000    00000004     rtsv7M4_T_le_v4SPD16_eabi.lib : boot_cortex_m.c.obj (.stack)
                  20000004    000001fc     --HOLE--

MODULE SUMMARY

       Module                         code   ro data   rw data
       ------                         ----   -------   -------
    .\
       tm4c123gh6pm_startup_ccs.obj   12     620       0      
       main.obj                       104    0         0      
    +--+------------------------------+------+---------+---------+
       Total:                         116    620       0      
                                                              
    ../driverlib.lib
       gpio.obj                       468    0         0      
       sysctl.obj                     302    0         0      
    +--+------------------------------+------+---------+---------+
       Total:                         770    0         0      
                                                              
    C:\ti\ccs920\ccs\tools\compiler\ti-cgt-arm_18.12.3.LTS\lib\rtsv7M4_T_le_v4SPD16_eabi.lib
       boot_cortex_m.c.obj            44     0         0      
       exit.c.obj                     4      0         0      
       pre_init.c.obj                 4      0         0      
    +--+------------------------------+------+---------+---------+
       Total:                         52     0         0      
                                                              
       Stack:                         0      0         512    
    +--+------------------------------+------+---------+---------+
       Grand Total:                   938    620       512    


GLOBAL SYMBOLS: SORTED ALPHABETICALLY BY Name 

address   name                  
-------   ----                  
00000613  C$$EXIT               
00000569  GPIODirModeSet        
0000026d  GPIOPadConfigSet      
000005fd  GPIOPinRead           
000005db  GPIOPinTypeGPIOInput  
000005c1  GPIOPinTypeGPIOOutput 
00000603  GPIOPinWrite          
000005f1  ResetISR              
000003d9  SysCtlClockSet        
00000609  SysCtlDelay           
00000535  SysCtlPeripheralEnable
20000200  __STACK_END           
00000200  __STACK_SIZE          
20000200  __STACK_TOP           
ffffffff  __TI_pprof_out_hndl   
ffffffff  __TI_prof_data_size   
ffffffff  __TI_prof_data_start  
00000000  __TI_static_base__    
ffffffff  __binit__             
ffffffff  __c_args__            
UNDEFED   __mpu_init            
20000000  __stack               
00000595  _c_int00_noinit_noargs
0000060f  _system_pre_init      
00000613  abort                 
ffffffff  binit                 
00000000  g_pfnVectors          
000004cd  main                  


GLOBAL SYMBOLS: SORTED BY Symbol Address 

address   name                  
-------   ----                  
00000000  __TI_static_base__    
00000000  g_pfnVectors          
00000200  __STACK_SIZE          
0000026d  GPIOPadConfigSet      
000003d9  SysCtlClockSet        
000004cd  main                  
00000535  SysCtlPeripheralEnable
00000569  GPIODirModeSet        
00000595  _c_int00_noinit_noargs
000005c1  GPIOPinTypeGPIOOutput 
000005db  GPIOPinTypeGPIOInput  
000005f1  ResetISR              
000005fd  GPIOPinRead           
00000603  GPIOPinWrite          
00000609  SysCtlDelay           
0000060f  _system_pre_init      
00000613  C$$EXIT               
00000613  abort                 
20000000  __stack               
20000200  __STACK_END           
20000200  __STACK_TOP           
ffffffff  __TI_pprof_out_hndl   
ffffffff  __TI_prof_data_size   
ffffffff  __TI_prof_data_start  
ffffffff  __binit__             
ffffffff  __c_args__            
ffffffff  binit                 
UNDEFED   __mpu_init            

[28 symbols]
