******************************************************************************
                  TI ARM Linker PC v18.12.3                    
******************************************************************************
>> Linked Tue Oct 11 16:53:11 2022

OUTPUT FILE NAME:   <I2C_LDR.out>
ENTRY POINT SYMBOL: "_c_int00_noargs"  address: 00000f55


MEMORY CONFIGURATION

         name            origin    length      used     unused   attr    fill
----------------------  --------  ---------  --------  --------  ----  --------
  FLASH                 00000000   00040000  000011d6  0003ee2a  R  X
  SRAM                  20000000   00008000  00000205  00007dfb  RW X


SEGMENT ALLOCATION MAP

run origin  load origin   length   init length attrs members
----------  ----------- ---------- ----------- ----- -------
00000000    00000000    000011d8   000011d8    r-x
  00000000    00000000    0000026c   0000026c    r-- .intvecs
  0000026c    0000026c    00000e26   00000e26    r-x .text
  00001094    00001094    0000012c   0000012c    r-- .const
  000011c0    000011c0    00000018   00000018    r-- .cinit
20000000    20000000    00000205   00000000    rw-
  20000000    20000000    00000200   00000000    rw- .stack
  20000200    20000200    00000005   00000000    rw- .data


SECTION ALLOCATION MAP

 output                                  attributes/
section   page    origin      length       input sections
--------  ----  ----------  ----------   ----------------
.intvecs   0    00000000    0000026c     
                  00000000    0000026c     tm4c123gh6pm_startup_ccs.obj (.intvecs)

.text      0    0000026c    00000e26     
                  0000026c    0000064c     main.obj (.text)
                  000008b8    0000016c     driverlib.lib : gpio.obj (.text:GPIOPadConfigSet)
                  00000a24    00000118                   : sysctl.obj (.text:SysCtlClockGet)
                  00000b3c    000000f4                   : sysctl.obj (.text:SysCtlClockSet)
                  00000c30    0000009c     rtsv7M4_T_le_v4SPD16_eabi.lib : memcpy_t2.asm.obj (.text)
                  00000ccc    00000068                                   : copy_decompress_lzss.c.obj (.text:decompress:lzss:__TI_decompress_lzss)
                  00000d34    00000050     driverlib.lib : sysctl.obj (.text:SysCtlPeripheralReset)
                  00000d84    0000004c                   : gpio.obj (.text:GPIOPinConfigure)
                  00000dd0    0000004c                   : i2c.obj (.text:I2CMasterInitExpClk)
                  00000e1c    00000046                   : uart.obj (.text:UARTConfigSetExpClk)
                  00000e62    00000002     rtsv7M4_T_le_v4SPD16_eabi.lib : div0.asm.obj (.text)
                  00000e64    00000044                                   : autoinit.c.obj (.text:__TI_auto_init_nobinit_nopinit:__TI_auto_init_nobinit_nopinit)
                  00000ea8    00000040                                   : u_divt2.asm.obj (.text)
                  00000ee8    00000038     driverlib.lib : sysctl.obj (.text:SysCtlPeripheralPresent)
                  00000f20    00000034                   : sysctl.obj (.text:SysCtlPeripheralEnable)
                  00000f54    00000034     rtsv7M4_T_le_v4SPD16_eabi.lib : boot_cortex_m.c.obj (.text:_c_int00_noargs:_c_int00_noargs)
                  00000f88    0000002c     driverlib.lib : gpio.obj (.text:GPIODirModeSet)
                  00000fb4    00000020                   : uart.obj (.text:UARTDisable)
                  00000fd4    00000016                   : gpio.obj (.text:GPIOPinTypeI2C)
                  00000fea    00000016                   : gpio.obj (.text:GPIOPinTypeI2CSCL)
                  00001000    00000016                   : gpio.obj (.text:GPIOPinTypeUART)
                  00001016    00000014                   : uart.obj (.text:UARTEnable)
                  0000102a    0000000e     rtsv7M4_T_le_v4SPD16_eabi.lib : copy_decompress_none.c.obj (.text:decompress:none:__TI_decompress_none)
                  00001038    0000000c     tm4c123gh6pm_startup_ccs.obj (.text)
                  00001044    0000000a     driverlib.lib : i2c.obj (.text:I2CMasterEnable)
                  0000104e    0000000a                   : uart.obj (.text:UARTCharGet)
                  00001058    0000000a                   : uart.obj (.text:UARTCharPut)
                  00001062    00000008                   : i2c.obj (.text:I2CMasterBusy)
                  0000106a    00000008                   : i2c.obj (.text:I2CMasterSlaveAddrSet)
                  00001072    00000006                   : sysctl.obj (.text:SysCtlDelay)
                  00001078    00000006                   : uart.obj (.text:UARTClockSourceSet)
                  0000107e    00000004                   : i2c.obj (.text:I2CMasterControl)
                  00001082    00000004                   : i2c.obj (.text:I2CMasterDataGet)
                  00001086    00000004                   : i2c.obj (.text:I2CMasterDataPut)
                  0000108a    00000004     rtsv7M4_T_le_v4SPD16_eabi.lib : pre_init.c.obj (.text:_system_pre_init)
                  0000108e    00000004                                   : exit.c.obj (.text:abort:abort)

.const     0    00001094    0000012c     
                  00001094    00000090     driverlib.lib : gpio.obj (.const:g_pui32GPIOBaseAddrs)
                  00001124    0000006c                   : sysctl.obj (.const:g_pui32Xtals)
                  00001190    00000012     main.obj (.const:.string)
                  000011a2    00000002     --HOLE-- [fill = 0]
                  000011a4    0000000c     main.obj (.const:g_ui32UARTBase)
                  000011b0    0000000c     main.obj (.const:g_ui32UARTPeriph)
                  000011bc    00000004     main.obj (.const)

.cinit     0    000011c0    00000018     
                  000011c0    00000008     (__TI_handler_table)
                  000011c8    00000007     (.cinit..data.load) [load image, compression = lzss]
                  000011cf    00000001     --HOLE-- [fill = 0]
                  000011d0    00000008     (__TI_cinit_table)

.init_array 
*          0    00000000    00000000     UNINITIALIZED

.data      0    20000200    00000005     UNINITIALIZED
                  20000200    00000005     main.obj (.data)

.stack     0    20000000    00000200     UNINITIALIZED
                  20000000    00000004     rtsv7M4_T_le_v4SPD16_eabi.lib : boot_cortex_m.c.obj (.stack)
                  20000004    000001fc     --HOLE--

MODULE SUMMARY

       Module                         code   ro data   rw data
       ------                         ----   -------   -------
    .\
       main.obj                       1612   46        5      
       tm4c123gh6pm_startup_ccs.obj   12     620       0      
    +--+------------------------------+------+---------+---------+
       Total:                         1624   666       5      
                                                              
    ../driverlib.lib
       sysctl.obj                     718    108       0      
       gpio.obj                       550    144       0      
       uart.obj                       148    0         0      
       i2c.obj                        114    0         0      
    +--+------------------------------+------+---------+---------+
       Total:                         1530   252       0      
                                                              
    C:\ti\ccs920\ccs\tools\compiler\ti-cgt-arm_18.12.3.LTS\lib\rtsv7M4_T_le_v4SPD16_eabi.lib
       memcpy_t2.asm.obj              156    0         0      
       copy_decompress_lzss.c.obj     104    0         0      
       autoinit.c.obj                 68     0         0      
       u_divt2.asm.obj                64     0         0      
       boot_cortex_m.c.obj            52     0         0      
       copy_decompress_none.c.obj     14     0         0      
       exit.c.obj                     4      0         0      
       pre_init.c.obj                 4      0         0      
       div0.asm.obj                   2      0         0      
    +--+------------------------------+------+---------+---------+
       Total:                         468    0         0      
                                                              
       Stack:                         0      0         512    
       Linker Generated:              0      23        0      
    +--+------------------------------+------+---------+---------+
       Grand Total:                   3622   941       517    


LINKER GENERATED COPY TABLES

__TI_cinit_table @ 000011d0 records: 1, size/record: 8, table size: 8
	.data: load addr=000011c8, load size=00000007 bytes, run addr=20000200, run size=00000005 bytes, compression=lzss


LINKER GENERATED HANDLER TABLE

__TI_handler_table @ 000011c0 records: 2, size/record: 4, table size: 8
	index: 0, handler: __TI_decompress_lzss
	index: 1, handler: __TI_decompress_none


GLOBAL SYMBOLS: SORTED ALPHABETICALLY BY Name 

address   name                          
-------   ----                          
0000108f  C$$EXIT                       
00000f89  GPIODirModeSet                
000008b9  GPIOPadConfigSet              
00000d85  GPIOPinConfigure              
00000fd5  GPIOPinTypeI2C                
00000feb  GPIOPinTypeI2CSCL             
00001001  GPIOPinTypeUART               
00001063  I2CMasterBusy                 
0000107f  I2CMasterControl              
00001083  I2CMasterDataGet              
00001087  I2CMasterDataPut              
00001045  I2CMasterEnable               
00000dd1  I2CMasterInitExpClk           
0000106b  I2CMasterSlaveAddrSet         
00000703  I2C_Init                      
0000078f  I2C_Read                      
00000743  I2C_Write                     
000007e3  InitConsole                   
00001039  ResetISR                      
00000a25  SysCtlClockGet                
00000b3d  SysCtlClockSet                
00001073  SysCtlDelay                   
00000f21  SysCtlPeripheralEnable        
00000ee9  SysCtlPeripheralPresent       
00000d35  SysCtlPeripheralReset         
0000104f  UARTCharGet                   
00001059  UARTCharPut                   
00001079  UARTClockSourceSet            
00000e1d  UARTConfigSetExpClk           
00000fb5  UARTDisable                   
00001017  UARTEnable                    
0000026d  UARTStdioConfig               
000003bd  UARTgetc                      
00000303  UARTgets                      
000006df  UARTprintf                    
000003e5  UARTvprintf                   
000002b3  UARTwrite                     
20000200  __STACK_END                   
00000200  __STACK_SIZE                  
20000200  __STACK_TOP                   
000011d0  __TI_CINIT_Base               
000011d8  __TI_CINIT_Limit              
000011c0  __TI_Handler_Table_Base       
000011c8  __TI_Handler_Table_Limit      
00000e65  __TI_auto_init_nobinit_nopinit
00000ccd  __TI_decompress_lzss          
0000102b  __TI_decompress_none          
ffffffff  __TI_pprof_out_hndl           
ffffffff  __TI_prof_data_size           
ffffffff  __TI_prof_data_start          
00000000  __TI_static_base__            
00000e63  __aeabi_idiv0                 
00000e63  __aeabi_ldiv0                 
00000c31  __aeabi_memcpy                
00000c31  __aeabi_memcpy4               
00000c31  __aeabi_memcpy8               
00000ea9  __aeabi_uidiv                 
00000ea9  __aeabi_uidivmod              
ffffffff  __binit__                     
ffffffff  __c_args__                    
UNDEFED   __mpu_init                    
20000000  __stack                       
00000f55  _c_int00_noargs               
UNDEFED   _system_post_cinit            
0000108b  _system_pre_init              
0000108f  abort                         
ffffffff  binit                         
00000000  g_pfnVectors                  
0000081f  main                          
00000c31  memcpy                        


GLOBAL SYMBOLS: SORTED BY Symbol Address 

address   name                          
-------   ----                          
00000000  __TI_static_base__            
00000000  g_pfnVectors                  
00000200  __STACK_SIZE                  
0000026d  UARTStdioConfig               
000002b3  UARTwrite                     
00000303  UARTgets                      
000003bd  UARTgetc                      
000003e5  UARTvprintf                   
000006df  UARTprintf                    
00000703  I2C_Init                      
00000743  I2C_Write                     
0000078f  I2C_Read                      
000007e3  InitConsole                   
0000081f  main                          
000008b9  GPIOPadConfigSet              
00000a25  SysCtlClockGet                
00000b3d  SysCtlClockSet                
00000c31  __aeabi_memcpy                
00000c31  __aeabi_memcpy4               
00000c31  __aeabi_memcpy8               
00000c31  memcpy                        
00000ccd  __TI_decompress_lzss          
00000d35  SysCtlPeripheralReset         
00000d85  GPIOPinConfigure              
00000dd1  I2CMasterInitExpClk           
00000e1d  UARTConfigSetExpClk           
00000e63  __aeabi_idiv0                 
00000e63  __aeabi_ldiv0                 
00000e65  __TI_auto_init_nobinit_nopinit
00000ea9  __aeabi_uidiv                 
00000ea9  __aeabi_uidivmod              
00000ee9  SysCtlPeripheralPresent       
00000f21  SysCtlPeripheralEnable        
00000f55  _c_int00_noargs               
00000f89  GPIODirModeSet                
00000fb5  UARTDisable                   
00000fd5  GPIOPinTypeI2C                
00000feb  GPIOPinTypeI2CSCL             
00001001  GPIOPinTypeUART               
00001017  UARTEnable                    
0000102b  __TI_decompress_none          
00001039  ResetISR                      
00001045  I2CMasterEnable               
0000104f  UARTCharGet                   
00001059  UARTCharPut                   
00001063  I2CMasterBusy                 
0000106b  I2CMasterSlaveAddrSet         
00001073  SysCtlDelay                   
00001079  UARTClockSourceSet            
0000107f  I2CMasterControl              
00001083  I2CMasterDataGet              
00001087  I2CMasterDataPut              
0000108b  _system_pre_init              
0000108f  C$$EXIT                       
0000108f  abort                         
000011c0  __TI_Handler_Table_Base       
000011c8  __TI_Handler_Table_Limit      
000011d0  __TI_CINIT_Base               
000011d8  __TI_CINIT_Limit              
20000000  __stack                       
20000200  __STACK_END                   
20000200  __STACK_TOP                   
ffffffff  __TI_pprof_out_hndl           
ffffffff  __TI_prof_data_size           
ffffffff  __TI_prof_data_start          
ffffffff  __binit__                     
ffffffff  __c_args__                    
ffffffff  binit                         
UNDEFED   __mpu_init                    
UNDEFED   _system_post_cinit            

[70 symbols]
