******************************************************************************
                  TI ARM Linker PC v18.12.3                    
******************************************************************************
>> Linked Tue Oct 11 17:54:09 2022

OUTPUT FILE NAME:   <I2C_PCF8591.out>
ENTRY POINT SYMBOL: "_c_int00_noargs"  address: 00000f51


MEMORY CONFIGURATION

         name            origin    length      used     unused   attr    fill
----------------------  --------  ---------  --------  --------  ----  --------
  FLASH                 00000000   00040000  000011d2  0003ee2e  R  X
  SRAM                  20000000   00008000  00000205  00007dfb  RW X


SEGMENT ALLOCATION MAP

run origin  load origin   length   init length attrs members
----------  ----------- ---------- ----------- ----- -------
00000000    00000000    000011d8   000011d8    r-x
  00000000    00000000    0000026c   0000026c    r-- .intvecs
  0000026c    0000026c    00000e22   00000e22    r-x .text
  00001090    00001090    0000012c   0000012c    r-- .const
  000011c0    000011c0    00000018   00000018    r-- .cinit
20000000    20000000    00000205   00000000    rw-
  20000000    20000000    00000200   00000000    rw- .stack
  20000200    20000200    00000005   00000000    rw- .data


SECTION ALLOCATION MAP

 output                                  attributes/
section   page    origin      length       input sections
--------  ----  ----------  ----------   ----------------
.intvecs   0    00000000    0000026c     
                  00000000    0000026c     tm4c123gh6pm_startup_ccs.obj (.intvecs)

.text      0    0000026c    00000e22     
                  0000026c    00000648     main.obj (.text)
                  000008b4    0000016c     driverlib.lib : gpio.obj (.text:GPIOPadConfigSet)
                  00000a20    00000118                   : sysctl.obj (.text:SysCtlClockGet)
                  00000b38    000000f4                   : sysctl.obj (.text:SysCtlClockSet)
                  00000c2c    0000009c     rtsv7M4_T_le_v4SPD16_eabi.lib : memcpy_t2.asm.obj (.text)
                  00000cc8    00000068                                   : copy_decompress_lzss.c.obj (.text:decompress:lzss:__TI_decompress_lzss)
                  00000d30    00000050     driverlib.lib : sysctl.obj (.text:SysCtlPeripheralReset)
                  00000d80    0000004c                   : gpio.obj (.text:GPIOPinConfigure)
                  00000dcc    0000004c                   : i2c.obj (.text:I2CMasterInitExpClk)
                  00000e18    00000046                   : uart.obj (.text:UARTConfigSetExpClk)
                  00000e5e    00000002     rtsv7M4_T_le_v4SPD16_eabi.lib : div0.asm.obj (.text)
                  00000e60    00000044                                   : autoinit.c.obj (.text:__TI_auto_init_nobinit_nopinit:__TI_auto_init_nobinit_nopinit)
                  00000ea4    00000040                                   : u_divt2.asm.obj (.text)
                  00000ee4    00000038     driverlib.lib : sysctl.obj (.text:SysCtlPeripheralPresent)
                  00000f1c    00000034                   : sysctl.obj (.text:SysCtlPeripheralEnable)
                  00000f50    00000034     rtsv7M4_T_le_v4SPD16_eabi.lib : boot_cortex_m.c.obj (.text:_c_int00_noargs:_c_int00_noargs)
                  00000f84    0000002c     driverlib.lib : gpio.obj (.text:GPIODirModeSet)
                  00000fb0    00000020                   : uart.obj (.text:UARTDisable)
                  00000fd0    00000016                   : gpio.obj (.text:GPIOPinTypeI2C)
                  00000fe6    00000016                   : gpio.obj (.text:GPIOPinTypeI2CSCL)
                  00000ffc    00000016                   : gpio.obj (.text:GPIOPinTypeUART)
                  00001012    00000014                   : uart.obj (.text:UARTEnable)
                  00001026    0000000e     rtsv7M4_T_le_v4SPD16_eabi.lib : copy_decompress_none.c.obj (.text:decompress:none:__TI_decompress_none)
                  00001034    0000000c     tm4c123gh6pm_startup_ccs.obj (.text)
                  00001040    0000000a     driverlib.lib : i2c.obj (.text:I2CMasterEnable)
                  0000104a    0000000a                   : uart.obj (.text:UARTCharGet)
                  00001054    0000000a                   : uart.obj (.text:UARTCharPut)
                  0000105e    00000008                   : i2c.obj (.text:I2CMasterBusy)
                  00001066    00000008                   : i2c.obj (.text:I2CMasterSlaveAddrSet)
                  0000106e    00000006                   : sysctl.obj (.text:SysCtlDelay)
                  00001074    00000006                   : uart.obj (.text:UARTClockSourceSet)
                  0000107a    00000004                   : i2c.obj (.text:I2CMasterControl)
                  0000107e    00000004                   : i2c.obj (.text:I2CMasterDataGet)
                  00001082    00000004                   : i2c.obj (.text:I2CMasterDataPut)
                  00001086    00000004     rtsv7M4_T_le_v4SPD16_eabi.lib : pre_init.c.obj (.text:_system_pre_init)
                  0000108a    00000004                                   : exit.c.obj (.text:abort:abort)

.const     0    00001090    0000012c     
                  00001090    00000090     driverlib.lib : gpio.obj (.const:g_pui32GPIOBaseAddrs)
                  00001120    0000006c                   : sysctl.obj (.const:g_pui32Xtals)
                  0000118c    00000012     main.obj (.const:.string)
                  0000119e    00000002     --HOLE-- [fill = 0]
                  000011a0    0000000c     main.obj (.const:g_ui32UARTBase)
                  000011ac    0000000c     main.obj (.const:g_ui32UARTPeriph)
                  000011b8    00000004     main.obj (.const)

.cinit     0    000011c0    00000018     
                  000011c0    00000008     (__TI_handler_table)
                  000011c8    00000007     (.cinit..data.load) [load image, compression = lzss]
                  000011cf    00000001     --HOLE-- [fill = 0]
                  000011d0    00000008     (__TI_cinit_table)

.init_array 
*          0    00000000    00000000     UNINITIALIZED

.data      0    20000200    00000005     UNINITIALIZED
                  20000200    00000005     main.obj (.data)

.stack     0    20000000    00000200     UNINITIALIZED
                  20000000    00000004     rtsv7M4_T_le_v4SPD16_eabi.lib : boot_cortex_m.c.obj (.stack)
                  20000004    000001fc     --HOLE--

MODULE SUMMARY

       Module                         code   ro data   rw data
       ------                         ----   -------   -------
    .\
       main.obj                       1608   46        5      
       tm4c123gh6pm_startup_ccs.obj   12     620       0      
    +--+------------------------------+------+---------+---------+
       Total:                         1620   666       5      
                                                              
    ../driverlib.lib
       sysctl.obj                     718    108       0      
       gpio.obj                       550    144       0      
       uart.obj                       148    0         0      
       i2c.obj                        114    0         0      
    +--+------------------------------+------+---------+---------+
       Total:                         1530   252       0      
                                                              
    C:\ti\ccs920\ccs\tools\compiler\ti-cgt-arm_18.12.3.LTS\lib\rtsv7M4_T_le_v4SPD16_eabi.lib
       memcpy_t2.asm.obj              156    0         0      
       copy_decompress_lzss.c.obj     104    0         0      
       autoinit.c.obj                 68     0         0      
       u_divt2.asm.obj                64     0         0      
       boot_cortex_m.c.obj            52     0         0      
       copy_decompress_none.c.obj     14     0         0      
       exit.c.obj                     4      0         0      
       pre_init.c.obj                 4      0         0      
       div0.asm.obj                   2      0         0      
    +--+------------------------------+------+---------+---------+
       Total:                         468    0         0      
                                                              
       Stack:                         0      0         512    
       Linker Generated:              0      23        0      
    +--+------------------------------+------+---------+---------+
       Grand Total:                   3618   941       517    


LINKER GENERATED COPY TABLES

__TI_cinit_table @ 000011d0 records: 1, size/record: 8, table size: 8
	.data: load addr=000011c8, load size=00000007 bytes, run addr=20000200, run size=00000005 bytes, compression=lzss


LINKER GENERATED HANDLER TABLE

__TI_handler_table @ 000011c0 records: 2, size/record: 4, table size: 8
	index: 0, handler: __TI_decompress_lzss
	index: 1, handler: __TI_decompress_none


GLOBAL SYMBOLS: SORTED ALPHABETICALLY BY Name 

address   name                          
-------   ----                          
0000108b  C$$EXIT                       
00000f85  GPIODirModeSet                
000008b5  GPIOPadConfigSet              
00000d81  GPIOPinConfigure              
00000fd1  GPIOPinTypeI2C                
00000fe7  GPIOPinTypeI2CSCL             
00000ffd  GPIOPinTypeUART               
0000105f  I2CMasterBusy                 
0000107b  I2CMasterControl              
0000107f  I2CMasterDataGet              
00001083  I2CMasterDataPut              
00001041  I2CMasterEnable               
00000dcd  I2CMasterInitExpClk           
00001067  I2CMasterSlaveAddrSet         
00000703  I2C_Init                      
0000078f  I2C_Read                      
00000743  I2C_Write                     
000007e3  InitConsole                   
00001035  ResetISR                      
00000a21  SysCtlClockGet                
00000b39  SysCtlClockSet                
0000106f  SysCtlDelay                   
00000f1d  SysCtlPeripheralEnable        
00000ee5  SysCtlPeripheralPresent       
00000d31  SysCtlPeripheralReset         
0000104b  UARTCharGet                   
00001055  UARTCharPut                   
00001075  UARTClockSourceSet            
00000e19  UARTConfigSetExpClk           
00000fb1  UARTDisable                   
00001013  UARTEnable                    
0000026d  UARTStdioConfig               
000003bd  UARTgetc                      
00000303  UARTgets                      
000006df  UARTprintf                    
000003e5  UARTvprintf                   
000002b3  UARTwrite                     
20000200  __STACK_END                   
00000200  __STACK_SIZE                  
20000200  __STACK_TOP                   
000011d0  __TI_CINIT_Base               
000011d8  __TI_CINIT_Limit              
000011c0  __TI_Handler_Table_Base       
000011c8  __TI_Handler_Table_Limit      
00000e61  __TI_auto_init_nobinit_nopinit
00000cc9  __TI_decompress_lzss          
00001027  __TI_decompress_none          
ffffffff  __TI_pprof_out_hndl           
ffffffff  __TI_prof_data_size           
ffffffff  __TI_prof_data_start          
00000000  __TI_static_base__            
00000e5f  __aeabi_idiv0                 
00000e5f  __aeabi_ldiv0                 
00000c2d  __aeabi_memcpy                
00000c2d  __aeabi_memcpy4               
00000c2d  __aeabi_memcpy8               
00000ea5  __aeabi_uidiv                 
00000ea5  __aeabi_uidivmod              
ffffffff  __binit__                     
ffffffff  __c_args__                    
UNDEFED   __mpu_init                    
20000000  __stack                       
00000f51  _c_int00_noargs               
UNDEFED   _system_post_cinit            
00001087  _system_pre_init              
0000108b  abort                         
ffffffff  binit                         
00000000  g_pfnVectors                  
0000081f  main                          
00000c2d  memcpy                        


GLOBAL SYMBOLS: SORTED BY Symbol Address 

address   name                          
-------   ----                          
00000000  __TI_static_base__            
00000000  g_pfnVectors                  
00000200  __STACK_SIZE                  
0000026d  UARTStdioConfig               
000002b3  UARTwrite                     
00000303  UARTgets                      
000003bd  UARTgetc                      
000003e5  UARTvprintf                   
000006df  UARTprintf                    
00000703  I2C_Init                      
00000743  I2C_Write                     
0000078f  I2C_Read                      
000007e3  InitConsole                   
0000081f  main                          
000008b5  GPIOPadConfigSet              
00000a21  SysCtlClockGet                
00000b39  SysCtlClockSet                
00000c2d  __aeabi_memcpy                
00000c2d  __aeabi_memcpy4               
00000c2d  __aeabi_memcpy8               
00000c2d  memcpy                        
00000cc9  __TI_decompress_lzss          
00000d31  SysCtlPeripheralReset         
00000d81  GPIOPinConfigure              
00000dcd  I2CMasterInitExpClk           
00000e19  UARTConfigSetExpClk           
00000e5f  __aeabi_idiv0                 
00000e5f  __aeabi_ldiv0                 
00000e61  __TI_auto_init_nobinit_nopinit
00000ea5  __aeabi_uidiv                 
00000ea5  __aeabi_uidivmod              
00000ee5  SysCtlPeripheralPresent       
00000f1d  SysCtlPeripheralEnable        
00000f51  _c_int00_noargs               
00000f85  GPIODirModeSet                
00000fb1  UARTDisable                   
00000fd1  GPIOPinTypeI2C                
00000fe7  GPIOPinTypeI2CSCL             
00000ffd  GPIOPinTypeUART               
00001013  UARTEnable                    
00001027  __TI_decompress_none          
00001035  ResetISR                      
00001041  I2CMasterEnable               
0000104b  UARTCharGet                   
00001055  UARTCharPut                   
0000105f  I2CMasterBusy                 
00001067  I2CMasterSlaveAddrSet         
0000106f  SysCtlDelay                   
00001075  UARTClockSourceSet            
0000107b  I2CMasterControl              
0000107f  I2CMasterDataGet              
00001083  I2CMasterDataPut              
00001087  _system_pre_init              
0000108b  C$$EXIT                       
0000108b  abort                         
000011c0  __TI_Handler_Table_Base       
000011c8  __TI_Handler_Table_Limit      
000011d0  __TI_CINIT_Base               
000011d8  __TI_CINIT_Limit              
20000000  __stack                       
20000200  __STACK_END                   
20000200  __STACK_TOP                   
ffffffff  __TI_pprof_out_hndl           
ffffffff  __TI_prof_data_size           
ffffffff  __TI_prof_data_start          
ffffffff  __binit__                     
ffffffff  __c_args__                    
ffffffff  binit                         
UNDEFED   __mpu_init                    
UNDEFED   _system_post_cinit            

[70 symbols]
