******************************************************************************
                  TI ARM Linker PC v18.12.3                    
******************************************************************************
>> Linked Thu Oct  6 14:34:29 2022

OUTPUT FILE NAME:   <SPI_LDR.out>
ENTRY POINT SYMBOL: "_c_int00_noinit_noargs"  address: 000007fd


MEMORY CONFIGURATION

         name            origin    length      used     unused   attr    fill
----------------------  --------  ---------  --------  --------  ----  --------
  FLASH                 00000000   00040000  00000984  0003f67c  R  X
  SRAM                  20000000   00008000  00000200  00007e00  RW X


SEGMENT ALLOCATION MAP

run origin  load origin   length   init length attrs members
----------  ----------- ---------- ----------- ----- -------
00000000    00000000    00000984   00000984    r-x
  00000000    00000000    0000026c   0000026c    r-- .intvecs
  0000026c    0000026c    0000061c   0000061c    r-x .text
  00000888    00000888    000000fc   000000fc    r-- .const
20000000    20000000    00000200   00000000    rw-
  20000000    20000000    00000200   00000000    rw- .stack


SECTION ALLOCATION MAP

 output                                  attributes/
section   page    origin      length       input sections
--------  ----  ----------  ----------   ----------------
.intvecs   0    00000000    0000026c     
                  00000000    0000026c     tm4c123gh6pm_startup_ccs.obj (.intvecs)

.text      0    0000026c    0000061c     
                  0000026c    0000016c     driverlib.lib : gpio.obj (.text:GPIOPadConfigSet)
                  000003d8    00000118                   : sysctl.obj (.text:SysCtlClockGet)
                  000004f0    000000f4                   : sysctl.obj (.text:SysCtlClockSet)
                  000005e4    000000b4     main.obj (.text)
                  00000698    0000007a     rtsv7M4_T_le_v4SPD16_eabi.lib : memset_t2.asm.obj (.text)
                  00000712    00000002     --HOLE-- [fill = 0]
                  00000714    0000004c     driverlib.lib : gpio.obj (.text:GPIOPinConfigure)
                  00000760    0000003c                   : ssi.obj (.text:SSIConfigSetExpClk)
                  0000079c    00000034                   : sysctl.obj (.text:SysCtlPeripheralEnable)
                  000007d0    0000002c                   : gpio.obj (.text:GPIODirModeSet)
                  000007fc    0000002c     rtsv7M4_T_le_v4SPD16_eabi.lib : boot_cortex_m.c.obj (.text:_c_int00_noinit_noargs:_c_int00_noinit_noargs)
                  00000828    00000016     driverlib.lib : gpio.obj (.text:GPIOPinTypeSSI)
                  0000083e    00000012                   : ssi.obj (.text:SSIDataGetNonBlocking)
                  00000850    0000000c                   : ssi.obj (.text:SSIDataGet)
                  0000085c    0000000c     tm4c123gh6pm_startup_ccs.obj (.text)
                  00000868    0000000a     driverlib.lib : ssi.obj (.text:SSIEnable)
                  00000872    00000008                   : ssi.obj (.text:SSIBusy)
                  0000087a    00000006                   : sysctl.obj (.text:SysCtlDelay)
                  00000880    00000004     rtsv7M4_T_le_v4SPD16_eabi.lib : pre_init.c.obj (.text:_system_pre_init)
                  00000884    00000004                                   : exit.c.obj (.text:abort:abort)

.const     0    00000888    000000fc     
                  00000888    00000090     driverlib.lib : gpio.obj (.const:g_pui32GPIOBaseAddrs)
                  00000918    0000006c                   : sysctl.obj (.const:g_pui32Xtals)

.cinit     0    00000000    00000000     UNINITIALIZED

.init_array 
*          0    00000000    00000000     UNINITIALIZED

.stack     0    20000000    00000200     UNINITIALIZED
                  20000000    00000004     rtsv7M4_T_le_v4SPD16_eabi.lib : boot_cortex_m.c.obj (.stack)
                  20000004    000001fc     --HOLE--

MODULE SUMMARY

       Module                         code   ro data   rw data
       ------                         ----   -------   -------
    .\
       tm4c123gh6pm_startup_ccs.obj   12     620       0      
       main.obj                       180    0         0      
    +--+------------------------------+------+---------+---------+
       Total:                         192    620       0      
                                                              
    ../driverlib.lib
       sysctl.obj                     582    108       0      
       gpio.obj                       506    144       0      
       ssi.obj                        108    0         0      
    +--+------------------------------+------+---------+---------+
       Total:                         1196   252       0      
                                                              
    C:\ti\ccs920\ccs\tools\compiler\ti-cgt-arm_18.12.3.LTS\lib\rtsv7M4_T_le_v4SPD16_eabi.lib
       memset_t2.asm.obj              122    0         0      
       boot_cortex_m.c.obj            44     0         0      
       exit.c.obj                     4      0         0      
       pre_init.c.obj                 4      0         0      
    +--+------------------------------+------+---------+---------+
       Total:                         174    0         0      
                                                              
       Stack:                         0      0         512    
    +--+------------------------------+------+---------+---------+
       Grand Total:                   1562   872       512    


GLOBAL SYMBOLS: SORTED ALPHABETICALLY BY Name 

address   name                  
-------   ----                  
00000885  C$$EXIT               
000007d1  GPIODirModeSet        
0000026d  GPIOPadConfigSet      
00000715  GPIOPinConfigure      
00000829  GPIOPinTypeSSI        
0000085d  ResetISR              
00000873  SSIBusy               
00000761  SSIConfigSetExpClk    
00000851  SSIDataGet            
0000083f  SSIDataGetNonBlocking 
00000869  SSIEnable             
000003d9  SysCtlClockGet        
000004f1  SysCtlClockSet        
0000087b  SysCtlDelay           
0000079d  SysCtlPeripheralEnable
20000200  __STACK_END           
00000200  __STACK_SIZE          
20000200  __STACK_TOP           
ffffffff  __TI_pprof_out_hndl   
ffffffff  __TI_prof_data_size   
ffffffff  __TI_prof_data_start  
00000000  __TI_static_base__    
00000699  __aeabi_memclr        
00000699  __aeabi_memclr4       
00000699  __aeabi_memclr8       
0000069b  __aeabi_memset        
0000069b  __aeabi_memset4       
0000069b  __aeabi_memset8       
ffffffff  __binit__             
ffffffff  __c_args__            
UNDEFED   __mpu_init            
20000000  __stack               
000007fd  _c_int00_noinit_noargs
00000881  _system_pre_init      
00000885  abort                 
ffffffff  binit                 
00000000  g_pfnVectors          
000005e5  main                  
000006a1  memset                


GLOBAL SYMBOLS: SORTED BY Symbol Address 

address   name                  
-------   ----                  
00000000  __TI_static_base__    
00000000  g_pfnVectors          
00000200  __STACK_SIZE          
0000026d  GPIOPadConfigSet      
000003d9  SysCtlClockGet        
000004f1  SysCtlClockSet        
000005e5  main                  
00000699  __aeabi_memclr        
00000699  __aeabi_memclr4       
00000699  __aeabi_memclr8       
0000069b  __aeabi_memset        
0000069b  __aeabi_memset4       
0000069b  __aeabi_memset8       
000006a1  memset                
00000715  GPIOPinConfigure      
00000761  SSIConfigSetExpClk    
0000079d  SysCtlPeripheralEnable
000007d1  GPIODirModeSet        
000007fd  _c_int00_noinit_noargs
00000829  GPIOPinTypeSSI        
0000083f  SSIDataGetNonBlocking 
00000851  SSIDataGet            
0000085d  ResetISR              
00000869  SSIEnable             
00000873  SSIBusy               
0000087b  SysCtlDelay           
00000881  _system_pre_init      
00000885  C$$EXIT               
00000885  abort                 
20000000  __stack               
20000200  __STACK_END           
20000200  __STACK_TOP           
ffffffff  __TI_pprof_out_hndl   
ffffffff  __TI_prof_data_size   
ffffffff  __TI_prof_data_start  
ffffffff  __binit__             
ffffffff  __c_args__            
ffffffff  binit                 
UNDEFED   __mpu_init            

[39 symbols]
