******************************************************************************
                  TI ARM Linker PC v18.12.3                    
******************************************************************************
>> Linked Wed Jan 27 10:28:45 2021

OUTPUT FILE NAME:   <I2C_Slave_SMSS.out>
ENTRY POINT SYMBOL: "_c_int00_noargs"  address: 00000ecd


MEMORY CONFIGURATION

         name            origin    length      used     unused   attr    fill
----------------------  --------  ---------  --------  --------  ----  --------
  FLASH                 00000000   00040000  0000122c  0003edd4  R  X
  SRAM                  20000000   00008000  00000479  00007b87  RW X


SEGMENT ALLOCATION MAP

run origin  load origin   length   init length attrs members
----------  ----------- ---------- ----------- ----- -------
00000000    00000000    00001230   00001230    r-x
  00000000    00000000    0000026c   0000026c    r-- .intvecs
  0000026c    0000026c    00000e2c   00000e2c    r-x .text
  00001098    00001098    00000154   00000154    r-- .const
  000011f0    000011f0    00000040   00000040    r-- .cinit
20000000    20000000    00000479   00000000    rw-
  20000000    20000000    0000026c   00000000    rw- .vtable
  2000026c    2000026c    00000004   00000000    rw- .bss
  20000270    20000270    00000200   00000000    rw- .stack
  20000470    20000470    00000009   00000000    rw- .data


SECTION ALLOCATION MAP

 output                                  attributes/
section   page    origin      length       input sections
--------  ----  ----------  ----------   ----------------
.intvecs   0    00000000    0000026c     
                  00000000    0000026c     tm4c123gh6pm_startup_ccs.obj (.intvecs)

.text      0    0000026c    00000e2c     
                  0000026c    0000064c     main.obj (.text)
                  000008b8    0000016c     driverlib.lib : gpio.obj (.text:GPIOPadConfigSet)
                  00000a24    000000f4                   : sysctl.obj (.text:SysCtlClockSet)
                  00000b18    0000009c     rtsv7M4_T_le_v4SPD16_eabi.lib : memcpy_t2.asm.obj (.text)
                  00000bb4    00000068     driverlib.lib : interrupt.obj (.text:IntEnable)
                  00000c1c    00000068     rtsv7M4_T_le_v4SPD16_eabi.lib : copy_decompress_lzss.c.obj (.text:decompress:lzss:__TI_decompress_lzss)
                  00000c84    00000050     driverlib.lib : sysctl.obj (.text:SysCtlPeripheralReset)
                  00000cd4    0000004c                   : gpio.obj (.text:GPIOPinConfigure)
                  00000d20    00000046                   : uart.obj (.text:UARTConfigSetExpClk)
                  00000d66    00000002     rtsv7M4_T_le_v4SPD16_eabi.lib : div0.asm.obj (.text)
                  00000d68    00000044                                   : autoinit.c.obj (.text:__TI_auto_init_nobinit_nopinit:__TI_auto_init_nobinit_nopinit)
                  00000dac    00000040     driverlib.lib : i2c.obj (.text:_I2CIntNumberGet)
                  00000dec    00000040     rtsv7M4_T_le_v4SPD16_eabi.lib : u_divt2.asm.obj (.text)
                  00000e2c    00000038     driverlib.lib : sysctl.obj (.text:SysCtlPeripheralPresent)
                  00000e64    00000034                   : interrupt.obj (.text:IntRegister)
                  00000e98    00000034                   : sysctl.obj (.text:SysCtlPeripheralEnable)
                  00000ecc    00000034     rtsv7M4_T_le_v4SPD16_eabi.lib : boot_cortex_m.c.obj (.text:_c_int00_noargs:_c_int00_noargs)
                  00000f00    0000002c     driverlib.lib : gpio.obj (.text:GPIODirModeSet)
                  00000f2c    00000020                   : uart.obj (.text:UARTDisable)
                  00000f4c    0000001c     rtsv7M4_T_le_v4SPD16_eabi.lib : copy_zero_init.c.obj (.text:decompress:ZI:__TI_zero_init_nomemset:__TI_zero_init_nomemset)
                  00000f68    0000001a     driverlib.lib : gpio.obj (.text:GPIOPinTypeGPIOOutput)
                  00000f82    00000018                   : i2c.obj (.text:I2CIntRegister)
                  00000f9a    00000016                   : gpio.obj (.text:GPIOPinTypeI2C)
                  00000fb0    00000016                   : gpio.obj (.text:GPIOPinTypeI2CSCL)
                  00000fc6    00000016                   : gpio.obj (.text:GPIOPinTypeUART)
                  00000fdc    00000014                   : uart.obj (.text:UARTEnable)
                  00000ff0    00000010                   : i2c.obj (.text:I2CSlaveEnable)
                  00001000    00000010                   : interrupt.obj (.text:IntMasterEnable)
                  00001010    0000000e                   : i2c.obj (.text:I2CSlaveInit)
                  0000101e    0000000e     rtsv7M4_T_le_v4SPD16_eabi.lib : copy_decompress_none.c.obj (.text:decompress:none:__TI_decompress_none)
                  0000102c    0000000c     driverlib.lib : cpu.obj (.text:CPUcpsie)
                  00001038    0000000c                   : i2c.obj (.text:I2CSlaveIntEnableEx)
                  00001044    0000000c     tm4c123gh6pm_startup_ccs.obj (.text)
                  00001050    0000000a     driverlib.lib : uart.obj (.text:UARTCharGet)
                  0000105a    0000000a                   : uart.obj (.text:UARTCharPut)
                  00001064    00000008                   : i2c.obj (.text:I2CSlaveIntClear)
                  0000106c    00000006                   : gpio.obj (.text:GPIOPinWrite)
                  00001072    00000006                   : i2c.obj (.text:I2CSlaveDataGet)
                  00001078    00000006                   : i2c.obj (.text:I2CSlaveDataPut)
                  0000107e    00000006                   : i2c.obj (.text:I2CSlaveStatus)
                  00001084    00000006                   : sysctl.obj (.text:SysCtlDelay)
                  0000108a    00000006                   : uart.obj (.text:UARTClockSourceSet)
                  00001090    00000004     rtsv7M4_T_le_v4SPD16_eabi.lib : pre_init.c.obj (.text:_system_pre_init)
                  00001094    00000004                                   : exit.c.obj (.text:abort:abort)

.const     0    00001098    00000154     
                  00001098    00000090     driverlib.lib : gpio.obj (.const:g_pui32GPIOBaseAddrs)
                  00001128    00000050                   : i2c.obj (.const:g_ppui32I2CIntMapSnowflake)
                  00001178    00000030                   : i2c.obj (.const:g_ppui32I2CIntMap)
                  000011a8    00000014                   : interrupt.obj (.const:g_pui32EnRegs)
                  000011bc    00000012     main.obj (.const:.string)
                  000011ce    00000002     --HOLE-- [fill = 0]
                  000011d0    0000000c     main.obj (.const:g_ui32UARTBase)
                  000011dc    0000000c     main.obj (.const:g_ui32UARTPeriph)
                  000011e8    00000004     main.obj (.const)

.cinit     0    000011f0    00000040     
                  000011f0    0000000c     (__TI_handler_table)
                  000011fc    0000000a     (.cinit..data.load) [load image, compression = lzss]
                  00001206    00000002     --HOLE-- [fill = 0]
                  00001208    00000008     (.cinit..bss.load) [load image, compression = zero_init]
                  00001210    00000008     (.cinit..vtable.load) [load image, compression = zero_init]
                  00001218    00000018     (__TI_cinit_table)

.init_array 
*          0    00000000    00000000     UNINITIALIZED

.vtable    0    20000000    0000026c     UNINITIALIZED
                  20000000    0000026c     driverlib.lib : interrupt.obj (.vtable)

.bss       0    2000026c    00000004     UNINITIALIZED
                  2000026c    00000004     main.obj (.bss)

.data      0    20000470    00000009     UNINITIALIZED
                  20000470    00000009     main.obj (.data)

.stack     0    20000270    00000200     UNINITIALIZED
                  20000270    00000004     rtsv7M4_T_le_v4SPD16_eabi.lib : boot_cortex_m.c.obj (.stack)
                  20000274    000001fc     --HOLE--

MODULE SUMMARY

       Module                         code   ro data   rw data
       ------                         ----   -------   -------
    .\
       main.obj                       1612   46        13     
       tm4c123gh6pm_startup_ccs.obj   12     620       0      
    +--+------------------------------+------+---------+---------+
       Total:                         1624   666       13     
                                                              
    ../driverlib.lib
       interrupt.obj                  172    20        620    
       gpio.obj                       582    144       0      
       sysctl.obj                     438    0         0      
       i2c.obj                        156    128       0      
       uart.obj                       148    0         0      
       cpu.obj                        12     0         0      
    +--+------------------------------+------+---------+---------+
       Total:                         1508   292       620    
                                                              
    C:\ti\ccs920\ccs\tools\compiler\ti-cgt-arm_18.12.3.LTS\lib\rtsv7M4_T_le_v4SPD16_eabi.lib
       memcpy_t2.asm.obj              156    0         0      
       copy_decompress_lzss.c.obj     104    0         0      
       autoinit.c.obj                 68     0         0      
       u_divt2.asm.obj                64     0         0      
       boot_cortex_m.c.obj            52     0         0      
       copy_zero_init.c.obj           28     0         0      
       copy_decompress_none.c.obj     14     0         0      
       exit.c.obj                     4      0         0      
       pre_init.c.obj                 4      0         0      
       div0.asm.obj                   2      0         0      
    +--+------------------------------+------+---------+---------+
       Total:                         496    0         0      
                                                              
       Stack:                         0      0         512    
       Linker Generated:              0      62        0      
    +--+------------------------------+------+---------+---------+
       Grand Total:                   3628   1020      1145   


LINKER GENERATED COPY TABLES

__TI_cinit_table @ 00001218 records: 3, size/record: 8, table size: 24
	.data: load addr=000011fc, load size=0000000a bytes, run addr=20000470, run size=00000009 bytes, compression=lzss
	.bss: load addr=00001208, load size=00000008 bytes, run addr=2000026c, run size=00000004 bytes, compression=zero_init
	.vtable: load addr=00001210, load size=00000008 bytes, run addr=20000000, run size=0000026c bytes, compression=zero_init


LINKER GENERATED HANDLER TABLE

__TI_handler_table @ 000011f0 records: 3, size/record: 4, table size: 12
	index: 0, handler: __TI_zero_init
	index: 1, handler: __TI_decompress_lzss
	index: 2, handler: __TI_decompress_none


GLOBAL SYMBOLS: SORTED ALPHABETICALLY BY Name 

address   name                          
-------   ----                          
00001095  C$$EXIT                       
0000102d  CPUcpsie                      
00000f01  GPIODirModeSet                
000008b9  GPIOPadConfigSet              
00000cd5  GPIOPinConfigure              
00000f69  GPIOPinTypeGPIOOutput         
00000f9b  GPIOPinTypeI2C                
00000fb1  GPIOPinTypeI2CSCL             
00000fc7  GPIOPinTypeUART               
0000106d  GPIOPinWrite                  
0000071b  I2C0SlaveIntHandler           
0000078b  I2C0_Init                     
00000703  I2C0_Send                     
00000f83  I2CIntRegister                
00001073  I2CSlaveDataGet               
00001079  I2CSlaveDataPut               
00000ff1  I2CSlaveEnable                
00001011  I2CSlaveInit                  
00001065  I2CSlaveIntClear              
00001039  I2CSlaveIntEnableEx           
0000107f  I2CSlaveStatus                
0000074f  InitConsole                   
00000bb5  IntEnable                     
00001001  IntMasterEnable               
00000e65  IntRegister                   
00001045  ResetISR                      
00000a25  SysCtlClockSet                
00001085  SysCtlDelay                   
00000e99  SysCtlPeripheralEnable        
00000e2d  SysCtlPeripheralPresent       
00000c85  SysCtlPeripheralReset         
00001051  UARTCharGet                   
0000105b  UARTCharPut                   
0000108b  UARTClockSourceSet            
00000d21  UARTConfigSetExpClk           
00000f2d  UARTDisable                   
00000fdd  UARTEnable                    
0000026d  UARTStdioConfig               
000003bd  UARTgetc                      
00000303  UARTgets                      
000006df  UARTprintf                    
000003e5  UARTvprintf                   
000002b3  UARTwrite                     
20000470  __STACK_END                   
00000200  __STACK_SIZE                  
20000470  __STACK_TOP                   
00001218  __TI_CINIT_Base               
00001230  __TI_CINIT_Limit              
000011f0  __TI_Handler_Table_Base       
000011fc  __TI_Handler_Table_Limit      
00000d69  __TI_auto_init_nobinit_nopinit
00000c1d  __TI_decompress_lzss          
0000101f  __TI_decompress_none          
ffffffff  __TI_pprof_out_hndl           
ffffffff  __TI_prof_data_size           
ffffffff  __TI_prof_data_start          
00000000  __TI_static_base__            
00000f4d  __TI_zero_init_nomemset       
00000d67  __aeabi_idiv0                 
00000d67  __aeabi_ldiv0                 
00000b19  __aeabi_memcpy                
00000b19  __aeabi_memcpy4               
00000b19  __aeabi_memcpy8               
00000ded  __aeabi_uidiv                 
00000ded  __aeabi_uidivmod              
ffffffff  __binit__                     
ffffffff  __c_args__                    
UNDEFED   __mpu_init                    
20000270  __stack                       
00000ecd  _c_int00_noargs               
UNDEFED   _system_post_cinit            
00001091  _system_pre_init              
00001095  abort                         
ffffffff  binit                         
20000000  g_pfnRAMVectors               
00000000  g_pfnVectors                  
000007e7  main                          
00000b19  memcpy                        


GLOBAL SYMBOLS: SORTED BY Symbol Address 

address   name                          
-------   ----                          
00000000  __TI_static_base__            
00000000  g_pfnVectors                  
00000200  __STACK_SIZE                  
0000026d  UARTStdioConfig               
000002b3  UARTwrite                     
00000303  UARTgets                      
000003bd  UARTgetc                      
000003e5  UARTvprintf                   
000006df  UARTprintf                    
00000703  I2C0_Send                     
0000071b  I2C0SlaveIntHandler           
0000074f  InitConsole                   
0000078b  I2C0_Init                     
000007e7  main                          
000008b9  GPIOPadConfigSet              
00000a25  SysCtlClockSet                
00000b19  __aeabi_memcpy                
00000b19  __aeabi_memcpy4               
00000b19  __aeabi_memcpy8               
00000b19  memcpy                        
00000bb5  IntEnable                     
00000c1d  __TI_decompress_lzss          
00000c85  SysCtlPeripheralReset         
00000cd5  GPIOPinConfigure              
00000d21  UARTConfigSetExpClk           
00000d67  __aeabi_idiv0                 
00000d67  __aeabi_ldiv0                 
00000d69  __TI_auto_init_nobinit_nopinit
00000ded  __aeabi_uidiv                 
00000ded  __aeabi_uidivmod              
00000e2d  SysCtlPeripheralPresent       
00000e65  IntRegister                   
00000e99  SysCtlPeripheralEnable        
00000ecd  _c_int00_noargs               
00000f01  GPIODirModeSet                
00000f2d  UARTDisable                   
00000f4d  __TI_zero_init_nomemset       
00000f69  GPIOPinTypeGPIOOutput         
00000f83  I2CIntRegister                
00000f9b  GPIOPinTypeI2C                
00000fb1  GPIOPinTypeI2CSCL             
00000fc7  GPIOPinTypeUART               
00000fdd  UARTEnable                    
00000ff1  I2CSlaveEnable                
00001001  IntMasterEnable               
00001011  I2CSlaveInit                  
0000101f  __TI_decompress_none          
0000102d  CPUcpsie                      
00001039  I2CSlaveIntEnableEx           
00001045  ResetISR                      
00001051  UARTCharGet                   
0000105b  UARTCharPut                   
00001065  I2CSlaveIntClear              
0000106d  GPIOPinWrite                  
00001073  I2CSlaveDataGet               
00001079  I2CSlaveDataPut               
0000107f  I2CSlaveStatus                
00001085  SysCtlDelay                   
0000108b  UARTClockSourceSet            
00001091  _system_pre_init              
00001095  C$$EXIT                       
00001095  abort                         
000011f0  __TI_Handler_Table_Base       
000011fc  __TI_Handler_Table_Limit      
00001218  __TI_CINIT_Base               
00001230  __TI_CINIT_Limit              
20000000  g_pfnRAMVectors               
20000270  __stack                       
20000470  __STACK_END                   
20000470  __STACK_TOP                   
ffffffff  __TI_pprof_out_hndl           
ffffffff  __TI_prof_data_size           
ffffffff  __TI_prof_data_start          
ffffffff  __binit__                     
ffffffff  __c_args__                    
ffffffff  binit                         
UNDEFED   __mpu_init                    
UNDEFED   _system_post_cinit            

[78 symbols]
