******************************************************************************
                  TI ARM Linker PC v18.12.3                    
******************************************************************************
>> Linked Thu May 26 20:13:09 2022

OUTPUT FILE NAME:   <Z_Attendance_system.out>
ENTRY POINT SYMBOL: "_c_int00_noargs"  address: 00001301


MEMORY CONFIGURATION

         name            origin    length      used     unused   attr    fill
----------------------  --------  ---------  --------  --------  ----  --------
  FLASH                 00000000   00040000  000016a2  0003e95e  R  X
  SRAM                  20000000   00008000  000004f1  00007b0f  RW X


SEGMENT ALLOCATION MAP

run origin  load origin   length   init length attrs members
----------  ----------- ---------- ----------- ----- -------
00000000    00000000    000016a8   000016a8    r-x
  00000000    00000000    0000026c   0000026c    r-- .intvecs
  0000026c    0000026c    00001252   00001252    r-x .text
  000014c0    000014c0    00000174   00000174    r-- .const
  00001638    00001638    00000070   00000070    r-- .cinit
20000000    20000000    000004f5   00000000    rw-
  20000000    20000000    0000026c   00000000    rw- .vtable
  20000270    20000270    00000200   00000000    rw- .stack
  20000470    20000470    00000068   00000000    rw- .data
  200004d8    200004d8    00000010   00000000    rw- .sysmem
  200004e8    200004e8    0000000d   00000000    rw- .bss


SECTION ALLOCATION MAP

 output                                  attributes/
section   page    origin      length       input sections
--------  ----  ----------  ----------   ----------------
.intvecs   0    00000000    0000026c     
                  00000000    0000026c     tm4c123gh6pm_startup_ccs.obj (.intvecs)

.text      0    0000026c    00001252     
                  0000026c    000006c0     main.obj (.text)
                  0000092c    0000016c     driverlib.lib : gpio.obj (.text:GPIOPadConfigSet)
                  00000a98    0000014c     print.obj (.text)
                  00000be4    000000f4     driverlib.lib : sysctl.obj (.text:SysCtlClockSet)
                  00000cd8    000000f4     rtsv7M4_T_le_v4SPD16_eabi.lib : memory.c.obj (.text:aligned_alloc)
                  00000dcc    000000e8                                   : memory.c.obj (.text:free)
                  00000eb4    0000009c                                   : memcpy_t2.asm.obj (.text)
                  00000f50    0000007c                                   : memory.c.obj (.text:split)
                  00000fcc    00000068     driverlib.lib : interrupt.obj (.text:IntEnable)
                  00001034    00000068     rtsv7M4_T_le_v4SPD16_eabi.lib : copy_decompress_lzss.c.obj (.text:decompress:lzss:__TI_decompress_lzss)
                  0000109c    00000060     driverlib.lib : timer.obj (.text:TimerConfigure)
                  000010fc    0000004c                   : gpio.obj (.text:GPIOPinConfigure)
                  00001148    0000004c                   : timer.obj (.text:_TimerIntNumberGet)
                  00001194    00000046                   : uart.obj (.text:UARTConfigSetExpClk)
                  000011da    00000002     rtsv7M4_T_le_v4SPD16_eabi.lib : _lock.c.obj (.text:_nop)
                  000011dc    00000044                                   : autoinit.c.obj (.text:__TI_auto_init_nobinit_nopinit:__TI_auto_init_nobinit_nopinit)
                  00001220    00000040                                   : u_divt2.asm.obj (.text)
                  00001260    00000038     driverlib.lib : sysctl.obj (.text:SysCtlPeripheralPresent)
                  00001298    00000034                   : interrupt.obj (.text:IntRegister)
                  000012cc    00000034                   : sysctl.obj (.text:SysCtlPeripheralEnable)
                  00001300    00000034     rtsv7M4_T_le_v4SPD16_eabi.lib : boot_cortex_m.c.obj (.text:_c_int00_noargs:_c_int00_noargs)
                  00001334    0000002c     driverlib.lib : gpio.obj (.text:GPIODirModeSet)
                  00001360    00000028     rtsv7M4_T_le_v4SPD16_eabi.lib : memory.c.obj (.text:free_list_insert)
                  00001388    00000020     driverlib.lib : uart.obj (.text:UARTDisable)
                  000013a8    0000001c     rtsv7M4_T_le_v4SPD16_eabi.lib : copy_zero_init.c.obj (.text:decompress:ZI:__TI_zero_init_nomemset:__TI_zero_init_nomemset)
                  000013c4    0000001c                                   : memory.c.obj (.text:free_list_remove)
                  000013e0    0000001a     driverlib.lib : gpio.obj (.text:GPIOPinTypeGPIOOutput)
                  000013fa    00000018                   : timer.obj (.text:TimerIntRegister)
                  00001412    00000016                   : gpio.obj (.text:GPIOPinTypeGPIOInput)
                  00001428    00000016                   : gpio.obj (.text:GPIOPinTypeUART)
                  0000143e    00000014                   : uart.obj (.text:UARTEnable)
                  00001452    0000000e                   : timer.obj (.text:TimerEnable)
                  00001460    0000000e     rtsv7M4_T_le_v4SPD16_eabi.lib : copy_decompress_none.c.obj (.text:decompress:none:__TI_decompress_none)
                  0000146e    0000000c     tm4c123gh6pm_startup_ccs.obj (.text)
                  0000147a    0000000a     driverlib.lib : uart.obj (.text:UARTCharGet)
                  00001484    0000000a                   : uart.obj (.text:UARTCharPut)
                  0000148e    00000008                   : timer.obj (.text:TimerIntEnable)
                  00001496    00000008     rtsv7M4_T_le_v4SPD16_eabi.lib : memory.c.obj (.text:malloc)
                  0000149e    00000006     driverlib.lib : sysctl.obj (.text:SysCtlDelay)
                  000014a4    00000006                   : timer.obj (.text:TimerLoadSet64)
                  000014aa    00000006                   : uart.obj (.text:UARTClockSourceSet)
                  000014b0    00000004                   : timer.obj (.text:TimerIntClear)
                  000014b4    00000004     rtsv7M4_T_le_v4SPD16_eabi.lib : pre_init.c.obj (.text:_system_pre_init)
                  000014b8    00000004                                   : exit.c.obj (.text:abort:abort)
                  000014bc    00000002                                   : div0.asm.obj (.text)

.const     0    000014c0    00000174     
                  000014c0    00000090     driverlib.lib : gpio.obj (.const:g_pui32GPIOBaseAddrs)
                  00001550    00000060                   : timer.obj (.const:g_ppui32TimerIntMap)
                  000015b0    00000040                   : timer.obj (.const:g_ppui32TimerIntMapSnowflake)
                  000015f0    00000014                   : interrupt.obj (.const:g_pui32EnRegs)
                  00001604    00000012     main.obj (.const:.string)
                  00001616    00000002     --HOLE-- [fill = 0]
                  00001618    0000000c     main.obj (.const:g_ui32UARTBase)
                  00001624    0000000c     main.obj (.const:g_ui32UARTPeriph)
                  00001630    00000004     main.obj (.const)

.cinit     0    00001638    00000070     
                  00001638    00000036     (.cinit..data.load) [load image, compression = lzss]
                  0000166e    00000002     --HOLE-- [fill = 0]
                  00001670    0000000c     (__TI_handler_table)
                  0000167c    00000004     --HOLE-- [fill = 0]
                  00001680    00000008     (.cinit..bss.load) [load image, compression = zero_init]
                  00001688    00000008     (.cinit..vtable.load) [load image, compression = zero_init]
                  00001690    00000018     (__TI_cinit_table)

.init_array 
*          0    00000000    00000000     UNINITIALIZED

.vtable    0    20000000    0000026c     UNINITIALIZED
                  20000000    0000026c     driverlib.lib : interrupt.obj (.vtable)

.stack     0    20000270    00000200     UNINITIALIZED
                  20000270    00000004     rtsv7M4_T_le_v4SPD16_eabi.lib : boot_cortex_m.c.obj (.stack)
                  20000274    000001fc     --HOLE--

.data      0    20000470    00000068     UNINITIALIZED
                  20000470    00000041     main.obj (.data)
                  200004b1    0000000b     main.obj (.data:User1)
                  200004bc    0000000b     main.obj (.data:User2)
                  200004c7    00000001     --HOLE--
                  200004c8    00000008     rtsv7M4_T_le_v4SPD16_eabi.lib : _lock.c.obj (.data:$O1$$)
                  200004d0    00000008                                   : memory.c.obj (.data:$O1$$)

.sysmem    0    200004d8    00000010     UNINITIALIZED
                  200004d8    00000010     rtsv7M4_T_le_v4SPD16_eabi.lib : memory.c.obj (.sysmem)

.bss       0    200004e8    0000000d     UNINITIALIZED
                  200004e8    0000000c     (.common:dest)
                  200004f4    00000001     (.common:data)

MODULE SUMMARY

       Module                         code   ro data   rw data
       ------                         ----   -------   -------
    .\
       main.obj                       1728   46        100    
       tm4c123gh6pm_startup_ccs.obj   12     620       0      
       print.obj                      332    0         0      
    +--+------------------------------+------+---------+---------+
       Total:                         2072   666       100    
                                                              
    ../driverlib.lib
       interrupt.obj                  156    20        620    
       gpio.obj                       554    144       0      
       timer.obj                      228    160       0      
       sysctl.obj                     358    0         0      
       uart.obj                       148    0         0      
    +--+------------------------------+------+---------+---------+
       Total:                         1444   324       620    
                                                              
    C:\ti\ccs920\ccs\tools\compiler\ti-cgt-arm_18.12.3.LTS\lib\rtsv7M4_T_le_v4SPD16_eabi.lib
       memory.c.obj                   676    0         8      
       memcpy_t2.asm.obj              156    0         0      
       copy_decompress_lzss.c.obj     104    0         0      
       autoinit.c.obj                 68     0         0      
       u_divt2.asm.obj                64     0         0      
       boot_cortex_m.c.obj            52     0         0      
       copy_zero_init.c.obj           28     0         0      
       copy_decompress_none.c.obj     14     0         0      
       _lock.c.obj                    2      0         8      
       exit.c.obj                     4      0         0      
       pre_init.c.obj                 4      0         0      
       div0.asm.obj                   2      0         0      
    +--+------------------------------+------+---------+---------+
       Total:                         1174   0         16     
                                                              
       Heap:                          0      0         16     
       Stack:                         0      0         512    
       Linker Generated:              0      106       0      
    +--+------------------------------+------+---------+---------+
       Grand Total:                   4690   1096      1264   


LINKER GENERATED COPY TABLES

__TI_cinit_table @ 00001690 records: 3, size/record: 8, table size: 24
	.data: load addr=00001638, load size=00000036 bytes, run addr=20000470, run size=00000068 bytes, compression=lzss
	.bss: load addr=00001680, load size=00000008 bytes, run addr=200004e8, run size=0000000d bytes, compression=zero_init
	.vtable: load addr=00001688, load size=00000008 bytes, run addr=20000000, run size=0000026c bytes, compression=zero_init


LINKER GENERATED HANDLER TABLE

__TI_handler_table @ 00001670 records: 3, size/record: 4, table size: 12
	index: 0, handler: __TI_zero_init
	index: 1, handler: __TI_decompress_lzss
	index: 2, handler: __TI_decompress_none


GLOBAL SYMBOLS: SORTED ALPHABETICALLY BY Name 

address   name                          
-------   ----                          
000014b9  C$$EXIT                       
00001335  GPIODirModeSet                
0000092d  GPIOPadConfigSet              
000010fd  GPIOPinConfigure              
00001413  GPIOPinTypeGPIOInput          
000013e1  GPIOPinTypeGPIOOutput         
00001429  GPIOPinTypeUART               
00000fcd  IntEnable                     
00001299  IntRegister                   
0000146f  ResetISR                      
00000be5  SysCtlClockSet                
0000149f  SysCtlDelay                   
000012cd  SysCtlPeripheralEnable        
00001261  SysCtlPeripheralPresent       
00000797  Timer0IntHandler              
0000109d  TimerConfigure                
00001453  TimerEnable                   
000014b1  TimerIntClear                 
0000148f  TimerIntEnable                
000013fb  TimerIntRegister              
000014a5  TimerLoadSet64                
0000147b  UARTCharGet                   
00001485  UARTCharPut                   
000014ab  UARTClockSourceSet            
00001195  UARTConfigSetExpClk           
00001389  UARTDisable                   
0000143f  UARTEnable                    
0000026d  UARTStdioConfig               
00000adb  UART_1                        
000003bd  UARTgetc                      
00000303  UARTgets                      
000006df  UARTprintf                    
000003e5  UARTvprintf                   
000002b3  UARTwrite                     
200004b1  User1                         
200004bc  User2                         
20000470  __STACK_END                   
00000200  __STACK_SIZE                  
20000470  __STACK_TOP                   
00000010  __SYSMEM_SIZE                 
00001690  __TI_CINIT_Base               
000016a8  __TI_CINIT_Limit              
00001670  __TI_Handler_Table_Base       
0000167c  __TI_Handler_Table_Limit      
000011dd  __TI_auto_init_nobinit_nopinit
00001035  __TI_decompress_lzss          
00001461  __TI_decompress_none          
ffffffff  __TI_pprof_out_hndl           
ffffffff  __TI_prof_data_size           
ffffffff  __TI_prof_data_start          
00000000  __TI_static_base__            
000013a9  __TI_zero_init_nomemset       
000014bd  __aeabi_idiv0                 
000014bd  __aeabi_ldiv0                 
00000eb5  __aeabi_memcpy                
00000eb5  __aeabi_memcpy4               
00000eb5  __aeabi_memcpy8               
00001221  __aeabi_uidiv                 
00001221  __aeabi_uidivmod              
ffffffff  __binit__                     
ffffffff  __c_args__                    
UNDEFED   __mpu_init                    
20000270  __stack                       
00001301  _c_int00_noargs               
200004c8  _lock                         
000011db  _nop                          
200004d8  _sys_memory                   
UNDEFED   _system_post_cinit            
000014b5  _system_pre_init              
200004cc  _unlock                       
000014b9  abort                         
00000cd9  aligned_alloc                 
20000494  avg                           
20000488  balance_blue                  
20000484  balance_red                   
ffffffff  binit                         
20000490  blue                          
20000480  check                         
200004f4  data                          
200004e8  dest                          
20000478  flag                          
00000dcd  free                          
20000000  g_pfnRAMVectors               
00000000  g_pfnVectors                  
20000474  i                             
00000b41  i_to_a                        
2000047c  j                             
00000703  main                          
00001497  malloc                        
00000cd9  memalign                      
00000eb5  memcpy                        
00000b15  no_of_digits                  
20000498  one_min                       
200004a8  one_sec                       
200004a0  oneflag                       
00000a99  print_init                    
2000048c  red                           


GLOBAL SYMBOLS: SORTED BY Symbol Address 

address   name                          
-------   ----                          
00000000  __TI_static_base__            
00000000  g_pfnVectors                  
00000010  __SYSMEM_SIZE                 
00000200  __STACK_SIZE                  
0000026d  UARTStdioConfig               
000002b3  UARTwrite                     
00000303  UARTgets                      
000003bd  UARTgetc                      
000003e5  UARTvprintf                   
000006df  UARTprintf                    
00000703  main                          
00000797  Timer0IntHandler              
0000092d  GPIOPadConfigSet              
00000a99  print_init                    
00000adb  UART_1                        
00000b15  no_of_digits                  
00000b41  i_to_a                        
00000be5  SysCtlClockSet                
00000cd9  aligned_alloc                 
00000cd9  memalign                      
00000dcd  free                          
00000eb5  __aeabi_memcpy                
00000eb5  __aeabi_memcpy4               
00000eb5  __aeabi_memcpy8               
00000eb5  memcpy                        
00000fcd  IntEnable                     
00001035  __TI_decompress_lzss          
0000109d  TimerConfigure                
000010fd  GPIOPinConfigure              
00001195  UARTConfigSetExpClk           
000011db  _nop                          
000011dd  __TI_auto_init_nobinit_nopinit
00001221  __aeabi_uidiv                 
00001221  __aeabi_uidivmod              
00001261  SysCtlPeripheralPresent       
00001299  IntRegister                   
000012cd  SysCtlPeripheralEnable        
00001301  _c_int00_noargs               
00001335  GPIODirModeSet                
00001389  UARTDisable                   
000013a9  __TI_zero_init_nomemset       
000013e1  GPIOPinTypeGPIOOutput         
000013fb  TimerIntRegister              
00001413  GPIOPinTypeGPIOInput          
00001429  GPIOPinTypeUART               
0000143f  UARTEnable                    
00001453  TimerEnable                   
00001461  __TI_decompress_none          
0000146f  ResetISR                      
0000147b  UARTCharGet                   
00001485  UARTCharPut                   
0000148f  TimerIntEnable                
00001497  malloc                        
0000149f  SysCtlDelay                   
000014a5  TimerLoadSet64                
000014ab  UARTClockSourceSet            
000014b1  TimerIntClear                 
000014b5  _system_pre_init              
000014b9  C$$EXIT                       
000014b9  abort                         
000014bd  __aeabi_idiv0                 
000014bd  __aeabi_ldiv0                 
00001670  __TI_Handler_Table_Base       
0000167c  __TI_Handler_Table_Limit      
00001690  __TI_CINIT_Base               
000016a8  __TI_CINIT_Limit              
20000000  g_pfnRAMVectors               
20000270  __stack                       
20000470  __STACK_END                   
20000470  __STACK_TOP                   
20000474  i                             
20000478  flag                          
2000047c  j                             
20000480  check                         
20000484  balance_red                   
20000488  balance_blue                  
2000048c  red                           
20000490  blue                          
20000494  avg                           
20000498  one_min                       
200004a0  oneflag                       
200004a8  one_sec                       
200004b1  User1                         
200004bc  User2                         
200004c8  _lock                         
200004cc  _unlock                       
200004d8  _sys_memory                   
200004e8  dest                          
200004f4  data                          
ffffffff  __TI_pprof_out_hndl           
ffffffff  __TI_prof_data_size           
ffffffff  __TI_prof_data_start          
ffffffff  __binit__                     
ffffffff  __c_args__                    
ffffffff  binit                         
UNDEFED   __mpu_init                    
UNDEFED   _system_post_cinit            

[97 symbols]
